2018-07-31 20:59:28,213 - INFO : ---------LOG START-------------
2018-07-31 21:00:08,819 - INFO : ---------LOG START-------------
2018-07-31 21:00:12,828 - WARNING : serial closed
2018-07-31 21:00:51,743 - INFO : ---------LOG START-------------
2018-07-31 21:02:21,636 - INFO : ---------LOG START-------------
2018-07-31 21:03:20,219 - INFO : ---------LOG START-------------
2018-07-31 21:06:22,840 - INFO : ---------LOG START-------------
2018-07-31 21:19:54,122 - INFO : ---------LOG START-------------
2018-07-31 21:20:20,235 - INFO : ---------LOG START-------------
2018-07-31 21:20:29,245 - WARNING : serial closed
2018-07-31 21:21:19,632 - INFO : ---------LOG START-------------
2018-07-31 21:21:28,643 - WARNING : serial closed
2018-07-31 21:22:25,003 - INFO : ---------LOG START-------------
2018-07-31 21:24:11,136 - INFO : ---------LOG START-------------
2018-07-31 21:25:09,124 - INFO : ---------LOG START-------------
2018-07-31 21:25:43,159 - INFO : ---------LOG START-------------
2018-07-31 21:25:57,809 - INFO : ---------LOG START-------------
2018-07-31 21:27:08,898 - INFO : ---------LOG START-------------
2018-07-31 21:28:48,662 - INFO : ---------LOG START-------------
2018-07-31 21:31:53,542 - INFO : ---------LOG START-------------
2018-07-31 21:34:10,533 - INFO : ---------LOG START-------------
2018-07-31 21:35:42,194 - INFO : ---------LOG START-------------
2018-07-31 21:36:45,377 - INFO : ---------LOG START-------------
2018-07-31 21:36:49,210 - INFO : ---------LOG START-------------
2018-07-31 21:37:04,505 - INFO : ---------LOG START-------------
2018-07-31 21:38:20,481 - INFO : ---------LOG START-------------
2018-07-31 21:43:37,315 - INFO : ---------LOG START-------------
2018-07-31 21:53:54,320 - WARNING : sent <s>: stopped streaming
2018-07-31 21:53:54,322 - WARNING : serial closed
2018-07-31 21:56:26,629 - INFO : ---------LOG START-------------
2018-07-31 21:56:34,193 - INFO : ---------LOG START-------------
2018-07-31 22:00:19,199 - INFO : ---------LOG START-------------
2018-07-31 22:00:57,444 - INFO : ---------LOG START-------------
2018-07-31 22:02:01,687 - INFO : ---------LOG START-------------
2018-07-31 22:02:52,035 - INFO : ---------LOG START-------------
2018-07-31 22:09:18,344 - INFO : ---------LOG START-------------
2018-07-31 22:09:30,784 - INFO : ---------LOG START-------------
2018-07-31 22:12:30,178 - INFO : ---------LOG START-------------
2018-07-31 22:26:05,944 - INFO : ---------LOG START-------------
2018-08-08 09:56:51,609 - INFO : ---------LOG START-------------
2018-08-08 09:57:00,621 - WARNING : serial closed
2018-08-08 09:57:55,089 - INFO : ---------LOG START-------------
2018-08-08 09:58:24,846 - INFO : ---------LOG START-------------
2018-08-08 10:05:16,812 - INFO : ---------LOG START-------------
2018-08-08 10:08:17,197 - INFO : Data packets received:42686
2018-08-08 10:08:17,199 - WARNING : ID:<190> <Unexpected END_BYTE found <0> instead of <192>
2018-08-08 10:08:17,199 - DEBUG : 190|b'\x00 \xe9'|b'\x8c\x9c\xff'|b'1\x9c\xe0'|b'n\x9c\xc4'|b'\xd1\xc9\xf7'|b'2\xe3\xfe'|b'|\xdd\x99'|b'\xba"\x11'|-28416|0|0|0
2018-08-08 10:08:17,203 - WARNING : Skipped 5 bytes before start found
2018-08-08 10:08:17,260 - INFO : Data packets received:15
2018-08-08 10:08:17,265 - WARNING : ID:<206> <Unexpected END_BYTE found <242> instead of <192>
2018-08-08 10:08:17,265 - DEBUG : 206|b'\xd4!\xcf'|b'\xa1\x00\x00'|b'\x00\x00\x00'|b'\x00\xc0\xa0'|b'd!\x7f'|b'\xd1\x9d\x16'|b'\xaf\x9c\xeb'|b'B\x9d\x04'|27593|-673|-7239|242
2018-08-08 10:08:17,267 - WARNING : Skipped 17 bytes before start found
2018-08-08 10:08:19,509 - INFO : Data packets received:388
2018-08-08 10:08:19,511 - WARNING : ID:<233> <Unexpected END_BYTE found <0> instead of <192>
2018-08-08 10:08:19,517 - DEBUG : 233|b'"e\xeb'|b'\x9c\xf6\\'|b'\x9c\xda\x10'|b'\x9c\xcd\xf6'|b'\xc9t\x00'|b'\xbb\xe2\xdd'|b'\xbc\xdb\xcb'|b'\x96 m'|-21760|0|0|0
2018-08-08 10:08:19,524 - WARNING : Skipped 5 bytes before start found
2018-08-08 10:08:19,627 - INFO : Data packets received:15
2018-08-08 10:08:19,628 - WARNING : ID:<249> <Unexpected END_BYTE found <86> instead of <192>
2018-08-08 10:08:19,629 - DEBUG : 249|b'"T\x9b'|b'\x9d\x01\x93'|b'\x9c\xe3\xe7'|b'\x9c\xfee'|b'\xc9v\xc0'|b'\xa0\xa2"'|b'\x9d6\x9d'|b'\x1dk\x9c'|-6956|-25400|-3639|86
2018-08-08 10:08:19,647 - WARNING : Skipped 21 bytes before start found
2018-08-08 10:08:21,597 - INFO : Data packets received:313
2018-08-08 10:08:21,600 - WARNING : ID:<220> <Unexpected END_BYTE found <0> instead of <192>
2018-08-08 10:08:21,616 - DEBUG : 220|b'#6\x98'|b'\x9d\x1cw'|b'\x9c\xebc'|b'\x9c\xd0\xd3'|b'\xc9P\x82'|b'\xe2\xc5\xd1'|b'\xdb\x00+'|b'\xb3\x1fx'|15104|0|0|0
2018-08-08 10:08:21,622 - WARNING : Skipped 5 bytes before start found
2018-08-08 10:08:21,737 - INFO : Data packets received:15
2018-08-08 10:08:21,737 - WARNING : ID:<236> <Unexpected END_BYTE found <0> instead of <192>
2018-08-08 10:08:21,738 - DEBUG : 236|b'#FS'|b'\x9d#\xe4'|b'\x9c\xebB'|b'\x9c\xfa\xb1'|b'\xc9O\xd8'|b'\xe2\xc4V'|b'\xdb\x17\xd5'|b'\xe2\x7f7'|-9554|10782|-531|0
2018-08-08 10:08:21,765 - WARNING : Skipped 10 bytes before start found
2018-08-08 10:08:23,949 - INFO : Data packets received:344
2018-08-08 10:08:23,950 - WARNING : ID:<7> <Unexpected END_BYTE found <0> instead of <192>
2018-08-08 10:08:23,951 - DEBUG : 7|b'$X>'|b'\x9d\x00\x13'|b'M\x9c\xef'|b'a\x9c\xc7'|b'\x03\xc8\xcf'|b'\x16\xe2$'|b'+\xda\x10'|b'y\x1eW'|29440|0|0|0
2018-08-08 10:08:23,955 - WARNING : Skipped 5 bytes before start found
2018-08-08 10:08:24,066 - INFO : Data packets received:15
2018-08-08 10:08:24,068 - WARNING : ID:<23> <Unexpected END_BYTE found <0> instead of <192>
2018-08-08 10:08:24,069 - DEBUG : 23|b'$W\xa1'|b'\x9d\x9d,'|b'c\x9c\xf9'|b'\x81\x9c\xe4'|b'\x92\xc8\xad'|b'\xa6\xe1\xfe'|b'\x9e\xd9\xc7'|b'\xc4\x1e\x06'|19712|0|0|0
2018-08-08 10:08:24,070 - WARNING : Skipped 5 bytes before start found
2018-08-08 10:08:25,943 - INFO : Data packets received:268
2018-08-08 10:08:25,943 - WARNING : ID:<9> <Unexpected END_BYTE found <0> instead of <192>
2018-08-08 10:08:25,944 - DEBUG : 9|b'%5\xa6'|b'\x9d\x19\x1e'|b'\x9c\xf1\xd0'|b'\x9c\xe8\x0b'|b'\xc8a@'|b'\xe1\xc5\x10'|b'\xd9}\x0e'|b'\x1d\x00\xb5'|18944|0|0|0
2018-08-08 10:08:25,949 - WARNING : Skipped 5 bytes before start found
2018-08-08 10:08:26,072 - INFO : Data packets received:15
2018-08-08 10:08:26,073 - WARNING : ID:<25> <Unexpected END_BYTE found <78> instead of <192>
2018-08-08 10:08:26,073 - DEBUG : 25|b'%BK'|b'\x9d\x0b\xf2'|b'\x9c\xee.'|b'\x9d\x04\xe8'|b'\xc8Z1'|b'\xe1\xbf\xa1'|b'\xd9v\xca'|b'\x1d\xc0\xa0'|-6113|26364|-25297|78
2018-08-08 10:08:26,096 - WARNING : Skipped 29 bytes before start found
2018-08-08 10:08:28,199 - INFO : Data packets received:388
2018-08-08 10:08:28,200 - WARNING : ID:<109> <Unexpected END_BYTE found <0> instead of <192>
2018-08-08 10:08:28,202 - DEBUG : 109|b'\x1c\x8f7'|b'\x9d\xbc7'|b'\x9d\x9e\x00'|b'\x9dV\xc5'|b'\xcc\x94\x18'|b'\xe4a\xe6'|b'\xdb\xeb\xfb'|b'!\x85\xf6'|0|0|0|0
2018-08-08 10:08:28,204 - WARNING : Skipped 5 bytes before start found
2018-08-08 10:08:28,323 - INFO : Data packets received:15
2018-08-08 10:08:28,325 - WARNING : ID:<125> <Unexpected END_BYTE found <225> instead of <192>
2018-08-08 10:08:28,326 - DEBUG : 125|b'\x1c\x01F'|b'\x9d\xe3#'|b'\x9d\xb4\x0f'|b'\x9d\xa8\xce'|b'\xcc\x97\xf5'|b'\xe4b\xb6'|b'\xdb\xe7Y'|b"!\x89'"|-25295|969|-12881|225
2018-08-08 10:08:28,343 - WARNING : Skipped 19 bytes before start found
2018-08-08 10:08:30,259 - INFO : Data packets received:329
2018-08-08 10:08:30,260 - WARNING : ID:<0> <Unexpected END_BYTE found <0> instead of <192>
2018-08-08 10:08:30,260 - DEBUG : 0|b'j\x19\xbf'|b'\x89\x9dh'|b'r\x9dD'|b'c\x9d\t'|b'\xbc\xc5\xc2'|b'\x99\xde\xc3'|b'\xeb\xd5:'|b'\xa6\x1a\xa1'|-24832|0|0|0
2018-08-08 10:08:30,278 - WARNING : Skipped 5 bytes before start found
2018-08-08 10:08:30,404 - INFO : Data packets received:15
2018-08-08 10:08:30,405 - WARNING : ID:<192> <Unexpected END_BYTE found <0> instead of <192>
2018-08-08 10:08:30,405 - DEBUG : 192|b'\xa0&\x1b'|b'\x04\x84\x99'|b'\x04s\x9a'|b'n\x88\x9b'|b'\x86\x9c\xbe'|b'\xd8a\xd8'|b'\xad\x8c\xce'|b'\xa1\xf6\x13'|-18686|0|0|0
2018-08-08 10:08:30,406 - WARNING : Skipped 6 bytes before start found
2018-08-08 10:08:32,417 - INFO : Data packets received:343
2018-08-08 10:08:32,418 - WARNING : ID:<126> <Unexpected END_BYTE found <0> instead of <192>
2018-08-08 10:08:32,418 - DEBUG : 126|b'\x1b\xc0\x8b'|b'\x9c\xa6?'|b'\x9c\x84J'|b'\x9cKK'|b'\xbf\x10\xe2'|b'\xdb,\xc7'|b'\xd0v\xcc'|b'\x00\x14\x08'|3072|0|0|0
2018-08-08 10:08:32,419 - WARNING : Skipped 5 bytes before start found
2018-08-08 10:08:32,529 - INFO : Data packets received:15
2018-08-08 10:08:32,530 - WARNING : ID:<142> <Unexpected END_BYTE found <156> instead of <192>
2018-08-08 10:08:32,534 - DEBUG : 142|b'\x1b\xc1w'|b'\x9c\xb8U'|b'\x9c\x87\xd7'|b'\x9c]\x05'|b'\xbf1V'|b'\xdbZ\xf1'|b'\xd0\xa3\xe8'|b'\xc0\xa0G'|7209|-1124|-27285|156
2018-08-08 10:08:32,545 - WARNING : Skipped 28 bytes before start found
2018-08-08 10:08:34,775 - INFO : Data packets received:403
2018-08-08 10:08:34,775 - WARNING : ID:<219> <Unexpected END_BYTE found <0> instead of <192>
2018-08-08 10:08:34,776 - DEBUG : 219|b'\x1cy\xa0'|b'\x9c\xb3\xa7'|b'\x9c\x90\x8e'|b'\x9c\xac3'|b'\xc2%\x88'|b'\xde\x88\xaa'|b'\xd4\x1c\xcd'|b'\x17\x1b\xe0'|0|0|0|0
2018-08-08 10:08:34,776 - WARNING : Skipped 5 bytes before start found
2018-08-08 10:08:34,878 - INFO : Data packets received:15
2018-08-08 10:08:34,881 - WARNING : ID:<235> <Unexpected END_BYTE found <106> instead of <192>
2018-08-08 10:08:34,882 - DEBUG : 235|b'\x1cw\x8b'|b'\x9c\xc5\x9a'|b'\x9c\x98\x14'|b'\x9c\xb7I'|b'\xc29\xbd'|b'\xde\x9b;'|b'\xd40?'|b'\x171@'|192|-24435|7313|106
2018-08-08 10:08:34,896 - WARNING : Skipped 32 bytes before start found
2018-08-08 10:08:36,728 - INFO : Data packets received:298
2018-08-08 10:08:36,730 - WARNING : ID:<184> <Unexpected END_BYTE found <0> instead of <192>
2018-08-08 10:08:36,730 - DEBUG : 184|b'\x1c\xf4\x01'|b'\x9c\xb6\xc6'|b'\x9c\x96\x08'|b'\x9cvo'|b'\xc3$\xb5'|b'\xdf3w'|b'\x00\xd4\xf3'|b'\xbf\x18\x1b'|20480|0|0|0
2018-08-08 10:08:36,731 - WARNING : Skipped 5 bytes before start found
2018-08-08 10:08:36,820 - INFO : Data packets received:15
2018-08-08 10:08:36,822 - WARNING : ID:<200> <Unexpected END_BYTE found <0> instead of <192>
2018-08-08 10:08:36,822 - DEBUG : 200|b'\x1c\xfdU'|b'\x9c\xb16'|b'\x9c\x95&'|b'\x9cx\xba'|b'\xc3)q'|b'\xdf7\x1d'|b'\xc3n\x1d'|b'\xdf^\x14'|-10964|16664|23073|0
2018-08-08 10:08:36,824 - WARNING : Skipped 10 bytes before start found
2018-08-08 10:08:38,676 - INFO : Data packets received:269
2018-08-08 10:08:38,677 - WARNING : Skipped 1 bytes before start found
2018-08-08 10:08:38,745 - INFO : Data packets received:16
2018-08-08 10:08:38,745 - WARNING : Skipped 20 bytes before start found
2018-08-08 10:08:40,563 - INFO : Data packets received:268
2018-08-08 10:08:40,564 - WARNING : ID:<106> <Unexpected END_BYTE found <0> instead of <192>
2018-08-08 10:08:40,564 - DEBUG : 106|b'\x1e\x12\xb8'|b'\x9c\xcd|'|b'\x9c\xae\x81'|b'\x9c\xb08'|b'\xc3\xc1\xc5'|b'\xdf}\x8f'|b'\xd5M\x18'|b'\x18\x92\xf6'|0|0|0|0
2018-08-08 10:08:40,565 - WARNING : Skipped 5 bytes before start found
2018-08-08 10:08:42,406 - INFO : Data packets received:330
2018-08-08 10:08:42,407 - WARNING : ID:<114> <Unexpected END_BYTE found <0> instead of <192>
2018-08-08 10:08:42,408 - DEBUG : 114|b'\x1e\xaal'|b'\x9c\xf0\x1c'|b'\x9c\xb6\xf7'|b'\x9c\xb1\x9f'|b'\xc3\xc9\xe4'|b'\xdf\x83%'|b'\xd5\x00m'|b'\xa1\x18\xe6'|17152|0|0|0
2018-08-08 10:08:42,408 - WARNING : Skipped 5 bytes before start found
2018-08-08 10:08:42,489 - INFO : Data packets received:15
2018-08-08 10:08:42,490 - WARNING : ID:<130> <Unexpected END_BYTE found <134> instead of <192>
2018-08-08 10:08:42,492 - DEBUG : 130|b'\x1e\xae\x0b'|b'\x9c\xde*'|b'\x9c\xaf\xc2'|b'\x9c\xa7\x8c'|b'\xc3\xbc\t'|b'\xdfv\x8f'|b'\xd5\x00\x00'|b'\x00\xc0\xa0'|286|-16722|-25372|134
2018-08-08 10:08:42,512 - WARNING : Skipped 29 bytes before start found
2018-08-08 10:08:44,337 - INFO : Data packets received:283
2018-08-08 10:08:44,338 - WARNING : ID:<29> <Unexpected END_BYTE found <0> instead of <192>
2018-08-08 10:08:44,338 - DEBUG : 29|b'\x1f\x9e\x8e'|b'\x9c\xe9>'|b'\x9c\xc2k'|b'\x9c\xc6j'|b'\xc3\xe0\x00'|b'\xad\xdf\x91'|b'\x03\xd5a'|b'\x84\x18\xe9'|-23552|0|0|0
2018-08-08 10:08:44,339 - WARNING : Skipped 5 bytes before start found
2018-08-08 10:08:44,461 - INFO : Data packets received:15
2018-08-08 10:08:44,462 - WARNING : ID:<45> <Unexpected END_BYTE found <235> instead of <192>
2018-08-08 10:08:44,469 - DEBUG : 45|b'\x1f\xa3\xd4'|b'\x9c\xf80'|b'\x9c\xc5\xa8'|b'\x9c\xcc$'|b'\xc3\xe6\xc0'|b'\xa0\xe8\x1f'|b'\xedt\x9c'|b'\xfeZ\x9c'|-14402|-25438|-1853|235
2018-08-08 10:08:44,478 - WARNING : Skipped 21 bytes before start found
2018-08-08 10:08:46,586 - INFO : Data packets received:343
2018-08-08 10:08:46,587 - WARNING : ID:<64> <Unexpected END_BYTE found <0> instead of <192>
2018-08-08 10:08:46,592 - DEBUG : 64|b' 2\xab'|b'\x9c\xe8z'|b'\x9c\xc8X'|b'\x9c\xc9\x8b'|b'\xc3\xe05'|b'\xdf\x7fe'|b'\xd50|'|b'\x00\x18\xdd'|-7680|0|0|0
2018-08-08 10:08:46,593 - WARNING : Skipped 5 bytes before start found
2018-08-08 10:08:46,700 - INFO : Data packets received:15
2018-08-08 10:08:46,702 - WARNING : ID:<80> <Unexpected END_BYTE found <0> instead of <192>
2018-08-08 10:08:46,703 - DEBUG : 80|b' `5'|b'\x9c\xfe\xdc'|b'\x9c\xd2}'|b'\x9c\xd9R'|b'\xc3\xef\x00'|b'\xdf\x8c\x0e'|b'\xd5=\x8f'|b'_\x9e\xd5'|4767|6353|9216|0
2018-08-08 10:08:46,710 - WARNING : Skipped 9 bytes before start found
2018-08-08 10:08:48,568 - INFO : Data packets received:269
2018-08-08 10:08:48,569 - WARNING : ID:<40> <Unexpected END_BYTE found <0> instead of <192>
2018-08-08 10:08:48,574 - DEBUG : 40|b' \xbc\x00'|b'\x94\x9c\xf4'|b'P\x9c\xd4'|b'T\x9c\xed'|b'\xb8\xc3\xbe'|b'\x13\xdfV'|b'\xb5\xd5\x0b'|b'\xce\x18\xda'|10752|0|0|0
2018-08-08 10:08:48,576 - WARNING : Skipped 5 bytes before start found
2018-08-08 10:08:48,684 - INFO : Data packets received:15
2018-08-08 10:08:48,685 - WARNING : ID:<56> <Unexpected END_BYTE found <156> instead of <192>
2018-08-08 10:08:48,685 - DEBUG : 56|b' \xb4p'|b'\xc3\xa3S'|b'\xdfHY'|b'\xd4\xf4\x9e'|b'\x18\xd4t'|b'\t\xc0\x02'|b'\xa0\x1e\xe0'|b'\xc0\xa0\x0c'|8396|-19555|5858|156
2018-08-08 10:08:48,689 - WARNING : Skipped 28 bytes before start found
2018-08-08 10:08:50,502 - INFO : Data packets received:267
2018-08-08 10:08:50,503 - WARNING : ID:<24> <Unexpected END_BYTE found <0> instead of <192>
2018-08-08 10:08:50,504 - DEBUG : 24|b'!\x08\x1e'|b'\x9d\tx'|b'\x9c\xe3\xec'|b'\x9c\xaf\x1d'|b'\xc3\x94\xc7'|b'\xdf9\x02'|b'\xd4\xdd%'|b'\x18\xc6p'|0|0|0|0
2018-08-08 10:08:50,506 - WARNING : Skipped 5 bytes before start found
2018-08-08 10:08:50,619 - INFO : Data packets received:15
2018-08-08 10:08:50,620 - WARNING : ID:<40> <Unexpected END_BYTE found <224> instead of <192>
2018-08-08 10:08:50,620 - DEBUG : 40|b' \xea\x87'|b'\x9d\x16\x19'|b'\x9c\xe7\xe8'|b'\x9c\xbd\xe6'|b'\xc3\x986'|b'\xdf<\x80'|b'\xd4\xde\xbe'|b'\x18\xca\x0f'|0|0|0|224
2018-08-08 10:08:50,635 - WARNING : Skipped 27 bytes before start found
2018-08-08 10:08:52,339 - INFO : Data packets received:253
2018-08-08 10:08:52,340 - WARNING : ID:<231> <Unexpected END_BYTE found <0> instead of <192>
2018-08-08 10:08:52,341 - DEBUG : 231|b'!Sv'|b'\x9d\rj'|b'\x9c\xea\xec'|b'\x9c\xd4^'|b'\xc3\x80L'|b'\xdf6\x93'|b'\xd4\xda\x1b'|b'\x18\xcc\xff'|0|0|0|0
2018-08-08 10:08:52,343 - WARNING : Skipped 5 bytes before start found
2018-08-08 10:08:52,459 - INFO : Data packets received:15
2018-08-08 10:08:52,460 - WARNING : ID:<247> <Unexpected END_BYTE found <148> instead of <192>
2018-08-08 10:08:52,460 - DEBUG : 247|b'!W^'|b'\x9d!\x02'|b'\x9c\xf3\x02'|b'\x9c\xe2\xa1'|b'\xc3\x89K'|b'\xdf@A'|b'\xd4\xe4\xad'|b'\x18\xd8\x1c'|192|-24396|8553|148
2018-08-08 10:08:52,480 - WARNING : Skipped 32 bytes before start found
2018-08-08 10:08:54,430 - INFO : Data packets received:298
2018-08-08 10:08:54,431 - WARNING : ID:<223> <Unexpected END_BYTE found <0> instead of <192>
2018-08-08 10:08:54,431 - DEBUG : 223|b'!\xba&'|b'\x9d$\x8d'|b'\x9c\xfa\xd9'|b'\x9d\x18\xb5'|b'\xc3\xb4\x00'|b'\xdf\x89\x81'|b'\x00\xd5,'|b'\xc1\x19\x12'|31488|0|0|0
2018-08-08 10:08:54,432 - WARNING : Skipped 5 bytes before start found
2018-08-08 10:08:54,503 - INFO : Data packets received:15
2018-08-08 10:08:54,505 - WARNING : ID:<239> <Unexpected END_BYTE found <0> instead of <192>
2018-08-08 10:08:54,519 - DEBUG : 239|b'!\xb5\xcb'|b'\x9d-{'|b'\x9c\xfcL'|b'\x9d\r~'|b'\xc3\xb7w'|b'\xdf\x8dE'|b'\xc3\xd2\x85'|b'\xdf\x95\x0f'|-10972|16921|7589|0
2018-08-08 10:08:54,523 - WARNING : Skipped 10 bytes before start found
2018-08-08 10:08:56,489 - INFO : Data packets received:299
2018-08-08 10:08:56,491 - WARNING : ID:<239> <Unexpected END_BYTE found <0> instead of <192>
2018-08-08 10:08:56,491 - DEBUG : 239|b'\x00!\xfe'|b'\x88\x9d.'|b':\x9c\xfc'|b'g\x9c\xdd'|b'\x84\xc3\xec'|b'm\xdf\xa7'|b'\x9e\xd50'|b'\xfc\x19C'|20992|0|0|0
2018-08-08 10:08:56,492 - WARNING : Skipped 5 bytes before start found
2018-08-08 10:08:56,559 - INFO : Data packets received:15
2018-08-08 10:08:56,562 - WARNING : ID:<255> <Unexpected END_BYTE found <0> instead of <192>
2018-08-08 10:08:56,563 - DEBUG : 255|b'\xa0\xc4"'|b'k\xb2\x9d'|b';{\x9d'|b'\x02\xec\x9c'|b'\xfe=\xc3'|b'\xff\x10\xdf'|b'\xb2\xf7\xd5'|b'B@\x19'|23435|0|0|0
2018-08-08 10:08:56,564 - WARNING : Skipped 6 bytes before start found
2018-08-08 10:08:58,775 - INFO : Data packets received:358
2018-08-08 10:08:58,776 - WARNING : ID:<43> <Unexpected END_BYTE found <0> instead of <192>
2018-08-08 10:08:58,776 - DEBUG : 43|b'"\xb7+'|b'\x9d@\x8b'|b'\x9d\r\x0e'|b'\x9d\x0eL'|b'\xc4\x10\x96'|b'\xdf\xb6\xe9'|b'\xd5E5'|b'\x19u\x00'|14336|0|0|0
2018-08-08 10:08:58,780 - WARNING : Skipped 5 bytes before start found
2018-08-08 10:08:58,888 - INFO : Data packets received:15
2018-08-08 10:08:58,888 - WARNING : ID:<59> <Unexpected END_BYTE found <45> instead of <192>
2018-08-08 10:08:58,889 - DEBUG : 59|b'"\x9a,'|b'\x9d3*'|b'\x9d\x04\xec'|b'\x9c\xde#'|b'\xc4\x03\x00'|b'\xdf\xa9g'|b'\xd57\xfe'|b'\x19h\xc0'|-24573|8909|-4963|45
2018-08-08 10:08:58,893 - WARNING : Skipped 30 bytes before start found
2018-08-08 10:09:00,644 - INFO : Data packets received:268
2018-08-08 10:09:00,646 - WARNING : ID:<16> <Unexpected END_BYTE found <0> instead of <192>
2018-08-08 10:09:00,647 - DEBUG : 16|b'#F~'|b'\x9d6&'|b'\x9d\x0e8'|b'\x9d-g'|b'\xc4\x1d\xa2'|b'\xdf\x00\xbe'|b'\x82\xd5K'|b'\xe7\x19\x93'|-30464|0|0|0
2018-08-08 10:09:00,654 - WARNING : Skipped 5 bytes before start found
2018-08-08 10:09:00,761 - INFO : Data packets received:15
2018-08-08 10:09:00,769 - WARNING : ID:<32> <Unexpected END_BYTE found <36> instead of <192>
2018-08-08 10:09:00,773 - DEBUG : 32|b'#E!'|b'\x9dB\xed'|b'\x9d\x14H'|b'\x9d.\x9c'|b"\xc4%'"|b'\xdf\x9d\x15'|b'\xb7\xc41'|b'\x05\xdf\xd9'|-299|28012|6583|36
2018-08-08 10:09:00,777 - WARNING : Skipped 11 bytes before start found
2018-08-08 10:09:02,973 - INFO : Data packets received:345
2018-08-08 10:09:02,973 - WARNING : Skipped 1 bytes before start found
2018-08-08 10:09:03,056 - INFO : Data packets received:15
2018-08-08 10:09:03,057 - WARNING : ID:<67> <Unexpected END_BYTE found <34> instead of <192>
2018-08-08 10:09:03,058 - DEBUG : 67|b'n\x9d"'|b'\xcc\x9d\x04'|b'\xd6\x9c\xc5'|b'2\xc4f'|b'\x81\xe0\t'|b'\xfd\xd5\xcd'|b'm\x1aB'|b'\xcc\x00\x00'|0|0|-16224|34
2018-08-08 10:09:03,075 - WARNING : Skipped 35 bytes before start found
2018-08-08 10:09:04,843 - INFO : Data packets received:267
2018-08-08 10:09:04,849 - WARNING : ID:<46> <Unexpected END_BYTE found <224> instead of <192>
2018-08-08 10:09:04,854 - DEBUG : 46|b'$\x0bc'|b'\x9dQ\xc3'|b'\x9d\x1b\x12'|b'\x9c\xfe\xdd'|b'\xc4\x90\xf7'|b'\xe01+'|b'\xd6\x01>'|b'\x00\x1a\x8b'|5641|24578|24606|224
2018-08-08 10:09:04,856 - WARNING : Skipped 5 bytes before start found
2018-08-08 10:09:04,948 - INFO : Data packets received:15
2018-08-08 10:09:04,949 - WARNING : ID:<62> <Unexpected END_BYTE found <157> instead of <192>
2018-08-08 10:09:04,949 - DEBUG : 62|b'$\x10\x12'|b'\x9dN>'|b'\x9d\x16\xc1'|b'\x9c\xfd|'|b'\xc4\x8b0'|b'\xe0,\xd8'|b'\xd5\xfaX'|b'\xc0\xa0\xf4'|9250|17565|9373|157
2018-08-08 10:09:04,961 - WARNING : Skipped 28 bytes before start found
2018-08-08 10:09:07,015 - INFO : Data packets received:358
2018-08-08 10:09:07,015 - WARNING : ID:<91> <Unexpected END_BYTE found <0> instead of <192>
2018-08-08 10:09:07,016 - DEBUG : 91|b'$\x13\x15'|b'\x9d1\xd2'|b'\x9d\x0e\xdf'|b'\x9d\x1e\xf0'|b'\xc4`l'|b'\xdf\xf4\x03'|b'\xd5\x9b"'|b'\x1a\x00C'|12800|0|0|0
2018-08-08 10:09:07,017 - WARNING : Skipped 5 bytes before start found
2018-08-08 10:09:07,105 - INFO : Data packets received:15
2018-08-08 10:09:07,106 - WARNING : ID:<107> <Unexpected END_BYTE found <28> instead of <192>
2018-08-08 10:09:07,108 - DEBUG : 107|b'$4\x88'|b'\x9d*G'|b'\x9d\x0f\n'|b'\x9d"\xa3'|b'\xc4b+'|b'\xdf\xf5;'|b'\xd5\x9a\xeb'|b'\x1a\x11$'|8645|-25283|-25443|28
2018-08-08 10:09:07,111 - WARNING : Skipped 27 bytes before start found
2018-08-08 10:09:10,437 - INFO : Data packets received:644
2018-08-08 10:09:10,440 - WARNING : ID:<150> <Unexpected END_BYTE found <0> instead of <192>
2018-08-08 10:09:10,444 - DEBUG : 150|b'$=E'|b'\x9dS\xa5'|b'\x9d \xa1'|b'\x9d\x00:'|b'\xe3\xc4\xc1'|b'8\xe0\x9b'|b'V\xd6\xb8'|b'Q\x1bj'|9728|0|0|0
2018-08-08 10:09:10,447 - WARNING : Skipped 5 bytes before start found
2018-08-08 10:09:10,642 - INFO : Data packets received:15
2018-08-08 10:09:10,643 - WARNING : ID:<166> <Unexpected END_BYTE found <244> instead of <192>
2018-08-08 10:09:10,643 - DEBUG : 166|b'$\x1d\x0b'|b'\x9dSU'|b'\x9d\x1c\x0b'|b'\x9c\xe0\xc3'|b'^\xd7\x0b'|b'?\x1b\xd6'|b'\xdf\x00\x00'|b'\x00\x00\x00'|192|-24468|9276|244
2018-08-08 10:09:10,647 - WARNING : Skipped 32 bytes before start found
2018-08-08 10:09:12,333 - INFO : Data packets received:268
2018-08-08 10:09:12,334 - WARNING : ID:<121> <Unexpected END_BYTE found <0> instead of <192>
2018-08-08 10:09:12,335 - DEBUG : 121|b'$\x00\x89'|b'_\x9dP'|b'N\x9d\x16'|b'\x05\x9d('|b'y\xc5\x0f'|b'\x8e\xe0\xfd'|b'\xfe\xd7\\'|b'\xd4\x1c>'|-13824|0|0|0
2018-08-08 10:09:12,347 - WARNING : Skipped 5 bytes before start found
2018-08-08 10:09:12,439 - INFO : Data packets received:15
2018-08-08 10:09:12,446 - WARNING : ID:<137> <Unexpected END_BYTE found <233> instead of <192>
2018-08-08 10:09:12,446 - DEBUG : 137|b'$\x9d\x12'|b'\x88\x9c\xfc'|b'\xb6\xc5\x10'|b'\xba\xe0\xee'|b'b\xd7L'|b'\x8b\x1cJ'|b't\x00\x00'|b'\x00\x00\x00'|192|-24506|9372|233
2018-08-08 10:09:12,454 - WARNING : Skipped 32 bytes before start found
2018-08-08 10:09:14,182 - INFO : Data packets received:267
2018-08-08 10:09:14,185 - WARNING : ID:<82> <Unexpected END_BYTE found <0> instead of <192>
2018-08-08 10:09:14,186 - DEBUG : 82|b'$\xd3\xd8'|b'\x9d(\x95'|b'\x9d\t@'|b'\x9c\xd4Z'|b'\xc4\xc9\xad'|b'\xe0s('|b'\xd6\x7f\x82'|b'\x1b\xaa\xb3'|0|0|0|0
2018-08-08 10:09:14,187 - WARNING : Skipped 5 bytes before start found
2018-08-08 10:09:14,281 - INFO : Data packets received:15
2018-08-08 10:09:14,281 - WARNING : ID:<98> <Unexpected END_BYTE found <208> instead of <192>
2018-08-08 10:09:14,282 - DEBUG : 98|b'$\xd5E'|b'\x9d=a'|b'\x9d\x15\\'|b'\x9c\xef\x9b'|b'\xc4\xd4B'|b'\xe0|F'|b'\xd6\x856'|b'\x1b\xb0I'|2313|28674|-28642|208
2018-08-08 10:09:14,282 - WARNING : Skipped 5 bytes before start found
2018-08-08 10:09:16,346 - INFO : Data packets received:359
2018-08-08 10:09:16,346 - WARNING : ID:<121> <Unexpected END_BYTE found <224> instead of <192>
2018-08-08 10:09:16,353 - DEBUG : 121|b'%\x0c\x0f'|b'\x9d5\xad'|b'\x9d\x14\xdd'|b'\x9c\xcf\xa4'|b'\xc4J\x9f'|b'\xdf\x00\xd8'|b'\xe7\xd56'|b'\x18\x1ak'|2569|-32766|-24546|224
2018-08-08 10:09:16,358 - WARNING : Skipped 5 bytes before start found
2018-08-08 10:09:18,627 - INFO : Data packets received:345
2018-08-08 10:09:18,627 - WARNING : ID:<124> <Unexpected END_BYTE found <0> instead of <192>
2018-08-08 10:09:18,628 - DEBUG : 124|b'%QD'|b'\x9dp:'|b'\x00\x9d>'|b'\x05\x9d\x17'|b'z\xc4>'|b'\x90\xdf\xbf'|b'\xff\xd4\xb0'|b'\x8e\x19\xe4'|-14848|0|0|0
2018-08-08 10:09:18,628 - WARNING : Skipped 5 bytes before start found
2018-08-08 10:09:18,754 - INFO : Data packets received:15
2018-08-08 10:09:18,756 - WARNING : ID:<140> <Unexpected END_BYTE found <25> instead of <192>
2018-08-08 10:09:18,757 - DEBUG : 140|b'%[\xa6'|b'\x9duC'|b'\xc0\xa0k'|b'%\xa1\\'|b'\x9dX%'|b'\x9d9d'|b'\x9d5K'|b'\xc4\x18H'|-8286|3284|-32615|25
2018-08-08 10:09:18,758 - WARNING : Skipped 13 bytes before start found
2018-08-08 10:09:20,800 - INFO : Data packets received:343
2018-08-08 10:09:20,800 - WARNING : ID:<195> <Unexpected END_BYTE found <0> instead of <192>
2018-08-08 10:09:20,801 - DEBUG : 195|b'%\x85\xa5'|b'\x9d\x92`'|b'\x9da\x06'|b'\x9d\x8c\n'|b'\xc4\xb9\xea'|b'\xe0I4'|b'\xd5\x17J'|b'\x00\x1a['|-14592|0|0|0
2018-08-08 10:09:20,802 - WARNING : Skipped 5 bytes before start found
2018-08-08 10:09:20,910 - INFO : Data packets received:15
2018-08-08 10:09:20,911 - WARNING : ID:<211> <Unexpected END_BYTE found <0> instead of <192>
2018-08-08 10:09:20,914 - DEBUG : 211|b'%_\x9d'|b'\x9d\x96\xeb'|b'\x9d^\x1c'|b'\x9dx\x81'|b'\xc4\xf9\xb9'|b'\xe0\x82\x85'|b'\xd5S\xc8'|b'K\x1b\xe8'|2560|0|0|0
2018-08-08 10:09:20,915 - WARNING : Skipped 5 bytes before start found
2018-08-08 10:09:22,648 - INFO : Data packets received:269
2018-08-08 10:09:22,648 - WARNING : ID:<157> <Unexpected END_BYTE found <0> instead of <192>
2018-08-08 10:09:22,649 - DEBUG : 157|b'*f}'|b'\x9d\xd6H'|b'\x00\x9d\xae'|b'\xf4\x9d\xc5'|b'\xaa\xc7\x06'|b'x\xe1\xe0'|b'3\xd6\xd4'|b'\xaf\x1c\x91'|8704|0|0|0
2018-08-08 10:09:22,649 - WARNING : Skipped 5 bytes before start found
2018-08-08 10:09:22,742 - INFO : Data packets received:15
2018-08-08 10:09:22,743 - WARNING : ID:<173> <Unexpected END_BYTE found <28> instead of <192>
2018-08-08 10:09:22,743 - DEBUG : 173|b')\xc5~'|b'\x9d\xc7\x0b'|b'\xc0\xa0_'|b')J\x1c'|b'\x9e\x08\xf5'|b'\x9d\xd2\xa3'|b'\x9d\xe8\xf6'|b'\xc7T;'|-7743|-18730|-12794|28
2018-08-08 10:09:22,754 - WARNING : Skipped 13 bytes before start found
2018-08-08 10:09:24,961 - INFO : Data packets received:388
2018-08-08 10:09:24,967 - WARNING : ID:<228> <Unexpected END_BYTE found <0> instead of <192>
2018-08-08 10:09:24,968 - DEBUG : 228|b'(O\xc1'|b'\x9d\xc6@'|b'\x9d\xa3\xc2'|b'\x9d\xa8\xad'|b'\xc4|\x90'|b'\xdf\xbeQ'|b'\xd4\xd2\xb4'|b'\x1a\xf1\x10'|0|0|0|0
2018-08-08 10:09:24,971 - WARNING : Skipped 5 bytes before start found
2018-08-08 10:09:25,054 - INFO : Data packets received:15
2018-08-08 10:09:25,054 - WARNING : ID:<244> <Unexpected END_BYTE found <159> instead of <192>
2018-08-08 10:09:25,060 - DEBUG : 244|b'(\x8b@'|b'\x9d\xd2\xe0'|b'\x9d\xb13'|b'\x9d\xaf\x84'|b'\xc4x\xda'|b'\xdf\xc7]'|b'\xd4\xde\xdf'|b'\x1a\xfb\xf3'|0|0|-16224|159
2018-08-08 10:09:25,082 - WARNING : Skipped 35 bytes before start found
2018-08-08 10:09:27,063 - INFO : Data packets received:328
2018-08-08 10:09:27,064 - WARNING : ID:<232> <Unexpected END_BYTE found <0> instead of <192>
2018-08-08 10:09:27,072 - DEBUG : 232|b'(\xd3h'|b'\x82\xba\xec'|b'\x82\xb0]'|b'\x82\xa3\xfb'|b'\x82\xa7]'|b'\x82\x00\xb3'|b'\xb2\x82\x9e'|b'\x8e\x82\xac'|-22272|0|0|0
2018-08-08 10:09:27,077 - WARNING : Skipped 5 bytes before start found
2018-08-08 10:09:27,168 - INFO : Data packets received:15
2018-08-08 10:09:27,169 - WARNING : ID:<248> <Unexpected END_BYTE found <238> instead of <192>
2018-08-08 10:09:27,169 - DEBUG : 248|b')\x0ca'|b'\x83+,'|b'\x83 \x94'|b'\x83\x149'|b'\x83\x17\x94'|b'\x83\x9f|'|b'0\x03 '|b'\xff\xc0 '|12480|-24408|9906|238
2018-08-08 10:09:27,183 - WARNING : Skipped 32 bytes before start found
2018-08-08 10:09:29,273 - INFO : Data packets received:358
2018-08-08 10:09:29,274 - WARNING : ID:<15> <Unexpected END_BYTE found <128> instead of <192>
2018-08-08 10:09:29,274 - DEBUG : 15|b'%\x06q'|b'\x87\xf7\x05'|b'\x87\xf2V'|b'\x8d\xaf\xdf'|b'\x9a\x00$'|b'(\xd1\xf1'|b'\xbb\xc7A'|b'\x87\xe3\xea'|-8445|-32513|12320|128
2018-08-08 10:09:29,275 - WARNING : Skipped 5 bytes before start found
2018-08-08 10:09:29,388 - INFO : Data packets received:15
2018-08-08 10:09:29,389 - WARNING : ID:<31> <Unexpected END_BYTE found <229> instead of <192>
2018-08-08 10:09:29,390 - DEBUG : 31|b'%\x0bh'|b'\x88\x0e\xa7'|b'\x88\n\x86'|b'\x8e( '|b'\x9b\xcb\xf3'|b'A=\x00'|b'\x00\x00\x00'|b'\x00\x00\xc0'|-24359|9267|-32376|229
2018-08-08 10:09:29,405 - WARNING : Skipped 30 bytes before start found
2018-08-08 10:09:31,495 - INFO : Data packets received:373
2018-08-08 10:09:31,496 - WARNING : ID:<79> <Unexpected END_BYTE found <0> instead of <192>
2018-08-08 10:09:31,496 - DEBUG : 79|b'$\x85\x00'|b'\x90\xcf]'|b'\x8e\xfc\x91'|b'\x98s\xd0'|b'\xb8\x00\xa9'|b'3\xe4q'|b'\xb7\xda\x9c'|b'\xcd\x01\xe1'|-7168|0|0|0
2018-08-08 10:09:31,506 - WARNING : Skipped 5 bytes before start found
2018-08-08 10:09:31,590 - INFO : Data packets received:15
2018-08-08 10:09:31,591 - WARNING : ID:<95> <Unexpected END_BYTE found <225> instead of <192>
2018-08-08 10:09:31,593 - DEBUG : 95|b'$~\xfc'|b'\x91\x0f:'|b'\x8f\x0e6'|b'\x98\xac\xd8'|b'\xb9\xc0\xa0'|b'\xfd$\xac'|b'y\x92\xca'|b'\x06\x8fz'|-32103|-2011|-17136|225
2018-08-08 10:09:31,595 - WARNING : Skipped 20 bytes before start found
2018-08-08 10:09:33,771 - INFO : Data packets received:358
2018-08-08 10:09:33,771 - WARNING : ID:<100> <Unexpected END_BYTE found <0> instead of <192>
2018-08-08 10:09:33,772 - DEBUG : 100|b'%\x1e\x07'|b'\x94[F'|b'\x90C\xe9'|b'\x99\x94\x9f'|b'\xc2O\xc0'|b'\xe6|\xec'|b'\xdc\xb1 '|b'\t\x00c'|11008|0|0|0
2018-08-08 10:09:33,773 - WARNING : Skipped 5 bytes before start found
2018-08-08 10:09:33,821 - INFO : Data packets received:15
2018-08-08 10:09:33,822 - WARNING : ID:<116> <Unexpected END_BYTE found <37> instead of <192>
2018-08-08 10:09:33,822 - DEBUG : 116|b'%$\x12'|b'\x94l\x8d'|b'\x90P\xdd'|b'\x99\x8e\xc0'|b'\xc2\x8a\x97'|b'\xe6\x8b\xdc'|b'\xdc\xb4\xdf'|b'\t\x00\x00'|0|192|-24522|37
2018-08-08 10:09:33,825 - WARNING : Skipped 34 bytes before start found
2018-08-08 10:09:35,689 - INFO : Data packets received:283
2018-08-08 10:09:35,690 - WARNING : ID:<82> <Unexpected END_BYTE found <0> instead of <192>
2018-08-08 10:09:35,690 - DEBUG : 82|b'%w\x19'|b'\x93{K'|b'\x91Wy'|b'\x96\xd4\xcb'|b'\x00\xc6 '|b'\x94\xe6A'|b'\xe5\xdbZ'|b'\x18\n\xe6'|11008|0|0|0
2018-08-08 10:09:35,693 - WARNING : Skipped 5 bytes before start found
2018-08-08 10:09:35,791 - INFO : Data packets received:15
2018-08-08 10:09:35,793 - WARNING : ID:<98> <Unexpected END_BYTE found <189> instead of <192>
2018-08-08 10:09:35,795 - DEBUG : 98|b'%\\k'|b'\x93Xs'|b'\x91U1'|b'\x96\xb0\xcc'|b'-\xff\x0b'|b'\x8c\x04\x00'|b'\x00\x00\x00'|b'\x00\x00\xc0'|-24553|9660|1938|189
2018-08-08 10:09:35,809 - WARNING : Skipped 30 bytes before start found
2018-08-08 10:09:37,687 - INFO : Data packets received:328
2018-08-08 10:09:37,688 - WARNING : ID:<96> <Unexpected END_BYTE found <0> instead of <192>
2018-08-08 10:09:37,688 - DEBUG : 96|b'%\xae\x95'|b'\x92\xb5l'|b'\x92`\xaf'|b'\x00\x95I'|b'\x96\xc8o'|b'\x14\xe6T'|b'\xa2\xda\xfa'|b'\x00\x0c\x94'|22528|0|0|0
2018-08-08 10:09:37,690 - WARNING : Skipped 5 bytes before start found
2018-08-08 10:09:37,770 - INFO : Data packets received:15
2018-08-08 10:09:37,772 - WARNING : ID:<112> <Unexpected END_BYTE found <218> instead of <192>
2018-08-08 10:09:37,772 - DEBUG : 112|b'%\xc7\xd5'|b'\x92\xac\xf4'|b'\x92f\x9c'|b'\xc0\xa0\x0e'|b'%\xe9\x91'|b'\x92\xe6\xfe'|b'\x92\xa9]'|b'\x94\xc9%'|-14125|13798|14602|218
2018-08-08 10:09:37,774 - WARNING : Skipped 16 bytes before start found
2018-08-08 10:09:40,123 - INFO : Data packets received:418
2018-08-08 10:09:40,124 - WARNING : ID:<177> <Unexpected END_BYTE found <0> instead of <192>
2018-08-08 10:09:40,131 - DEBUG : 177|b'%\xf0?'|b'\x93\xb7\xdc'|b'\x93t"'|b'\x94\x0cl'|b'\xc9\xb9&'|b'\xe6\x1b4'|b'\xdaK\x19'|b'\r\xc7\x9d'|0|0|0|0
2018-08-08 10:09:40,137 - WARNING : Skipped 5 bytes before start found
2018-08-08 10:09:40,197 - INFO : Data packets received:15
2018-08-08 10:09:40,201 - WARNING : ID:<193> <Unexpected END_BYTE found <0> instead of <192>
2018-08-08 10:09:40,202 - DEBUG : 193|b'%\xe3\x87'|b'\x93\xbc-'|b'\x93xt'|b'\x94\x01\x1b'|b'\xc9\xb9\xe1'|b'\xe6\x14\xda'|b'\xdaC\xfd'|b'\r\xcdE'|0|5080|0|0
2018-08-08 10:09:40,211 - WARNING : Skipped 8 bytes before start found
2018-08-08 10:09:42,513 - INFO : Data packets received:419
2018-08-08 10:09:42,514 - WARNING : ID:<19> <Unexpected END_BYTE found <0> instead of <192>
2018-08-08 10:09:42,516 - DEBUG : 19|b'&Q/'|b'\x94\xac\xfd'|b'\x94g\xb3'|b'\x94n7'|b'\xca\x08\x8a'|b'\xe5\xbf\xed'|b'\x00\xd9\xdc'|b'\x94\x0f\r'|3840|0|0|0
2018-08-08 10:09:42,518 - WARNING : Skipped 5 bytes before start found
2018-08-08 10:09:42,612 - INFO : Data packets received:15
2018-08-08 10:09:42,613 - WARNING : ID:<35> <Unexpected END_BYTE found <0> instead of <192>
2018-08-08 10:09:42,615 - DEBUG : 35|b'&K\xad'|b'\x94\xbf\xac'|b'\x94u]'|b'\x94v\xbc'|b'\xca\x16\x97'|b'\xe5\xca\xf4'|b'\x94\xbf\xd9'|b'\xbb\x97\x0f'|21761|0|0|0
2018-08-08 10:09:42,616 - WARNING : Skipped 6 bytes before start found
2018-08-08 10:09:44,459 - INFO : Data packets received:299
2018-08-08 10:09:44,459 - WARNING : ID:<239> <Unexpected END_BYTE found <0> instead of <192>
2018-08-08 10:09:44,460 - DEBUG : 239|b'&\x81\x08'|b'\x95\x00I'|b'\xeb\x95\x0e'|b'|\x94\xf0'|b'\x13\xc9\xe1'|b'\x8c\xe5z'|b'\xe0\xd9\xb0'|b'l\x10\x06'|32256|0|0|0
2018-08-08 10:09:44,469 - WARNING : Skipped 5 bytes before start found
2018-08-08 10:09:44,539 - INFO : Data packets received:15
2018-08-08 10:09:44,539 - WARNING : ID:<255> <Unexpected END_BYTE found <99> instead of <192>
2018-08-08 10:09:44,540 - DEBUG : 255|b'&\x80\xd8'|b'\x95\x14\xd9'|b'\xbe3\x10'|b'\x80\xf2\x00'|b'\x00\x00\x00'|b'\x00\x00\xc0'|b'\xa0\xa9&'|b'\x98\x9f\x95'|-20196|-27294|-32363|99
2018-08-08 10:09:44,587 - WARNING : Skipped 24 bytes before start found
2018-08-08 10:09:46,941 - INFO : Data packets received:433
2018-08-08 10:09:46,942 - WARNING : ID:<91> <Unexpected END_BYTE found <0> instead of <192>
2018-08-08 10:09:46,942 - DEBUG : 91|b"'\x0bs"|b'\x96;}'|b'\x95\xf1\xc5'|b'\x96\x18Q'|b'\xc9\xd0\x00'|b'\xf6\xe5g'|b'5\xd9\xc6'|b'\xa3\x11s'|-25856|0|0|0
2018-08-08 10:09:46,943 - WARNING : Skipped 5 bytes before start found
2018-08-08 10:09:47,040 - INFO : Data packets received:15
2018-08-08 10:09:47,043 - WARNING : ID:<107> <Unexpected END_BYTE found <164> instead of <192>
2018-08-08 10:09:47,044 - DEBUG : 107|b'&\xff\xf5'|b'\x96EK'|b'\x95\xf4\x9c'|b'\x96\x0c\xb4'|b'\xc9\xcd\xc0'|b"\xa0\x18'"|b'\x11\xb7\x96'|b'P*\x96'|6362|-27118|-823|164
2018-08-08 10:09:47,047 - WARNING : Skipped 21 bytes before start found
2018-08-08 10:09:49,080 - INFO : Data packets received:313
2018-08-08 10:09:49,081 - WARNING : ID:<82> <Unexpected END_BYTE found <0> instead of <192>
2018-08-08 10:09:49,084 - DEBUG : 82|b"'#\xaa"|b'\x96\xc6y'|b'\x96\x81\xed'|b'\x96\x8e\xc3'|b'\xc9\xa2,'|b'\xe5N\xc6'|b'\xd9\x00\xe2'|b'\x11\x12\xa6'|-29952|0|0|0
2018-08-08 10:09:49,092 - WARNING : Skipped 5 bytes before start found
2018-08-08 10:09:49,172 - INFO : Data packets received:15
2018-08-08 10:09:49,178 - WARNING : ID:<98> <Unexpected END_BYTE found <217> instead of <192>
2018-08-08 10:09:49,181 - DEBUG : 98|b"'\nS"|b'\x96\xb0\xc4'|b'\x96}\xdd'|b'\x96m\xf2'|b'\xc9\x8eY'|b'\xe59\xfe'|b'\xd9\xc0\xa0'|b"1'H"|24215|2333|-26938|217
2018-08-08 10:09:49,186 - WARNING : Skipped 26 bytes before start found
2018-08-08 10:09:51,371 - INFO : Data packets received:403
2018-08-08 10:09:51,372 - WARNING : ID:<197> <Unexpected END_BYTE found <0> instead of <192>
2018-08-08 10:09:51,372 - DEBUG : 197|b"'i\xea"|b'\x97\x80k'|b'\x977)'|b'\x97(\xc5'|b'\xc9p\x1d'|b'\xe5"p'|b'\xd9\xcd\xb2'|b'\x13\xf8\x9f'|0|0|0|0
2018-08-08 10:09:51,373 - WARNING : Skipped 5 bytes before start found
2018-08-08 10:09:51,481 - INFO : Data packets received:15
2018-08-08 10:09:51,482 - WARNING : ID:<213> <Unexpected END_BYTE found <144> instead of <192>
2018-08-08 10:09:51,483 - DEBUG : 213|b"'?\xb4"|b'\x97\x86['|b'\x97;I'|b'\x97T\xc5'|b'\xc9j('|b'\xe5\x1c\x04'|b'\xd9\xc8\x1f'|b'\x13\xfa\x8c'|59|27395|16639|144
2018-08-08 10:09:51,494 - WARNING : Skipped 7 bytes before start found
2018-08-08 10:09:53,877 - INFO : Data packets received:464
2018-08-08 10:09:53,878 - WARNING : ID:<61> <Unexpected END_BYTE found <0> instead of <192>
2018-08-08 10:09:53,879 - DEBUG : 61|b"'p<"|b'\x98\x0b\x1a'|b'\x97\xce\x03'|b'\x97\x9cN'|b'\xc8\xb7C'|b'\xe4\x84\xfa'|b'\xd93V'|b'\x00\x14\xa5'|-17408|0|0|0
2018-08-08 10:09:53,885 - WARNING : Skipped 5 bytes before start found
2018-08-08 10:09:54,000 - INFO : Data packets received:15
2018-08-08 10:09:54,000 - WARNING : ID:<77> <Unexpected END_BYTE found <0> instead of <192>
2018-08-08 10:09:54,001 - DEBUG : 77|b"'o\x80"|b'\x97\xf7\xc6'|b'\x97\xc8\x06'|b'\x97\xbf\x94'|b'\xc8\xa30'|b'\xe4t\x1f'|b'\xd9 \xd7'|b'\xe4}\xb0'|-9944|-31468|-6823|0
2018-08-08 10:09:54,002 - WARNING : Skipped 10 bytes before start found
2018-08-08 10:09:56,111 - INFO : Data packets received:359
2018-08-08 10:09:56,111 - WARNING : ID:<68> <Unexpected END_BYTE found <0> instead of <192>
2018-08-08 10:09:56,112 - DEBUG : 68|b"'\xabD"|b'\x98\x95I'|b'\x98\x00S'|b'\x11\x98J'|b'G\xc8='|b'\xdb\xe4E'|b'\xbe\xd8\xeb'|b'\x85\x15S'|-3072|0|0|0
2018-08-08 10:09:56,112 - WARNING : Skipped 5 bytes before start found
2018-08-08 10:09:56,226 - INFO : Data packets received:15
2018-08-08 10:09:56,226 - WARNING : ID:<84> <Unexpected END_BYTE found <21> instead of <192>
2018-08-08 10:09:56,227 - DEBUG : 84|b"'\xa3n"|b'\x98\xa0\xc0'|b'\x98\xa0\x0e'|b"'k\xa7"|b'\x98\xa9['|b'\x98p\xb9'|b'\x98<\x01'|b'\xc7\xe2\xb3'|-7163|-21544|-22861|21
2018-08-08 10:09:56,238 - WARNING : Skipped 13 bytes before start found
2018-08-08 10:09:58,319 - INFO : Data packets received:388
2018-08-08 10:09:58,320 - WARNING : ID:<147> <Unexpected END_BYTE found <0> instead of <192>
2018-08-08 10:09:58,321 - DEBUG : 147|b"'\x9a?"|b'\x99 \xd4'|b'\x98\xda\xc6'|b'\x98\xf1\xea'|b'\xc7\x89N'|b'\xe3\xe5\xb1'|b'\xd8\x84v'|b'\x15\xe0\xf8'|0|0|0|0
2018-08-08 10:09:58,330 - WARNING : Skipped 5 bytes before start found
2018-08-08 10:09:58,400 - INFO : Data packets received:15
2018-08-08 10:09:58,401 - WARNING : ID:<163> <Unexpected END_BYTE found <179> instead of <192>
2018-08-08 10:09:58,401 - DEBUG : 163|b"'\xa0\x87"|b'\x99\x1cU'|b'\x98\xd7\xcd'|b'\x98\xcc\xa6'|b'\xc7|\xc1'|b'\xe3\xdb\xef'|b'\xd8{\xbe'|b'\x15\xdf\x13'|191|-14528|5091|179
2018-08-08 10:09:58,418 - WARNING : Skipped 18 bytes before start found
2018-08-08 10:10:00,372 - INFO : Data packets received:329
2018-08-08 10:10:00,380 - WARNING : ID:<130> <Unexpected END_BYTE found <0> instead of <192>
2018-08-08 10:10:00,381 - DEBUG : 130|b"'\x00\xe7"|b'\x03\x99q'|b'L\x998'|b'\xf1\x99\x0c'|b'p\xc6\xf2'|b' \xe3\x8d'|b'\x1e\xd8%'|b'\xa7\x16Z'|-27392|0|0|0
2018-08-08 10:10:00,381 - WARNING : Skipped 5 bytes before start found
2018-08-08 10:10:00,457 - INFO : Data packets received:15
2018-08-08 10:10:00,459 - WARNING : ID:<146> <Unexpected END_BYTE found <135> instead of <192>
2018-08-08 10:10:00,459 - DEBUG : 146|b"'?\x16"|b'\x84Y\x00'|b'\x00\x00\x00'|b'\x00\x00\xc0'|b'\xa0:('|b'\x04\xf7\x99'|b'\xad\n\x99'|b'f>\x99'|26139|-14640|-4381|135
2018-08-08 10:10:00,477 - WARNING : Skipped 18 bytes before start found
2018-08-08 10:10:02,887 - INFO : Data packets received:418
2018-08-08 10:10:02,888 - WARNING : ID:<221> <Unexpected END_BYTE found <0> instead of <192>
2018-08-08 10:10:02,888 - DEBUG : 221|b'(B;'|b'\x99\xe6\x89'|b'\x99\xb2\xd5'|b'\x99\xa8\xad'|b'\xc6U\t'|b'\xe3\x00N'|b'\xbf\xd7\xfc'|b'\x0b\x16\xfc'|-13056|0|0|0
2018-08-08 10:10:02,889 - WARNING : Skipped 5 bytes before start found
2018-08-08 10:10:02,974 - INFO : Data packets received:15
2018-08-08 10:10:02,974 - WARNING : ID:<237> <Unexpected END_BYTE found <215> instead of <192>
2018-08-08 10:10:02,984 - DEBUG : 237|b'(K\x12'|b'\x9a\x01\x7f'|b'\x99\xbe\xd7'|b'\x99\xcax'|b'\xc6^2'|b'\xe3\xfb\xf4'|b'\x99\xd0W'|b'\x99\xab\x82'|-14839|-15645|9129|215
2018-08-08 10:10:02,988 - WARNING : Skipped 16 bytes before start found
2018-08-08 10:10:05,138 - INFO : Data packets received:404
2018-08-08 10:10:05,143 - WARNING : ID:<0> <Unexpected END_BYTE found <0> instead of <192>
2018-08-08 10:10:05,157 - DEBUG : 0|b'C(k'|b'`\x9aB'|b'7\x9a\x16'|b'\xe2\x9a\x05'|b'\xab\xc5\xa2'|b'*\xe2\xf7'|b'\x0c\xd7\xc4'|b'\x0b\x17\x8f'|26112|0|0|0
2018-08-08 10:10:05,160 - WARNING : Skipped 5 bytes before start found
2018-08-08 10:10:05,264 - INFO : Data packets received:15
2018-08-08 10:10:05,265 - WARNING : ID:<40> <Unexpected END_BYTE found <160> instead of <192>
2018-08-08 10:10:05,284 - DEBUG : 40|b'rC\x9a'|b'^f\x9a'|b'2\n\x9a'|b'.2\xc5'|b'\x89\xc9\xe2'|b'\xed\xed\xd7'|b'\xc52\x17'|b'\xbe6\x00'|0|0|192|160
2018-08-08 10:10:05,290 - WARNING : Skipped 36 bytes before start found
2018-08-08 10:10:07,831 - INFO : Data packets received:508
2018-08-08 10:10:07,831 - WARNING : ID:<223> <Unexpected END_BYTE found <0> instead of <192>
2018-08-08 10:10:07,832 - DEBUG : 223|b'(z\x00'|b'\xc2\x9a\xd1'|b']\x9a\x96'|b'\x97\x9az'|b"v\xc5'"|b'\x05\xe2\xbc'|b'\x92\xd7\x80'|b'8\x185'|24576|0|0|0
2018-08-08 10:10:07,835 - WARNING : Skipped 5 bytes before start found
2018-08-08 10:10:07,918 - INFO : Data packets received:15
2018-08-08 10:10:07,918 - WARNING : ID:<239> <Unexpected END_BYTE found <197> instead of <192>
2018-08-08 10:10:07,926 - DEBUG : 239|b'(\xa0\xa9'|b'\xd7nw'|b'\x18]\xb8'|b'\x00\x00\x00'|b'\x00\x00\x00'|b'\xc0\xa0\x83'|b'(\x91\x9f'|b'\x9a\xfc\x93'|-25924|-2406|-23747|197
2018-08-08 10:10:07,934 - WARNING : Skipped 22 bytes before start found
2018-08-08 10:10:09,983 - INFO : Data packets received:358
2018-08-08 10:10:09,984 - WARNING : ID:<234> <Unexpected END_BYTE found <32> instead of <192>
2018-08-08 10:10:09,984 - DEBUG : 234|b'(O\x0c'|b'\x9b2z'|b'\x9a\xf5\xc8'|b'\x00\x9a\xe7'|b'\t\xc4\xad'|b'\xa7\xe2i'|b'4\xd7\x0b'|b'\x08\x18l'|-8702|-16384|-32736|32
2018-08-08 10:10:09,985 - WARNING : Skipped 5 bytes before start found
2018-08-08 10:10:10,124 - INFO : Data packets received:15
2018-08-08 10:10:10,124 - WARNING : ID:<250> <Unexpected END_BYTE found <72> instead of <192>
2018-08-08 10:10:10,128 - DEBUG : 250|b'(>\x90'|b'\x9b9"'|b'\x9a\xfb\x02'|b'\xa9\x9b$'|b'\xb3\x9a\xfc'|b'Q\x9b\x0e'|b'\xd1\xc4d'|b'\xf4\xe2.'|6614|-18446|6222|72
2018-08-08 10:10:10,131 - WARNING : Skipped 11 bytes before start found
2018-08-08 10:10:12,468 - INFO : Data packets received:373
2018-08-08 10:10:12,471 - WARNING : ID:<17> <Unexpected END_BYTE found <0> instead of <192>
2018-08-08 10:10:12,483 - DEBUG : 17|b'-\x15/'|b'\x9bcN'|b'\x9b/\xca'|b'\x9bV\x00'|b'\xc3g\xc1'|b'\xe1\x95.'|b'\xd5\xf0z'|b'\x17\xc2.'|0|0|0|0
2018-08-08 10:10:12,486 - WARNING : Skipped 5 bytes before start found
2018-08-08 10:10:14,949 - INFO : Data packets received:480
2018-08-08 10:10:14,950 - WARNING : ID:<221> <Unexpected END_BYTE found <0> instead of <192>
2018-08-08 10:10:14,951 - DEBUG : 221|b'(\t\xaf'|b'\x9b\xdbe'|b'\x9b\x9dK'|b'\x9b\xac\xdf'|b'\xc3\x13Y'|b'\xe1\x96p'|b'\xd6\x0e4'|b'\x18\x9a\x8a'|0|0|0|0
2018-08-08 10:10:14,953 - WARNING : Skipped 5 bytes before start found
2018-08-08 10:10:15,031 - INFO : Data packets received:15
2018-08-08 10:10:15,031 - WARNING : ID:<237> <Unexpected END_BYTE found <155> instead of <192>
2018-08-08 10:10:15,032 - DEBUG : 237|b'(\x1bQ'|b'\x9b\xd5\xe7'|b'\x9b\x9a\xfd'|b'\x9b\xb1\x08'|b'\xc3\x0e\xba'|b'\xe1\x91\xb6'|b'\xd6\n\xa0'|b'\x18\x9a\xae'|0|156|806|155
2018-08-08 10:10:15,059 - WARNING : Skipped 28 bytes before start found
2018-08-08 10:10:17,028 - INFO : Data packets received:328
2018-08-08 10:10:17,029 - WARNING : ID:<192> <Unexpected END_BYTE found <0> instead of <192>
2018-08-08 10:10:17,031 - DEBUG : 192|b'(GO'|b'\x9c\x16\x1b'|b'\x9b\xddJ'|b'\x9b\xcc!'|b'\xc2\xc8\xf7'|b'\xe1k\xaa'|b'\xd6\x04\x90'|b'\x19&?'|0|0|0|0
2018-08-08 10:10:17,033 - WARNING : Skipped 5 bytes before start found
2018-08-08 10:10:17,104 - INFO : Data packets received:15
2018-08-08 10:10:17,105 - WARNING : ID:<208> <Unexpected END_BYTE found <57> instead of <192>
2018-08-08 10:10:17,111 - DEBUG : 208|b'(\\\x86'|b'\x9b\xfa\xc4'|b'\x9b\xd4 '|b'\x9b\xb9\xd0'|b'\xc2\xb5\xea'|b'\xe1i\xc5'|b'\xd6\x1c\xae'|b'\x19\x9e\xe8'|0|-25602|-26719|57
2018-08-08 10:10:17,117 - WARNING : Skipped 24 bytes before start found
2018-08-08 10:10:19,732 - INFO : Data packets received:509
2018-08-08 10:10:19,737 - WARNING : ID:<126> <Unexpected END_BYTE found <0> instead of <192>
2018-08-08 10:10:19,740 - DEBUG : 126|b'(.\xed'|b'\x9by\xa9'|b'\x9b3\x00'|b'\xdc\xa3\xd3'|b'\x8f\xc3\xe3'|b'\x87\xe8\xd7'|b'd\xe8r'|b'\xcc,\xa5'|15872|0|0|0
2018-08-08 10:10:19,741 - WARNING : Skipped 5 bytes before start found
2018-08-08 10:10:19,805 - INFO : Data packets received:15
2018-08-08 10:10:19,811 - WARNING : ID:<142> <Unexpected END_BYTE found <0> instead of <192>
2018-08-08 10:10:19,814 - DEBUG : 142|b'(:t'|b'\x9bw\xf8'|b'\x9b3`'|b'\x8f\x9b\x1e'|b'\xf0\xa2]'|b'o\xc3_'|b'1\xe8H'|b'\x18\xe7\x84'|-8404|851|0|0
2018-08-08 10:10:19,817 - WARNING : Skipped 8 bytes before start found
2018-08-08 10:10:22,350 - INFO : Data packets received:479
2018-08-08 10:10:22,354 - WARNING : ID:<5> <Unexpected END_BYTE found <0> instead of <192>
2018-08-08 10:10:22,354 - DEBUG : 5|b'(MY'|b'\x9b\x00K'|b'\xf2\x9b\x12'|b'\xf6\x9c\xf3'|b'\xe3\xc2w'|b'\x00\xe6\x99'|b'Y\xe3\xcf'|b'\x87)\x17'|32000|0|0|0
2018-08-08 10:10:22,356 - WARNING : Skipped 5 bytes before start found
2018-08-08 10:10:22,438 - INFO : Data packets received:15
2018-08-08 10:10:22,439 - WARNING : ID:<21> <Unexpected END_BYTE found <183> instead of <192>
2018-08-08 10:10:22,439 - DEBUG : 21|b'(J\x8f'|b'\x9b\x9b\x0b'|b'\xa4\x9b1'|b'\x0b\xc2<'|b'|\xe6\x02'|b'C\xe2h'|b"\xd9'\xcc"|b'\x08\x00\x00'|0|0|-16224|183
2018-08-08 10:10:22,448 - WARNING : Skipped 35 bytes before start found
2018-08-08 10:10:24,276 - INFO : Data packets received:297
2018-08-08 10:10:24,282 - WARNING : ID:<225> <Unexpected END_BYTE found <0> instead of <192>
2018-08-08 10:10:24,285 - DEBUG : 225|b'(F\xa3'|b'\x9bO\xf6'|b'\x9b\x1f\xf9'|b'\x9b\x14\xd6'|b'\xc274'|b'\xe5\x99\x03'|b'\xe0\xf7\xcf'|b'&CC'|0|0|0|0
2018-08-08 10:10:24,287 - WARNING : Skipped 5 bytes before start found
2018-08-08 10:10:24,384 - INFO : Data packets received:15
2018-08-08 10:10:24,385 - WARNING : ID:<241> <Unexpected END_BYTE found <155> instead of <192>
2018-08-08 10:10:24,385 - DEBUG : 241|b'(\x1b\xdb'|b'\x9b`\xce'|b'\x9b(\xf4'|b'\x9bO\xb7'|b'\xc2@\xb0'|b'\xe5\x9d\xcb'|b'\xe0\xf0\x91'|b'&7\x1f'|0|155|12880|155
2018-08-08 10:10:24,389 - WARNING : Skipped 25 bytes before start found
2018-08-08 10:10:26,920 - INFO : Data packets received:494
2018-08-08 10:10:26,920 - WARNING : ID:<134> <Unexpected END_BYTE found <0> instead of <192>
2018-08-08 10:10:26,921 - DEBUG : 134|b'(<\xc8'|b'\x9bs$'|b'\x9b\x00F'|b'%\x9bZ'|b']\xc2%'|b'\x13\xe4\xce'|b'\x04\xde\x9a'|b'\xb7#\x96'|-14592|0|0|0
2018-08-08 10:10:26,921 - WARNING : Skipped 5 bytes before start found
2018-08-08 10:10:27,020 - INFO : Data packets received:15
2018-08-08 10:10:27,021 - WARNING : ID:<150> <Unexpected END_BYTE found <73> instead of <192>
2018-08-08 10:10:27,022 - DEBUG : 150|b'(}:'|b'\x9bi\xc0'|b'\x9b(h'|b'2\x9bu'|b'\x1c\x9bN'|b'\x11\x9b\x1c'|b'\x88\xc2\x12'|b'\x8b\xe4\x94'|-20258|4192|8976|73
2018-08-08 10:10:27,024 - WARNING : Skipped 11 bytes before start found
2018-08-08 10:10:29,382 - INFO : Data packets received:433
2018-08-08 10:10:29,383 - WARNING : ID:<222> <Unexpected END_BYTE found <0> instead of <192>
2018-08-08 10:10:29,390 - DEBUG : 222|b'(\x7f\xca'|b'\x9b\x96\x07'|b'\x9bp\x82'|b'\x9b\x86\\'|b'\xc1\xb3\xb3'|b'\xe3\xfc\xc9'|b'\xdc\xbf\x15'|b'!\xcc\xe3'|0|0|0|0
2018-08-08 10:10:29,392 - WARNING : Skipped 5 bytes before start found
2018-08-08 10:10:29,478 - INFO : Data packets received:15
2018-08-08 10:10:29,478 - WARNING : ID:<238> <Unexpected END_BYTE found <149> instead of <192>
2018-08-08 10:10:29,481 - DEBUG : 238|b'(\x92\x9e'|b'\x9b\xa7\xf3'|b'\x9b|$'|b'\x9bfK'|b'\xc1\xc2H'|b'\xe4\t\x15'|b'\xdc\xc7\x8a'|b'!\xd5X'|0|0|0|149
2018-08-08 10:10:29,491 - WARNING : Skipped 27 bytes before start found
2018-08-08 10:10:31,407 - INFO : Data packets received:328
2018-08-08 10:10:31,411 - WARNING : ID:<221> <Unexpected END_BYTE found <0> instead of <192>
2018-08-08 10:10:31,421 - DEBUG : 221|b'(\xa7\xa0'|b'\x9b\xf5\x90'|b'\x9b\xb6d'|b'\x9b\xa4Z'|b'\xc1\x87\xe8'|b'\xe3\xa3\xea'|b'\xdb\xd5\xf8'|b' \xda\x04'|0|0|0|0
2018-08-08 10:10:31,424 - WARNING : Skipped 5 bytes before start found
2018-08-08 10:10:31,515 - INFO : Data packets received:15
2018-08-08 10:10:31,515 - WARNING : ID:<237> <Unexpected END_BYTE found <143> instead of <192>
2018-08-08 10:10:31,516 - DEBUG : 237|b'(\xa1@'|b'\x9b\xfa!'|b'\x9b\xb4^'|b'\x9b\xb0\xfb'|b'\xc1\x80\xf4'|b'\xe3\x9b\xeb'|b'\xdb\xc8\xc5'|b" \xcd'"|0|0|0|143
2018-08-08 10:10:31,529 - WARNING : Skipped 35 bytes before start found
2018-08-08 10:10:33,848 - INFO : Data packets received:433
2018-08-08 10:10:33,849 - WARNING : ID:<65> <Unexpected END_BYTE found <0> instead of <192>
2018-08-08 10:10:33,849 - DEBUG : 65|b'(\xd9\xcf'|b'\x9c21'|b'\x9b\xed\x10'|b'\x9b\xd9:'|b'\xc1-G'|b'\xe3/\xe7'|b'\xda\xd0\x89'|b'\x1f\xde\xd3'|0|0|0|0
2018-08-08 10:10:33,850 - WARNING : Skipped 5 bytes before start found
2018-08-08 10:10:33,949 - INFO : Data packets received:15
2018-08-08 10:10:33,950 - WARNING : ID:<81> <Unexpected END_BYTE found <160> instead of <192>
2018-08-08 10:10:33,950 - DEBUG : 81|b'(\xe9\xa1'|b'\x9c\x1dJ'|b'\x9b\xe7\x10'|b"\x9b\xdf'"|b'\xc1\x1c\xf9'|b'\xe3\x1e\x04'|b'\xda\xbb!'|b'\x1f\xca\x06'|0|0|192|160
2018-08-08 10:10:33,967 - WARNING : Skipped 36 bytes before start found
2018-08-08 10:10:35,863 - INFO : Data packets received:328
2018-08-08 10:10:35,864 - WARNING : ID:<57> <Unexpected END_BYTE found <0> instead of <192>
2018-08-08 10:10:35,864 - DEBUG : 57|b'(\xcc\xe4'|b'\x9cU\x1f'|b'\x9c\x19\x99'|b'\x9c/\x0b'|b'\xc0\xffS'|b'\xe2\xec\xac'|b'\xda?\x00'|b'K\x1fV'|-27904|0|0|0
2018-08-08 10:10:35,865 - WARNING : Skipped 5 bytes before start found
2018-08-08 10:10:35,957 - INFO : Data packets received:15
2018-08-08 10:10:35,960 - WARNING : ID:<73> <Unexpected END_BYTE found <101> instead of <192>
2018-08-08 10:10:35,964 - DEBUG : 73|b'(\xfb\xe3'|b'\x9c<\xd3'|b'\x9c\x11!'|b'\x9b\xeeF'|b'\xc0\xf3f'|b'\xe2\xe0\x80'|b'\xda1\xe9'|b'\xff\x9cc'|-31332|10423|-25554|101
2018-08-08 10:10:35,970 - WARNING : Skipped 23 bytes before start found
2018-08-08 10:10:38,098 - INFO : Data packets received:388
2018-08-08 10:10:38,099 - WARNING : ID:<109> <Unexpected END_BYTE found <0> instead of <192>
2018-08-08 10:10:38,100 - DEBUG : 109|b')\x07\x11'|b'\x9c\x8c\x9f'|b'\x9cV\x1c'|b'\x9cw\xc2'|b'\xc0\xd0\xcf'|b'\xe2\xaeh'|b'\xd9\xc5\xa9'|b'\x1f&/'|0|0|0|0
2018-08-08 10:10:38,104 - WARNING : Skipped 5 bytes before start found
2018-08-08 10:10:38,182 - INFO : Data packets received:15
2018-08-08 10:10:38,183 - WARNING : ID:<125> <Unexpected END_BYTE found <25> instead of <192>
2018-08-08 10:10:38,183 - DEBUG : 125|b'(\xfd '|b'\x9c\x96\x9c'|b'\x9cS\xf3'|b'\x9c<\xe8'|b'\xc0\xce\xaf'|b'\xe2\xab\xc7'|b'\xd9\xc0\xda'|b'\x1f$\xb3'|0|0|-16224|25
2018-08-08 10:10:38,189 - WARNING : Skipped 35 bytes before start found
2018-08-08 10:10:40,300 - INFO : Data packets received:358
2018-08-08 10:10:40,301 - WARNING : ID:<128> <Unexpected END_BYTE found <128> instead of <192>
2018-08-08 10:10:40,301 - DEBUG : 128|b')B\x08'|b'\x9c\x94\xfa'|b'\x9cq\xba'|b'\x9cW\xa3'|b'\xc0td'|b'\xe2^\x1d'|b'\xd9A\xb9'|b'\x1e\x00\xf0'|-21501|24831|-24544|128
2018-08-08 10:10:40,302 - WARNING : Skipped 5 bytes before start found
2018-08-08 10:10:40,381 - INFO : Data packets received:15
2018-08-08 10:10:40,387 - WARNING : ID:<144> <Unexpected END_BYTE found <188> instead of <192>
2018-08-08 10:10:40,390 - DEBUG : 144|b')?u'|b'\x9c\xabr'|b'\x9c}\xdc'|b'\x9c|K'|b'\xc0\x7f\xc3'|b'\xe2j\xc6'|b'\xd9Mk'|b'\x1e\x9c\x84'|11456|29291|-7587|188
2018-08-08 10:10:40,393 - WARNING : Skipped 17 bytes before start found
2018-08-08 10:10:42,120 - INFO : Data packets received:283
2018-08-08 10:10:42,120 - WARNING : ID:<89> <Unexpected END_BYTE found <0> instead of <192>
2018-08-08 10:10:42,121 - DEBUG : 89|b'/U\xf3'|b'\x9c\xfd\xb4'|b'\x9c\xbd\xdb'|b'\x9c\xa8U'|b'\xc0\xc3\xb4'|b'\xe2\x9cs'|b'\xd9q\xa0'|b'\x1fxN'|0|0|0|0
2018-08-08 10:10:42,122 - WARNING : Skipped 5 bytes before start found
2018-08-08 10:10:42,247 - INFO : Data packets received:15
2018-08-08 10:10:42,247 - WARNING : ID:<105> <Unexpected END_BYTE found <133> instead of <192>
2018-08-08 10:10:42,248 - DEBUG : 105|b'/^!'|b'\x9c\xef\x1c'|b'\x9c\xb6\xc5'|b'\x9c\xa5\xb4'|b'\xc0\xb1s'|b'\xe2\x89\xf6'|b'\xd9]\xd7'|b'\x1fjm'|0|0|192|133
2018-08-08 10:10:42,249 - WARNING : Skipped 21 bytes before start found
2018-08-08 10:10:44,371 - INFO : Data packets received:359
2018-08-08 10:10:44,372 - WARNING : ID:<112> <Unexpected END_BYTE found <0> instead of <192>
2018-08-08 10:10:44,373 - DEBUG : 112|b'/\x85\x8e'|b'\x9d\x00\x1a'|b'\x83\x9c\xea'|b'\x1e\x9d\x08'|b'\xb6\xc0!'|b'K\xe1\xff'|b'6\xd8\xac'|b'Q\x1f1'|-4352|0|0|0
2018-08-08 10:10:44,374 - WARNING : Skipped 5 bytes before start found
2018-08-08 10:10:44,622 - INFO : Data packets received:15
2018-08-08 10:10:44,623 - WARNING : ID:<128> <Unexpected END_BYTE found <21> instead of <192>
2018-08-08 10:10:44,623 - DEBUG : 128|b'/r\x16'|b'\x9d\xc4\xd8'|b'n\x9e\x1f'|b'\x16y\x00'|b'\x00\x00\x00'|b'\x00\x00\xc0'|b'\xa07/'|b'\x80\xb0\x9d'|16301|-25343|22429|21
2018-08-08 10:10:44,625 - WARNING : Skipped 24 bytes before start found
2018-08-08 10:10:46,517 - INFO : Data packets received:343
2018-08-08 10:10:46,518 - WARNING : ID:<143> <Unexpected END_BYTE found <0> instead of <192>
2018-08-08 10:10:46,519 - DEBUG : 143|b')\xc7\xbd'|b'\x9d#\x1b'|b'\x9c\xff\x00'|b'F\x9c\xc3'|b'\xbb\xbf7'|b'Z\xe1='|b'\xfe\xd7\xae'|b'8\x1e\x87'|3072|0|0|0
2018-08-08 10:10:46,522 - WARNING : Skipped 5 bytes before start found
2018-08-08 10:10:46,564 - INFO : Data packets received:15
2018-08-08 10:10:46,564 - WARNING : ID:<159> <Unexpected END_BYTE found <135> instead of <192>
2018-08-08 10:10:46,567 - DEBUG : 159|b')\xcc\xeb'|b'\x9d<\xe4'|b'\x9d\x0f\xc0'|b'\xa0S)'|b'\xc7\\\x9d'|b'7\xa4\x9d'|b'\x15!\x9d'|b'\x00\xdc\xbf'|7962|-7885|15063|135
2018-08-08 10:10:46,577 - WARNING : Skipped 15 bytes before start found
2018-08-08 10:10:48,843 - INFO : Data packets received:403
2018-08-08 10:10:48,844 - WARNING : ID:<231> <Unexpected END_BYTE found <96> instead of <192>
2018-08-08 10:10:48,844 - DEBUG : 231|b')\xcdM'|b'\x9dtW'|b'\x9dH&'|b'\x9d$\x81'|b'\xbe\xec\xa9'|b'\xe1\x19\xb4'|b'\xd7G\xba'|b'\x1es\x9f'|768|8447|-28640|96
2018-08-08 10:10:48,845 - WARNING : Skipped 5 bytes before start found
2018-08-08 10:10:48,939 - INFO : Data packets received:15
2018-08-08 10:10:48,940 - WARNING : ID:<247> <Unexpected END_BYTE found <18> instead of <192>
2018-08-08 10:10:48,940 - DEBUG : 247|b')\xca\xc0'|b'\x9d\x88"'|b'\x9dR\xa5'|b'\x9d7\x8c'|b'\xbe\xf3a'|b'\xe1#A'|b'\xd7O\xc4'|b'\x1e~z'|157|17480|-16685|18
2018-08-08 10:10:48,955 - WARNING : Skipped 20 bytes before start found
2018-08-08 10:10:51,399 - INFO : Data packets received:449
2018-08-08 10:10:51,400 - WARNING : ID:<95> <Unexpected END_BYTE found <0> instead of <192>
2018-08-08 10:10:51,401 - DEBUG : 95|b')h\xa1'|b'\x9d\xb29'|b'\x9d\x00\x80'|b'a\x9dZ'|b'\xff\xbe\x80'|b'\x13\xe0\xe4'|b'\xdc\xd7\x0c'|b'\x17\x1e\x83'|-7168|0|0|0
2018-08-08 10:10:51,402 - WARNING : Skipped 5 bytes before start found
2018-08-08 10:10:51,490 - INFO : Data packets received:15
2018-08-08 10:10:51,491 - WARNING : ID:<111> <Unexpected END_BYTE found <0> instead of <192>
2018-08-08 10:10:51,492 - DEBUG : 111|b')a\xf4'|b'\x9d\x97\xf7'|b'\x9d\x9d\x99'|b'z\x9d|'|b'\x97\xbeo'|b'f\xe0\xf0'|b"'\xd7\x11"|b'\x84\x1e\xa4'|3072|0|0|0
2018-08-08 10:10:51,492 - WARNING : Skipped 5 bytes before start found
2018-08-08 10:10:53,303 - INFO : Data packets received:283
2018-08-08 10:10:53,304 - WARNING : ID:<48> <Unexpected END_BYTE found <0> instead of <192>
2018-08-08 10:10:53,306 - DEBUG : 48|b')lH'|b'\x9d\xe5\x8b'|b'\x9d\xb2\\'|b'\x9d\x92>'|b'\xbeFC'|b'\xe0\xd0\xa5'|b'\xd6\xed\xb0'|b'\x1e\xa3\xdb'|0|0|0|0
2018-08-08 10:10:53,309 - WARNING : Skipped 5 bytes before start found
2018-08-08 10:10:53,382 - INFO : Data packets received:15
2018-08-08 10:10:53,383 - WARNING : ID:<64> <Unexpected END_BYTE found <0> instead of <192>
2018-08-08 10:10:53,383 - DEBUG : 64|b')LK'|b'\x9d\xed\xb6'|b'\x9d\xb5v'|b'\x9d\xbb\x00'|b'\xbe=,'|b'\xe0\xc9%'|b'\xd6\xe4\x1a'|b'\x1e\x9f\x19'|0|-23783|0|0
2018-08-08 10:10:53,385 - WARNING : Skipped 8 bytes before start found
2018-08-08 10:10:55,558 - INFO : Data packets received:374
2018-08-08 10:10:55,563 - WARNING : ID:<107> <Unexpected END_BYTE found <0> instead of <192>
2018-08-08 10:10:55,564 - DEBUG : 107|b')n\xb2'|b'\x9e#\xb3'|b'\x9d\xe6\xe3'|b'\x9d\xc9n'|b'\xbd\xd2\xdf'|b'\x00\xe0\x83'|b'4\xd6\x83'|b')\x1e\xa2'|-27392|0|0|0
2018-08-08 10:10:55,569 - WARNING : Skipped 5 bytes before start found
2018-08-08 10:10:55,654 - INFO : Data packets received:15
2018-08-08 10:10:55,655 - WARNING : ID:<123> <Unexpected END_BYTE found <178> instead of <192>
2018-08-08 10:10:55,656 - DEBUG : 123|b')f\x96'|b'\x9e\x19|'|b'\x9d\xe1P'|b'\x9d\xc2\x1a'|b'\xbd\xc4\xb6'|b'\x00\x00\x00'|b'\x00\xc0\xa0'|b'*)i'|20638|6595|-25110|178
2018-08-08 10:10:55,674 - WARNING : Skipped 26 bytes before start found
2018-08-08 10:10:57,737 - INFO : Data packets received:373
2018-08-08 10:10:57,738 - WARNING : ID:<160> <Unexpected END_BYTE found <0> instead of <192>
2018-08-08 10:10:57,738 - DEBUG : 160|b')t\x84'|b'\x9e6j'|b'\x9e\x0e\xd5'|b'\x9d\xfc\xbb'|b'\xbdHx'|b'\xe0D\xe4'|b'\xd6\x00<'|b'{\x1e\xa3'|-28160|0|0|0
2018-08-08 10:10:57,739 - WARNING : Skipped 5 bytes before start found
2018-08-08 10:10:57,869 - INFO : Data packets received:15
2018-08-08 10:10:57,874 - WARNING : ID:<176> <Unexpected END_BYTE found <158> instead of <192>
2018-08-08 10:10:57,885 - DEBUG : 176|b')mk'|b'\x9eN\xd8'|b'\x9e\x1a\x15'|b'\x9e\x0b8'|b'\xbdR\\'|b'\xe0P3'|b'\xd6\x80\xff'|b'\xa0 0'|-16224|19753|18561|158
2018-08-08 10:10:57,895 - WARNING : Skipped 31 bytes before start found
2018-08-08 10:10:59,938 - INFO : Data packets received:313
2018-08-08 10:10:59,939 - WARNING : ID:<135> <Unexpected END_BYTE found <0> instead of <192>
2018-08-08 10:10:59,942 - DEBUG : 135|b')\x84\x9a'|b'\x9e|r'|b'\x9eB\xbe'|b'\x9eO\xde'|b'\xbd\x03\x00'|b'Q\xe0,'|b'\xb5\xd6\x1a'|b'\x0e\x1e\xc9'|512|0|0|0
2018-08-08 10:10:59,942 - WARNING : Skipped 5 bytes before start found
2018-08-08 10:11:00,030 - INFO : Data packets received:15
2018-08-08 10:11:00,031 - WARNING : ID:<151> <Unexpected END_BYTE found <158> instead of <192>
2018-08-08 10:11:00,032 - DEBUG : 151|b')\x843'|b'\x9ew2'|b'\x9e=N'|b'\x9eK\xcb'|b'\xbc\xf8\xf5'|b'\x00\x00\x00'|b'\x00\x00\x00'|b'\xc0\xa0m'|10640|-31330|-29697|158
2018-08-08 10:11:00,038 - WARNING : Skipped 28 bytes before start found
2018-08-08 10:11:02,074 - INFO : Data packets received:358
2018-08-08 10:11:02,074 - WARNING : ID:<212> <Unexpected END_BYTE found <0> instead of <192>
2018-08-08 10:11:02,077 - DEBUG : 212|b')\xb3;'|b'\x9e\xa9-'|b'\x9ewp'|b'\x9e\x7f\x02'|b'\xbcg\xc2'|b'\x00\xdf\xbb'|b'\n\xd5|'|b'\x05\x1e\x98'|31488|0|0|0
2018-08-08 10:11:02,082 - WARNING : Skipped 5 bytes before start found
2018-08-08 10:11:02,154 - INFO : Data packets received:15
2018-08-08 10:11:02,155 - WARNING : ID:<228> <Unexpected END_BYTE found <216> instead of <192>
2018-08-08 10:11:02,163 - DEBUG : 228|b')\xc4-'|b'\x9e\xb3\xc4'|b'\x9ex\xdd'|b'\x9el\x0f'|b'\xbcg\x04'|b']\xcc\x1e'|b'\x96\xda\x00'|b'\x00\x00\x00'|0|-16224|-30679|216
2018-08-08 10:11:02,166 - WARNING : Skipped 33 bytes before start found
2018-08-08 10:11:04,534 - INFO : Data packets received:418
2018-08-08 10:11:04,535 - WARNING : ID:<43> <Unexpected END_BYTE found <0> instead of <192>
2018-08-08 10:11:04,535 - DEBUG : 43|b')\xd7Z'|b'\x9e\xc7\xb6'|b'\x9e\x9b\xbd'|b'\x9ek\xd6'|b'\xbb\xe3\x93'|b'\x00\xdft'|b'K\xd5\x1a'|b'\xa5\x1e\x8e'|27648|0|0|0
2018-08-08 10:11:04,536 - WARNING : Skipped 5 bytes before start found
2018-08-08 10:11:04,617 - INFO : Data packets received:15
2018-08-08 10:11:04,618 - WARNING : ID:<59> <Unexpected END_BYTE found <207> instead of <192>
2018-08-08 10:11:04,619 - DEBUG : 59|b')\xe8\xfd'|b'\x9e\xb3\xd4'|b'\x9e\x937'|b'\x9e\xa4\xb1'|b'\xbb\xd4\xd8'|b'~\x00\x00'|b'\x00\x00\x00'|b'\x00\xc0\xa0'|-4567|-4884|-24892|207
2018-08-08 10:11:04,631 - WARNING : Skipped 29 bytes before start found
2018-08-08 10:11:06,679 - INFO : Data packets received:358
2018-08-08 10:11:06,680 - WARNING : ID:<85> <Unexpected END_BYTE found <0> instead of <192>
2018-08-08 10:11:06,680 - DEBUG : 85|b')\xe5]'|b'\x9e\xe2\xd7'|b'\x9e\xc2\x19'|b'\x9e\xbe\x00'|b'\xbb\x82\xcd'|b'\x00\xdfF'|b'c\xd4\xeb'|b'\xc8\x1e\xa5'|-6656|0|0|0
2018-08-08 10:11:06,680 - WARNING : Skipped 5 bytes before start found
2018-08-08 10:11:06,786 - INFO : Data packets received:15
2018-08-08 10:11:06,787 - WARNING : ID:<101> <Unexpected END_BYTE found <187> instead of <192>
2018-08-08 10:11:06,787 - DEBUG : 101|b')\xf4c'|b'\x9e\xf6\xd2'|b'\x9e\xd1['|b'\x9e\xb7\xdd'|b'\xbb\x95\xc9'|b'\xc0\xa0\x06'|b')\xccs'|b'\x9f \xfb'|-24857|26526|-9691|187
2018-08-08 10:11:06,801 - WARNING : Skipped 22 bytes before start found
2018-08-08 10:11:08,722 - INFO : Data packets received:343
2018-08-08 10:11:08,723 - WARNING : ID:<94> <Unexpected END_BYTE found <0> instead of <192>
2018-08-08 10:11:08,723 - DEBUG : 94|b'*\n\xd2'|b'\x9f\x199'|b'\x9e\xf7\xa4'|b'\x9e\xce\x87'|b'\xbbAk'|b'\xdf)\x8f'|b'\xd4\xc6\xf7'|b'\x00\x1e\xf0'|12544|0|0|0
2018-08-08 10:11:08,724 - WARNING : Skipped 5 bytes before start found
2018-08-08 10:11:08,824 - INFO : Data packets received:15
2018-08-08 10:11:08,825 - WARNING : ID:<110> <Unexpected END_BYTE found <166> instead of <192>
2018-08-08 10:11:08,828 - DEBUG : 110|b'*\r\x1c'|b'\x9f/\x8a'|b'\x9f\x06\x0f'|b'\x9f%\x8b'|b'\xbbK*'|b'\xdf38'|b'\xd4\xcfd'|b'\x1f<\xbb'|9607|-8425|-4396|166
2018-08-08 10:11:08,837 - WARNING : Skipped 15 bytes before start found
2018-08-08 10:11:10,794 - INFO : Data packets received:329
2018-08-08 10:11:10,799 - WARNING : ID:<81> <Unexpected END_BYTE found <0> instead of <192>
2018-08-08 10:11:10,802 - DEBUG : 81|b'\x00*U'|b'\x04\x9fo'|b'~\x9f3'|b"\x95\x9f'"|b'P\xba\xf6'|b'\x94\xde\xeb'|b'\x93\xd4Q'|b'\x19\x1e\xed'|15872|0|0|0
2018-08-08 10:11:10,804 - WARNING : Skipped 5 bytes before start found
2018-08-08 10:11:10,898 - INFO : Data packets received:15
2018-08-08 10:11:10,899 - WARNING : ID:<97> <Unexpected END_BYTE found <0> instead of <192>
2018-08-08 10:11:10,899 - DEBUG : 97|b'\xc0\xa0\x0e'|b'*<\x17'|b'\x9fb\xaa'|b'\x9f>?'|b'\x9f\x1eq'|b'\xba\xd4|'|b'\xde\xc0:'|b'\xd4\x01z'|7864|-2304|0|0
2018-08-08 10:11:10,909 - WARNING : Skipped 7 bytes before start found
2018-08-08 10:11:13,102 - INFO : Data packets received:388
2018-08-08 10:11:13,104 - WARNING : ID:<147> <Unexpected END_BYTE found <0> instead of <192>
2018-08-08 10:11:13,112 - DEBUG : 147|b'**\xd7'|b'\x9fmC'|b'\x9fL\x81'|b'\x9f\x10f'|b'\xba\x80\x85'|b'\xde\x8a\xb5'|b'\xd3\xb9K'|b'\x1e\xb6\x93'|0|0|0|0
2018-08-08 10:11:13,114 - WARNING : Skipped 5 bytes before start found
2018-08-08 10:11:13,214 - INFO : Data packets received:15
2018-08-08 10:11:13,214 - WARNING : ID:<163> <Unexpected END_BYTE found <159> instead of <192>
2018-08-08 10:11:13,219 - DEBUG : 163|b'*4\xdb'|b'\x9fyl'|b'\x9fX:'|b'\x9fq\xe8'|b'\xba\x8a\xec'|b'\xde\x970'|b'\xd3\xc4\xb8'|b'\x1e\xc57'|-16224|20010|8106|159
2018-08-08 10:11:13,224 - WARNING : Skipped 31 bytes before start found
2018-08-08 10:11:15,182 - INFO : Data packets received:328
2018-08-08 10:11:15,182 - WARNING : ID:<151> <Unexpected END_BYTE found <0> instead of <192>
2018-08-08 10:11:15,184 - DEBUG : 151|b')\xbe\xbb'|b'\x9f\xb4?'|b'\x9f\x8cc'|b'\x9f\xab['|b'\xba3\xee'|b'\xde\x82\x0c'|b'\xd3\xcf\x00'|b'\x8e\x1f\t'|-28160|0|0|0
2018-08-08 10:11:15,185 - WARNING : Skipped 5 bytes before start found
2018-08-08 10:11:15,307 - INFO : Data packets received:15
2018-08-08 10:11:15,308 - WARNING : ID:<167> <Unexpected END_BYTE found <151> instead of <192>
2018-08-08 10:11:15,309 - DEBUG : 167|b')\xb5\xf7'|b'\x9f\xc7\x8b'|b'\x9f\x93\x01'|b'\x9f\x99\x81'|b'\xba8x'|b'\xde\x88p'|b'\xd3\xd6\xc0'|b'\xa0U)'|-11953|-24630|11679|151
2018-08-08 10:11:15,312 - WARNING : Skipped 27 bytes before start found
2018-08-08 10:11:17,359 - INFO : Data packets received:388
2018-08-08 10:11:17,360 - WARNING : ID:<218> <Unexpected END_BYTE found <0> instead of <192>
2018-08-08 10:11:17,361 - DEBUG : 218|b')\xf5\xee'|b'\x9f\xf1\xbd'|b'\x9f\xbdI'|b'\x9f\xc3\x7f'|b'\xb9\xd0\xdb'|b'\xdeky'|b'\xd3\xc4\xf7'|b'\x1fC\xcc'|0|0|0|0
2018-08-08 10:11:17,362 - WARNING : Skipped 5 bytes before start found
2018-08-08 10:11:19,660 - INFO : Data packets received:405
2018-08-08 10:11:19,661 - WARNING : ID:<254> <Unexpected END_BYTE found <0> instead of <192>
2018-08-08 10:11:19,662 - DEBUG : 254|b'*\x01\xe3'|b'\x9f\xe7('|b'\x9f\xc8\xb4'|b'\x9f\xdbx'|b'\xb9+/'|b'\xde\x07\x7f'|b'\x00\xd3f'|b'\x02\x1f '|4864|0|0|0
2018-08-08 10:11:19,663 - WARNING : Skipped 5 bytes before start found
2018-08-08 10:11:19,746 - INFO : Data packets received:15
2018-08-08 10:11:19,749 - WARNING : ID:<14> <Unexpected END_BYTE found <84> instead of <192>
2018-08-08 10:11:19,750 - DEBUG : 14|b')\xbd\x15'|b'\x9f\xf8\xf9'|b'\x9f\xd6\xc0'|b'\x9f\xd1o'|b'\xb93\xa6'|b'\xde\x11t'|b'\xdd\x08\x9f'|b'\xb0/\xb9'|2759|-8712|22995|84
2018-08-08 10:11:19,751 - WARNING : Skipped 15 bytes before start found
2018-08-08 10:11:21,827 - INFO : Data packets received:328
2018-08-08 10:11:21,828 - WARNING : ID:<254> <Unexpected END_BYTE found <0> instead of <192>
2018-08-08 10:11:21,831 - DEBUG : 254|b'):6'|b'\xa0\x1dP'|b'\x9f\xfc\x18'|b'\xa0\x15t'|b'\xb8\xce\xe1'|b'\xdd\xec('|b'\xd3N\xe2'|b'\x1fH\x8d'|0|0|0|0
2018-08-08 10:11:21,842 - WARNING : Skipped 5 bytes before start found
2018-08-08 10:11:21,957 - INFO : Data packets received:15
2018-08-08 10:11:21,959 - WARNING : ID:<14> <Unexpected END_BYTE found <32> instead of <192>
2018-08-08 10:11:21,960 - DEBUG : 14|b')(\xb9'|b'\xa04\xac'|b'\xa0\x08~'|b'\xa0\n\xc5'|b'\xb8\xd6)'|b'\xdd\xf5{'|b'\xd3X\xf1'|b'\x1fS\xe6'|0|0|0|32
2018-08-08 10:11:21,961 - WARNING : Skipped 6 bytes before start found
2018-08-08 10:11:23,693 - INFO : Data packets received:299
2018-08-08 10:11:23,693 - WARNING : ID:<2> <Unexpected END_BYTE found <0> instead of <192>
2018-08-08 10:11:23,702 - DEBUG : 2|b"(\xb9'"|b'\xa0[\x80'|b'\xa0+\xa7'|b'\xa00G'|b'\xb8y*'|b'\xdd\x00\xda'|b'/\xd3@'|b'\x1b\x1fy'|-10240|0|0|0
2018-08-08 10:11:23,707 - WARNING : Skipped 5 bytes before start found
2018-08-08 10:11:23,803 - INFO : Data packets received:15
2018-08-08 10:11:23,807 - WARNING : ID:<18> <Unexpected END_BYTE found <0> instead of <192>
2018-08-08 10:11:23,808 - DEBUG : 18|b'(\x94\xa8'|b'\xa0al'|b'\xa0)\x92'|b'\xa0\x14&'|b'\xb8p\xc0'|b'\xddQ\xb8'|b'^;\xdd'|b'\xd1\xb8\xd3'|13388|8071|9472|0
2018-08-08 10:11:23,827 - WARNING : Skipped 9 bytes before start found
2018-08-08 10:11:25,938 - INFO : Data packets received:374
2018-08-08 10:11:25,939 - WARNING : ID:<35> <Unexpected END_BYTE found <0> instead of <192>
2018-08-08 10:11:25,940 - DEBUG : 35|b'(\xd0}'|b'\xa0\x00z'|b']\xa0I'|b'1\xa0/'|b'\r\xb8*'|b'\x93\xdd\xcc'|b'$\xd32'|b'\x00\x1f\xb1'|32512|0|0|0
2018-08-08 10:11:25,941 - WARNING : Skipped 5 bytes before start found
2018-08-08 10:11:26,040 - INFO : Data packets received:15
2018-08-08 10:11:26,041 - WARNING : ID:<51> <Unexpected END_BYTE found <111> instead of <192>
2018-08-08 10:11:26,043 - DEBUG : 51|b'(\xdd\xee'|b'\xa0\xc0\xa0'|b'\xd9(\xcb'|b'\xe9\xa0a'|b'D\xa0F'|b'%\xa0<'|b'A\xb8\x07'|b'.\xdd\xbb'|14035|10665|8128|111
2018-08-08 10:11:26,044 - WARNING : Skipped 11 bytes before start found
2018-08-08 10:11:28,047 - INFO : Data packets received:328
2018-08-08 10:11:28,047 - WARNING : ID:<34> <Unexpected END_BYTE found <0> instead of <192>
2018-08-08 10:11:28,048 - DEBUG : 34|b'(\x9a*'|b'\xa0\x83\xf9'|b'\xa0d\x9f'|b'\xa0@&'|b'\xb7\xe9O'|b'\xdd\xc4i'|b'\xd35\x00'|b'\xe0\x1f\xf1'|19456|0|0|0
2018-08-08 10:11:28,050 - WARNING : Skipped 5 bytes before start found
2018-08-08 10:11:28,155 - INFO : Data packets received:15
2018-08-08 10:11:28,157 - WARNING : ID:<50> <Unexpected END_BYTE found <0> instead of <192>
2018-08-08 10:11:28,158 - DEBUG : 50|b'(\xb6\x02'|b'\xa0\x99\xd8'|b'\xa0r:'|b'\xa0\x8e\xa2'|b'\xb7\xf6\x91'|b'\xdd\xd0\xd8'|b'\xd3D\xa1'|b'\xdd\xac\xd3'|-11486|-13025|-3243|0
2018-08-08 10:11:28,168 - WARNING : Skipped 10 bytes before start found
2018-08-08 10:11:30,039 - INFO : Data packets received:299
2018-08-08 10:11:30,041 - WARNING : ID:<19> <Unexpected END_BYTE found <0> instead of <192>
2018-08-08 10:11:30,043 - DEBUG : 19|b'(\xaf\x00'|b'\xdc\xa0\x97'|b'7\xa0x'|b'\xd0\xa0j'|b'y\xb7\xa3'|b'q\xdd\xa6'|b'\xe4\xd35'|b'U ,'|-27136|0|0|0
2018-08-08 10:11:30,043 - WARNING : Skipped 5 bytes before start found
2018-08-08 10:11:30,152 - INFO : Data packets received:15
2018-08-08 10:11:30,155 - WARNING : ID:<35> <Unexpected END_BYTE found <160> instead of <192>
2018-08-08 10:11:30,157 - DEBUG : 35|b'(\xb8M'|b'\xa0z\xc6'|b'\xb7\x96\x95'|b'\xdd\xb2~'|b'\xd3N\x06'|b' g\xf8'|b'\x03\x80\xff'|b'` 0'|-16224|-8920|-17268|160
2018-08-08 10:11:30,158 - WARNING : Skipped 6 bytes before start found
2018-08-08 10:11:30,167 - WARNING : ID:<158> <Unexpected END_BYTE found <213> instead of <192>
2018-08-08 10:11:30,171 - DEBUG : 158|b'\xb5\xa0\x86'|b'L\xb7\xa9'|b'\x1e\xdd\xc4'|b'Y\xd3`'|b'\xb4 z'|b'\xf4\x00\x00'|b'\x00\x00\x00'|b'\x00\xc0\xa0'|-8664|-15522|-24380|213
2018-08-08 10:11:30,173 - WARNING : Skipped 10 bytes before start found
2018-08-08 10:11:30,175 - WARNING : ID:<156> <Unexpected END_BYTE found <139> instead of <192>
2018-08-08 10:11:30,176 - DEBUG : 156|b'\xb3\xa0{'|b'\xd6\xb7\xa6'|b'\x88\xdd\xc1'|b'\xb5\xd3^'|b'r x'|b'\xba\x00\x00'|b'\x00\x00\x00'|b'\x00\xc0\xa0'|-8408|-11822|-24412|139
2018-08-08 10:11:30,177 - WARNING : Skipped 14 bytes before start found
2018-08-08 10:11:30,194 - WARNING : ID:<134> <Unexpected END_BYTE found <189> instead of <192>
2018-08-08 10:11:30,195 - DEBUG : 134|b'\xe2\xa0M'|b'\xf1\xb7\x8e'|b'\x89\xdd\xaa'|b'\x10\xd3F'|b'\xe9 a'|b'%\x00\x00'|b'\x00\x00\x00'|b'\x00\xc0\xa0'|-8152|-11999|-24395|189
2018-08-08 10:11:30,196 - WARNING : Skipped 18 bytes before start found
2018-08-08 10:11:30,199 - WARNING : ID:<139> <Unexpected END_BYTE found <67> instead of <192>
2018-08-08 10:11:30,200 - DEBUG : 139|b'\xfc\xa0]'|b'\x99\xb7\x92'|b'I\xdd\xad'|b'\xe6\xd3J'|b'\xb9 e'|b'M\x00\x00'|b'\x00\x00\x00'|b'\x00\xc0\xa0'|-7896|-11817|-24364|67
2018-08-08 10:11:30,201 - WARNING : Skipped 22 bytes before start found
2018-08-08 10:11:30,203 - WARNING : ID:<158> <Unexpected END_BYTE found <56> instead of <192>
2018-08-08 10:11:30,204 - DEBUG : 158|b'\xe2\xa0\xa9'|b'\x83\xb7\xa6'|b'\xc1\xdd\xc2'|b'\x0c\xd3_'|b'I z'|b'\t\x00\x00'|b'\x00\x00\x00'|b'\x00\xc0\xa0'|-7640|-15739|-24377|56
2018-08-08 10:11:30,204 - WARNING : Skipped 26 bytes before start found
2018-08-08 10:11:30,216 - WARNING : ID:<158> <Unexpected END_BYTE found <77> instead of <192>
2018-08-08 10:11:30,218 - DEBUG : 158|b'\xb5\xa0\xb7'|b'\xe0\xb7\xa5'|b'\x18\xdd\xc0'|b'm\xd3^'|b'E x'|b'\x9d\x00\x00'|b'\x00\x00\x00'|b'\x00\xc0\xa0'|-7384|-15786|-24410|77
2018-08-08 10:11:30,219 - WARNING : Skipped 30 bytes before start found
2018-08-08 10:11:30,228 - WARNING : ID:<138> <Unexpected END_BYTE found <52> instead of <192>
2018-08-08 10:11:30,229 - DEBUG : 138|b'\xe0\xa0\x9a'|b'\x0f\xb7\x8d'|b'\xd1\xdd\xa9'|b'\xe0\xd3G'|b'y a'|b'\x82\x00\x00'|b'\x00\x00\x00'|b'\x00\xc0\xa0'|-7128|-16250|-24401|52
2018-08-08 10:11:30,232 - WARNING : Skipped 34 bytes before start found
2018-08-08 10:11:30,235 - WARNING : ID:<137> <Unexpected END_BYTE found <58> instead of <192>
2018-08-08 10:11:30,236 - DEBUG : 137|b'\xce\xa0\x8f'|b'\xe9\xb7\x8a'|b'\xb8\xdd\xa7'|b'\x03\xd3D'|b'\x87 ^'|b'\xc2\x00\x00'|b'\x00\x00\x00'|b'\x00\xc0\xa0'|-6872|-15690|-24364|58
2018-08-08 10:11:30,241 - WARNING : Skipped 38 bytes before start found
2018-08-08 10:11:30,247 - WARNING : ID:<156> <Unexpected END_BYTE found <106> instead of <192>
2018-08-08 10:11:30,248 - DEBUG : 156|b'\xc9\xa0\xa0'|b'\xae\xb7\xa2'|b'\x84\xdd\xbe'|b'\xd6\xd3\\'|b'\xe1 w'|b'\x99\x00\x00'|b'\x00\x00\x00'|b'\x00\xc0\xa0'|-6616|-15793|-24369|106
2018-08-08 10:11:30,248 - WARNING : Skipped 42 bytes before start found
2018-08-08 10:11:30,257 - WARNING : ID:<159> <Unexpected END_BYTE found <209> instead of <192>
2018-08-08 10:11:30,258 - DEBUG : 159|b'\xaf\xa0\x9d'|b'\xf2\xb7\xa5'|b'\xff\xdd\xc2'|b'}\xd3`'|b'\xf8 {'|b'\xe4\x03\x80'|b'\xffP '|b'p\xc0\xa0'|-6360|-17286|-24403|209
2018-08-08 10:11:30,264 - WARNING : Skipped 46 bytes before start found
2018-08-08 10:11:30,271 - WARNING : ID:<143> <Unexpected END_BYTE found <254> instead of <192>
2018-08-08 10:11:30,272 - DEBUG : 143|b'J\xa0\x83'|b'!\xb7\x91'|b'\xdf\xdd\xae'|b'\xcb\xd3L'|b'\xf9 g'|b'\xe7\x00\x00'|b'\x00\x00\x00'|b'\x00\xc0\xa0'|-6104|-16570|-24406|254
2018-08-08 10:11:30,272 - WARNING : Skipped 50 bytes before start found
2018-08-08 10:11:30,281 - WARNING : ID:<135> <Unexpected END_BYTE found <130> instead of <192>
2018-08-08 10:11:30,282 - DEBUG : 135|b'\x95\xa0q'|b'\xd5\xb7\x87'|b'\xba\xdd\xa4'|b'\xea\xd3B'|b'\xbf ]'|b'\xd8\x00\x00'|b'\x00\x00\x00'|b'\x00\xc0\xa0'|-5848|-17499|-24367|130
2018-08-08 10:11:30,282 - WARNING : Skipped 54 bytes before start found
2018-08-08 10:11:30,289 - WARNING : ID:<155> <Unexpected END_BYTE found <26> instead of <192>
2018-08-08 10:11:30,290 - DEBUG : 155|b'P\xa0\x82'|b'\xd1\xb7\xa0'|b'"\xdd\xbc'|b'\xb2\xd3['|b'@ v'|b'6\x00\x00'|b'\x00\x00\x00'|b'\x00\xc0\xa0'|-5592|-16532|-24365|26
2018-08-08 10:11:30,295 - WARNING : Skipped 58 bytes before start found
2018-08-08 10:11:30,299 - WARNING : ID:<159> <Unexpected END_BYTE found <30> instead of <192>
2018-08-08 10:11:30,300 - DEBUG : 159|b'\x8e\xa0\x84'|b'\x16\xb7\xa8'|b'\x1f\xdd\xc4'|b'c\xd3c'|b'< ~'|b'\x15\x00\x00'|b'\x00\x00\x00'|b'\x00\xc0\xa0'|-5336|-16298|-24395|30
2018-08-08 10:11:30,300 - WARNING : Skipped 62 bytes before start found
2018-08-08 10:11:30,308 - WARNING : ID:<147> <Unexpected END_BYTE found <54> instead of <192>
2018-08-08 10:11:30,309 - DEBUG : 147|b'\xfc\xa0e'|b'C\xb7\x98'|b'\xc0\xdd\xb5'|b']\xd3S'|b'\xb0 n'|b'\xff\x00\x00'|b'\x00\x00\x00'|b'\x00\xc0\xa0'|-5080|-15620|-24410|54
2018-08-08 10:11:30,311 - WARNING : Skipped 66 bytes before start found
2018-08-08 10:11:30,317 - WARNING : ID:<133> <Unexpected END_BYTE found <72> instead of <192>
2018-08-08 10:11:30,317 - DEBUG : 133|b'T\xa0E'|b'g\xb7\x85'|b'\xf9\xdd\xa2'|b'\xc4\xd3@'|b'J \\'|b'\x02\x00\x00'|b'\x00\x00\x00'|b'\x00\xc0\xa0'|-4824|-17894|-24374|72
2018-08-08 10:11:30,318 - WARNING : Skipped 70 bytes before start found
2018-08-08 10:11:30,326 - WARNING : ID:<153> <Unexpected END_BYTE found <87> instead of <192>
2018-08-08 10:11:30,327 - DEBUG : 153|b'\x1b\xa0\x84'|b'\x13\xb7\x99'|b'\xc4\xdd\xb6'|b'c\xd3T'|b'( p'|b'\x0f\x00\x00'|b'\x00\x00\x00'|b'\x00\xc0\xa0'|-4568|-16003|-24365|87
2018-08-08 10:11:30,329 - WARNING : Skipped 74 bytes before start found
2018-08-08 10:11:30,338 - WARNING : ID:<161> <Unexpected END_BYTE found <43> instead of <192>
2018-08-08 10:11:30,338 - DEBUG : 161|b'\r\xa0\xbc'|b'\x9f\xb7\xa4'|b']\xdd\xc0'|b'\xb8\xd3_'|b'g {'|b'\x1b\x00\x00'|b'\x00\x00\x00'|b'\x00\xc0\xa0'|-4312|-14730|-24390|43
2018-08-08 10:11:30,344 - WARNING : Skipped 78 bytes before start found
2018-08-08 10:11:30,353 - WARNING : ID:<152> <Unexpected END_BYTE found <118> instead of <192>
2018-08-08 10:11:30,354 - DEBUG : 152|b'\xc5\xa0\xb1'|b'\xf5\xb7\x9a'|b'"\xdd\xb6'|b'd\xd3U'|b'G q'|b'\x18\x00\x00'|b'\x00\x00\x00'|b'\x00\xc0\xa0'|-4056|-13848|-24412|118
2018-08-08 10:11:30,355 - WARNING : Skipped 82 bytes before start found
2018-08-08 10:11:30,363 - WARNING : ID:<134> <Unexpected END_BYTE found <247> instead of <192>
2018-08-08 10:11:30,364 - DEBUG : 134|b'>\xa0\x95'|b'S\xb7\x84'|b'd\xdd\xa1'|b'A\xd3?'|b'v ['|b'\xa5\x03`'|b'\xffp '|b'`\xc0\xa0'|-3800|-14276|-24378|247
2018-08-08 10:11:30,365 - WARNING : Skipped 86 bytes before start found
2018-08-08 10:11:30,371 - WARNING : ID:<150> <Unexpected END_BYTE found <251> instead of <192>
2018-08-08 10:11:30,372 - DEBUG : 150|b'L\xa0\xa0'|b'\xb3\xb7\x97'|b'\x03\xdd\xb4'|b'\x1e\xd3R'|b'\xa4 n'|b'\xca\x00\x00'|b'\x00\x00\x00'|b'\x00\xc0\xa0'|-3544|-14465|-24363|251
2018-08-08 10:11:30,374 - WARNING : Skipped 90 bytes before start found
2018-08-08 10:11:30,384 - WARNING : Reconnecting
2018-08-08 10:11:30,385 - WARNING : ID:<160> <Unexpected END_BYTE found <116> instead of <192>
2018-08-08 10:11:30,386 - WARNING : sent <s>: stopped streaming
2018-08-08 10:11:30,387 - DEBUG : 160|b'\xe1\xa0\xa9'|b'3\xb7\xa6'|b'8\xdd\xc3'|b'-\xd3b'|b'\x06 ~'|b'\x86\x00\x00'|b'\x00\x00\x00'|b'\x00\xc0\xa0'|-3288|-14016|-24384|116
2018-08-08 10:11:30,388 - WARNING : Skipped 94 bytes before start found
2018-08-08 10:11:30,400 - WARNING : ID:<154> <Unexpected END_BYTE found <142> instead of <192>
2018-08-08 10:11:30,401 - DEBUG : 154|b'W\xa0\x9b'|b'\xef\xb7\x9f'|b'\x91\xdd\xbc'|b'\xa6\xd3['|b'\xd0 x'|b'\x95\x00\x00'|b'\x00\x00\x00'|b'\x00\xc0\xa0'|-3032|-12766|-24413|142
2018-08-08 10:11:30,401 - WARNING : Skipped 98 bytes before start found
2018-08-08 10:11:30,411 - WARNING : ID:<134> <Unexpected END_BYTE found <122> instead of <192>
2018-08-08 10:11:30,412 - DEBUG : 134|b'%\xa0}'|b'\x00\xb7\x87'|b'=\xdd\xa4'|b'\xce\xd3C'|b'\xae `'|b'\xa3\x00\x00'|b'\x00\x00\x00'|b'\x00\xc0\xa0'|-2776|-16848|-24387|122
2018-08-08 10:11:30,418 - WARNING : Skipped 102 bytes before start found
2018-08-08 10:11:30,423 - WARNING : ID:<145> <Unexpected END_BYTE found <220> instead of <192>
2018-08-08 10:11:30,424 - DEBUG : 145|b'\xc7\xa0\x80'|b'B\xb7\x92'|b'\r\xdd\xaf'|b'\x96\xd3N'|b'\x8b k'|b'\xc8\x00\x00'|b'\x00\x00\x00'|b'\x00\xc0\xa0'|-2520|-17212|-24362|220
2018-08-08 10:11:30,431 - WARNING : Skipped 106 bytes before start found
2018-08-08 10:11:30,441 - WARNING : ID:<160> <Unexpected END_BYTE found <44> instead of <192>
2018-08-08 10:11:30,443 - DEBUG : 160|b'\xc7\xa0\x8c'|b'!\xb7\xa5'|b'\x13\xdd\xc2'|b'%\xd3a'|b'_ \x7f'|b'\x19\x00\x00'|b'\x00\x00\x00'|b'\x00\xc0\xa0'|-2264|-16712|-24377|44
2018-08-08 10:11:30,444 - WARNING : Skipped 110 bytes before start found
2018-08-08 10:11:30,451 - WARNING : ID:<158> <Unexpected END_BYTE found <164> instead of <192>
2018-08-08 10:11:30,452 - DEBUG : 158|b'Q\xa0\x82'|b'Q\xb7\xa2'|b'\xe3\xdd\xbf'|b'\xc5\xd3^'|b'\xf5 }'|b'\x0e\x00\x00'|b'\x00\x00\x00'|b'\x00\xc0\xa0'|-2008|-15305|-24410|164
2018-08-08 10:11:30,453 - WARNING : Skipped 114 bytes before start found
2018-08-08 10:11:30,463 - WARNING : ID:<138> <Unexpected END_BYTE found <199> instead of <192>
2018-08-08 10:11:30,464 - DEBUG : 138|b'_\xa0T'|b'\x10\xb7\x8a'|b'w\xdd\xa7'|b'\xba\xd3F'|b'\x90 d'|b'\xd1\x00\x00'|b'\x00\x00\x00'|b'\x00\xc0\xa0'|-1752|-14047|-24393|199
2018-08-08 10:11:30,465 - WARNING : Skipped 118 bytes before start found
2018-08-08 10:11:30,473 - WARNING : ID:<144> <Unexpected END_BYTE found <77> instead of <192>
2018-08-08 10:11:30,474 - DEBUG : 144|b'\x08\xa0_'|b'D\xb7\x8d'|b'\x97\xdd\xab'|b'!\xd3I'|b'\xff h'|b'S\x00\x00'|b'\x00\x00\x00'|b'\x00\xc0\xa0'|-1496|-13810|-24363|77
2018-08-08 10:11:30,479 - WARNING : Skipped 122 bytes before start found
2018-08-08 10:11:30,483 - WARNING : ID:<160> <Unexpected END_BYTE found <188> instead of <192>
2018-08-08 10:11:30,484 - DEBUG : 160|b'\xdc\xa0\xab'|b'y\xb7\xa2'|b'R\xdd\xbf'|b'\xbc\xd3_'|b'\x06 }'|b'\xb1\x03@'|b'\xffp '|b'\xb0\xc0\xa0'|-1240|-14755|-24375|188
2018-08-08 10:11:30,485 - WARNING : Skipped 126 bytes before start found
2018-08-08 10:11:30,492 - WARNING : ID:<159> <Unexpected END_BYTE found <180> instead of <192>
2018-08-08 10:11:30,493 - DEBUG : 159|b'\xff\xa0\xbd'|b'\x91\xb7\xa2'|b'\xbf\xdd\xc0'|b'\x1a\xd3_'|b'\x98 ~'|b'S\x00\x00'|b'\x00\x00\x00'|b'\x00\xc0\xa0'|-984|-16233|-24409|180
2018-08-08 10:11:30,495 - WARNING : Skipped 130 bytes before start found
2018-08-08 10:11:30,501 - WARNING : ID:<140> <Unexpected END_BYTE found <11> instead of <192>
2018-08-08 10:11:30,502 - DEBUG : 140|b'\x01\xa0\x9f'|b'\xc0\xb7\x8b'|b'z\xdd\xa9'|b'\x00\xd3H'|b'h g'|b'?\x00\x00'|b'\x00\x00\x00'|b'\x00\xc0\xa0'|-728|-18236|-24402|11
2018-08-08 10:11:30,510 - WARNING : Skipped 134 bytes before start found
2018-08-08 10:11:30,513 - WARNING : ID:<138> <Unexpected END_BYTE found <52> instead of <192>
2018-08-08 10:11:30,516 - DEBUG : 138|b'.\xa0\x93'|b'\xab\xb7\x86'|b'\x85\xdd\xa4'|b';\xd3C'|b'\xcd b'|b'\xce\x00\x00'|b'\x00\x00\x00'|b'\x00\xc0\xa0'|-472|-16559|-24364|52
2018-08-08 10:11:30,518 - WARNING : Skipped 138 bytes before start found
2018-08-08 10:11:30,526 - WARNING : ID:<157> <Unexpected END_BYTE found <19> instead of <192>
2018-08-08 10:11:30,532 - DEBUG : 157|b'1\xa0\xa5'|b'0\xb7\x9f'|b'Q\xdd\xbd'|b'*\xd3]'|b'b |'|b'(\x00\x00'|b'\x00\x00\x00'|b'\x00\xc0\xa0'|-216|-14359|-24367|19
2018-08-08 10:11:30,533 - WARNING : Skipped 142 bytes before start found
2018-08-08 10:11:30,541 - WARNING : ID:<160> <Unexpected END_BYTE found <163> instead of <192>
2018-08-08 10:11:30,542 - DEBUG : 160|b'\xc1\xa0\xa3'|b'\xf1\xb7\xa4'|b'I\xdd\xc2'|b'\x9b\xd3c'|b'* \x81'|b'\xd0\x00\x00'|b'\x00\x00\x00'|b'\x00\xc0\xa0'|40|-15100|-24400|163
2018-08-08 10:11:30,543 - WARNING : Skipped 146 bytes before start found
2018-08-08 10:11:30,551 - WARNING : ID:<144> <Unexpected END_BYTE found <38> instead of <192>
2018-08-08 10:11:30,551 - DEBUG : 144|b'\xe7\xa0\x8a'|b'\x16\xb7\x91'|b'\x01\xdd\xaf'|b'\xf5\xd3P'|b'\x15 n'|b'\xe5\x00\x00'|b'\x00\x00\x00'|b'\x00\xc0\xa0'|296|-16415|-24404|38
2018-08-08 10:11:30,552 - WARNING : Skipped 150 bytes before start found
2018-08-08 10:11:30,561 - WARNING : ID:<136> <Unexpected END_BYTE found <71> instead of <192>
2018-08-08 10:11:30,562 - DEBUG : 136|b'0\xa0v'|b'\xe3\xb7\x84'|b'\xd5\xdd\xa4'|b'p\xd3C'|b'\xea c'|b'\x0c\x00\x00'|b'\x00\x00\x00'|b'\x00\xc0\xa0'|552|-15950|-24365|71
2018-08-08 10:11:30,564 - WARNING : Skipped 154 bytes before start found
2018-08-08 10:11:30,565 - WARNING : ID:<156> <Unexpected END_BYTE found <183> instead of <192>
2018-08-08 10:11:30,566 - DEBUG : 156|b'\x90\xa0\x88'|b'\x06\xb7\x9d'|b'I\xdd\xbd'|b'\x02\xd3\\'|b'\xb2 |'|b'!\x00\x00'|b'\x00\x00\x00'|b'\x00\xc0\xa0'|808|-13930|-24363|183
2018-08-08 10:11:30,573 - WARNING : Skipped 158 bytes before start found
2018-08-08 10:11:30,577 - WARNING : ID:<162> <Unexpected END_BYTE found <64> instead of <192>
2018-08-08 10:11:30,577 - DEBUG : 162|b'\xc6\xa0\x8a'|b'\x13\xb7\xa6'|b'\x12\xdd\xc5'|b'\xac\xd3e'|b'V \x84'|b'\xf9\x03P'|b'\xffP '|b'\x80\xc0\xa0'|1064|-15773|-24393|64
2018-08-08 10:11:30,578 - WARNING : Skipped 162 bytes before start found
2018-08-08 10:11:30,589 - WARNING : ID:<150> <Unexpected END_BYTE found <55> instead of <192>
2018-08-08 10:11:30,591 - DEBUG : 150|b'p\xa0l'|b'\xcf\xb7\x96'|b'k\xdd\xb5'|b'\xed\xd3U'|b'\xc2 u'|b'I\x00\x00'|b'\x00\x00\x00'|b'\x00\xc0\xa0'|1320|-18081|-24411|55
2018-08-08 10:11:30,598 - WARNING : Skipped 166 bytes before start found
2018-08-08 10:11:30,606 - WARNING : ID:<133> <Unexpected END_BYTE found <168> instead of <192>
2018-08-08 10:11:30,607 - DEBUG : 133|b'\xcc\xa0G'|b'\x97\xb7\x82'|b'\x0b\xdd\xa1'|b'\xda\xd3A'|b'g a'|b'$\x00\x00'|b'\x00\x00\x00'|b'\x00\xc0\xa0'|1576|-18413|-24375|168
2018-08-08 10:11:30,610 - WARNING : Skipped 170 bytes before start found
2018-08-08 10:11:30,614 - WARNING : ID:<153> <Unexpected END_BYTE found <231> instead of <192>
2018-08-08 10:11:30,615 - DEBUG : 153|b'\xb0\xa0\x82'|b'\x89\xb7\x96'|b'\x1b\xdd\xb5'|b'\xfe\xd3U'|b'\xaf u'|b'\xc8\x00\x00'|b'\x00\x00\x00'|b'\x00\xc0\xa0'|1832|-14238|-24364|231
2018-08-08 10:11:30,616 - WARNING : Skipped 174 bytes before start found
2018-08-08 10:11:30,624 - WARNING : ID:<162> <Unexpected END_BYTE found <251> instead of <192>
2018-08-08 10:11:30,624 - DEBUG : 162|b'\x1c\xa0\xbf'|b'1\xb7\xa2'|b'"\xdd\xc1'|b'\xe4\xd3a'|b'\xc7 \x82'|b':\x00\x00'|b'\x00\x00\x00'|b'\x00\xc0\xa0'|2088|-11757|-24388|251
2018-08-08 10:11:30,626 - WARNING : Skipped 178 bytes before start found
2018-08-08 10:11:30,636 - WARNING : ID:<153> <Unexpected END_BYTE found <18> instead of <192>
2018-08-08 10:11:30,643 - DEBUG : 153|b'\xbb\xa0\xb7'|b'0\xb7\x99'|b'\x15\xdd\xb9'|b'\x02\xd3X'|b'\xdd y'|b'P\x00\x00'|b'\x00\x00\x00'|b'\x00\xc0\xa0'|2344|-13410|-24412|18
2018-08-08 10:11:30,644 - WARNING : Skipped 182 bytes before start found
2018-08-08 10:11:30,647 - WARNING : ID:<134> <Unexpected END_BYTE found <154> instead of <192>
2018-08-08 10:11:30,647 - DEBUG : 134|b'2\xa0\x98'|b'\xcd\xb7\x81'|b'\x90\xdd\xa2'|b'\x04\xd3A'|b'o b'|b'\t\x00\x00'|b'\x00\x00\x00'|b'\x00\xc0\xa0'|2600|-16747|-24380|154
2018-08-08 10:11:30,650 - WARNING : Skipped 186 bytes before start found
2018-08-08 10:11:30,657 - WARNING : ID:<150> <Unexpected END_BYTE found <15> instead of <192>
2018-08-08 10:11:30,657 - DEBUG : 150|b'j\xa0\xa1'|b'\xf0\xb7\x92'|b'2\xdd\xb2'|b'{\xd3R'|b'L s'|b'J\x00\x00'|b'\x00\x00\x00'|b'\x00\xc0\xa0'|2856|-16608|-24361|15
2018-08-08 10:11:30,658 - WARNING : Skipped 190 bytes before start found
2018-08-08 10:11:30,666 - WARNING : ID:<162> <Unexpected END_BYTE found <219> instead of <192>
2018-08-08 10:11:30,666 - DEBUG : 162|b'\xca\xa0\xaa'|b'\xc5\xb7\xa2'|b'@\xdd\xc1'|b'\xeb\xd3b'|b'` \x83'|b'B\x00\x00'|b'\x00\x00\x00'|b'\x00\xc0\xa0'|3112|-14828|-24382|219
2018-08-08 10:11:30,667 - WARNING : Skipped 194 bytes before start found
2018-08-08 10:11:30,677 - WARNING : ID:<156> <Unexpected END_BYTE found <210> instead of <192>
2018-08-08 10:11:30,678 - DEBUG : 156|b'\xad\xa0\x9e'|b'\xaa\xb7\x9d'|b'\x04\xdd\xbc'|b'I\xd3\\'|b'\xfe }'|b'\xbf\x00\x00'|b'\x00\x00\x00'|b'\x00\xc0\xa0'|3368|-15755|-24412|210
2018-08-08 10:11:30,683 - WARNING : Skipped 198 bytes before start found
2018-08-08 10:11:30,685 - WARNING : ID:<136> <Unexpected END_BYTE found <151> instead of <192>
2018-08-08 10:11:30,688 - DEBUG : 136|b'\xa3\xa0\x7f'|b'\x12\xb7\x84'|b'\x18\xdd\xa3'|b'\xb4\xd3C'|b'\xfe d'|b'\x9a\x03P'|b'\xffp '|b'`\xc0\xa0'|3624|-15285|-24385|151
2018-08-08 10:11:30,692 - WARNING : Skipped 202 bytes before start found
2018-08-08 10:11:30,695 - WARNING : ID:<148> <Unexpected END_BYTE found <155> instead of <192>
2018-08-08 10:11:30,696 - DEBUG : 148|b'1\xa0\x83'|b'=\xb7\x8f'|b'\x94\xdd\xaf'|b'c\xd3O'|b'\xa1 p'|b'\xb6\x00\x00'|b'\x00\x00\x00'|b'\x00\xc0\xa0'|3880|-14773|-24360|155
2018-08-08 10:11:30,696 - WARNING : Skipped 206 bytes before start found
2018-08-08 10:11:30,703 - WARNING : ID:<162> <Unexpected END_BYTE found <252> instead of <192>
2018-08-08 10:11:30,703 - DEBUG : 162|b'>\xa0\x90'|b'$\xb7\xa3'|b'\x12\xdd\xc2'|b'\xef\xd3c'|b'\x89 \x84'|b'\xf5\x00\x00'|b'\x00\x00\x00'|b'\x00\xc0\xa0'|4136|-14975|-24376|252
2018-08-08 10:11:30,706 - WARNING : Skipped 210 bytes before start found
2018-08-08 10:11:30,713 - WARNING : ID:<161> <Unexpected END_BYTE found <203> instead of <192>
2018-08-08 10:11:30,714 - DEBUG : 161|b'\\\xa0\x86'|b'\x90\xb7\xa1'|b'\x16\xdd\xc0'|b'\xca\xd3a'|b'I \x83'|b'`\x00\x00'|b'\x00\x00\x00'|b'\x00\xc0\xa0'|4392|-13752|-24409|203
2018-08-08 10:11:30,715 - WARNING : Skipped 214 bytes before start found
2018-08-08 10:11:30,723 - WARNING : ID:<140> <Unexpected END_BYTE found <187> instead of <192>
2018-08-08 10:11:30,729 - DEBUG : 140|b'\x08\xa0X'|b'l\xb7\x88'|b'\xa5\xdd\xa8'|b'\xb0\xd3H'|b'\x89 k'|b'Y\x00\x00'|b'\x00\x00\x00'|b'\x00\xc0\xa0'|4648|-14193|-24394|187
2018-08-08 10:11:30,731 - WARNING : Skipped 218 bytes before start found
2018-08-08 10:11:30,734 - WARNING : ID:<143> <Unexpected END_BYTE found <158> instead of <192>
2018-08-08 10:11:30,735 - DEBUG : 143|b'b\xa0_'|b'\xa2\xb7\x8a'|b'4\xdd\xaa'|b'{\xd3I'|b'\xf1 m'|b'p\x00\x00'|b'\x00\x00\x00'|b'\x00\xc0\xa0'|4904|-17150|-24364|158
2018-08-08 10:11:30,742 - WARNING : Skipped 222 bytes before start found
2018-08-08 10:11:30,744 - WARNING : ID:<162> <Unexpected END_BYTE found <68> instead of <192>
2018-08-08 10:11:30,744 - DEBUG : 162|b'v\xa0\xaa'|b'$\xb7\x9d'|b'\xe9\xdd\xbe'|b'"\xd3]'|b'm \x81'|b'\xc7\x00\x00'|b'\x00\x00\x00'|b'\x00\xc0\xa0'|5160|-18679|-24375|68
2018-08-08 10:11:30,745 - WARNING : Skipped 226 bytes before start found
2018-08-08 10:11:30,755 - WARNING : ID:<162> <Unexpected END_BYTE found <69> instead of <192>
2018-08-08 10:11:30,756 - DEBUG : 162|b'\x14\xa0\xbf'|b'\x1a\xb7\x9d'|b'\xf2\xdd\xbe'|b'^\xd3]'|b'Q \x82'|b':\x00\x00'|b'\x00\x00\x00'|b'\x00\xc0\xa0'|5416|-19858|-24408|69
2018-08-08 10:11:30,763 - WARNING : Skipped 230 bytes before start found
2018-08-08 10:11:30,765 - WARNING : ID:<142> <Unexpected END_BYTE found <26> instead of <192>
2018-08-08 10:11:30,766 - DEBUG : 142|b'\xf8\xa0\xa1'|b'\xd0\xb7\x87'|b'*\xdd\xa7'|b'\xdc\xd3F'|b'\xfd k'|b'\xf4\x00\x00'|b'\x00\x00\x00'|b'\x00\xc0\xa0'|5672|-24087|-24403|26
2018-08-08 10:11:30,767 - WARNING : Skipped 234 bytes before start found
2018-08-08 10:11:30,778 - WARNING : ID:<140> <Unexpected END_BYTE found <206> instead of <192>
2018-08-08 10:11:30,779 - DEBUG : 140|b'/\xa0\x93'|b'\x9d\xb7\x80'|b'\x91\xdd\xa1'|b'=\xd3@'|b'\xcc e'|b'\xcd\x00\x00'|b'\x00\x00\x00'|b'\x00\xc0\xa0'|5928|-23768|-24365|206
2018-08-08 10:11:30,779 - WARNING : Skipped 238 bytes before start found
2018-08-08 10:11:30,788 - WARNING : ID:<159> <Unexpected END_BYTE found <140> instead of <192>
2018-08-08 10:11:30,789 - DEBUG : 159|b'8\xa0\xa5'|b'\x19\xb7\x99'|b'E\xdd\xb9'|b'\x97\xd3Y'|b'\xd8 ~'|b'\xf0\x03P'|b'\xffp '|b' \xc0\xa0'|6184|-21417|-24366|140
2018-08-08 10:11:30,790 - WARNING : Skipped 242 bytes before start found
2018-08-08 10:11:30,801 - WARNING : ID:<162> <Unexpected END_BYTE found <130> instead of <192>
2018-08-08 10:11:30,803 - DEBUG : 162|b'\x1c\xa0\xa4'|b'\xc8\xb7\x9f'|b';\xdd\xbf'|b'=\xd3`'|b'& \x85'|b'e\x00\x00'|b'\x00\x00\x00'|b'\x00\xc0\xa0'|6440|-21257|-24398|130
2018-08-08 10:11:30,803 - WARNING : Skipped 246 bytes before start found
2018-08-08 10:11:30,813 - WARNING : ID:<146> <Unexpected END_BYTE found <139> instead of <192>
2018-08-08 10:11:30,814 - DEBUG : 146|b'l\xa0\x8b'|b'\xcd\xb7\x8c'|b'\xcf\xdd\xad'|b'4\xd3M'|b'\xf6 s'|b'Q\x00\x00'|b'\x00\x00\x00'|b'\x00\xc0\xa0'|6696|-23523|-24405|139
2018-08-08 10:11:30,815 - WARNING : Skipped 250 bytes before start found
2018-08-08 10:11:30,829 - WARNING : ID:<135> <Unexpected END_BYTE found <27> instead of <192>
2018-08-08 10:11:30,829 - DEBUG : 135|b'\x92\xa0w'|b'\x0f\xb7~'|b'\xf6\xdd\x9f'|b'\xd9\xd3@'|b'a e'|b'\xf6\x00\x00'|b'\x00\x00\x00'|b'\x00\xc0\xa0'|6952|-26063|-24366|27
2018-08-08 10:11:30,830 - WARNING : Skipped 254 bytes before start found
2018-08-08 10:11:30,839 - WARNING : ID:<156> <Unexpected END_BYTE found <48> instead of <192>
2018-08-08 10:11:30,843 - DEBUG : 156|b'\x08\xa0\x87'|b'\x11\xb7\x96'|b')\xdd\xb6'|b'\xa7\xd3W'|b'\xb0 }'|b'\xac\x00\x00'|b'\x00\x00\x00'|b'\x00\xc0\xa0'|7208|-19974|-24360|48
2018-08-08 10:11:30,846 - WARNING : Skipped 258 bytes before start found
2018-08-08 10:11:30,851 - WARNING : ID:<163> <Unexpected END_BYTE found <193> instead of <192>
2018-08-08 10:11:30,852 - DEBUG : 163|b'\xa0\xa0\x8b'|b'%\xb7\xa0'|b'\x85\xdd\xc1'|b'\r\xd3b'|b'5 \x88'|b'\x9e\x00\x00'|b'\x00\x00\x00'|b'\x00\xc0\xa0'|7464|-15575|-24388|193
2018-08-08 10:11:30,852 - WARNING : Skipped 262 bytes before start found
2018-08-08 10:11:30,860 - WARNING : ID:<153> <Unexpected END_BYTE found <117> instead of <192>
2018-08-08 10:11:30,861 - DEBUG : 153|b'\xc1\xa0s'|b'%\xb7\x93'|b'\xc0\xdd\xb4'|b'\xbd\xd3U'|b'\x87 |'|b'\x17\x00\x00'|b'\x00\x00\x00'|b'\x00\xc0\xa0'|7720|-8593|-24404|117
2018-08-08 10:11:30,863 - WARNING : Skipped 266 bytes before start found
2018-08-08 10:11:30,874 - WARNING : ID:<138> <Unexpected END_BYTE found <74> instead of <192>
2018-08-08 10:11:30,881 - DEBUG : 138|b'M\xa0M'|b'\x81\xb7\x82'|b'.\xdd\xa4'|b'\x1b\xd3D'|b'\x1a k'|b'\x1a\x00\x00'|b'\x00\x00\x00'|b'\x00\xc0\xa0'|7976|-7251|-24368|74
2018-08-08 10:11:30,881 - WARNING : Skipped 270 bytes before start found
2018-08-08 10:11:30,883 - WARNING : ID:<156> <Unexpected END_BYTE found <136> instead of <192>
2018-08-08 10:11:30,884 - DEBUG : 156|b'v\xa0\x84'|b'C\xb7\x96'|b'w\xdd\xb8'|b'\xd8\xd3X'|b'\xd6 \x80'|b':\x00\x00'|b'\x00\x00\x00'|b'\x00\xc0\xa0'|8232|-4980|-24359|136
2018-08-08 10:11:30,886 - WARNING : Skipped 274 bytes before start found
2018-08-08 10:11:30,895 - WARNING : ID:<163> <Unexpected END_BYTE found <113> instead of <192>
2018-08-08 10:11:30,895 - DEBUG : 163|b'\xca\xa0\xc1'|b'1\xb7\xa2'|b'\xf1\xdd\xc5'|b'\x1a\xd3e'|b'v \x8c'|b'\xc0\x03p'|b'\xff\x80 '|b'P\xc0\xa0'|8488|-6392|-24384|113
2018-08-08 10:11:30,896 - WARNING : Skipped 278 bytes before start found
2018-08-08 10:11:30,903 - WARNING : ID:<155> <Unexpected END_BYTE found <202> instead of <192>
2018-08-08 10:11:30,904 - DEBUG : 155|b'6\xa0\xb8'|b'>\xb7\x98'|b'\xf0\xdd\xbb'|b'\x1c\xd3['|b'M \x82'|b'\xc7\x00\x00'|b'\x00\x00\x00'|b'\x00\xc0\xa0'|8744|-9338|-24410|202
2018-08-08 10:11:30,904 - WARNING : Skipped 282 bytes before start found
2018-08-08 10:11:30,913 - WARNING : ID:<135> <Unexpected END_BYTE found <118> instead of <192>
2018-08-08 10:11:30,914 - DEBUG : 135|b'_\xa0\x98'|b'\xc7\xb7\x80'|b'A\xdd\xa3'|b'/\xd3B'|b'\xf5 j'|b'\x83\x00\x00'|b'\x00\x00\x00'|b'\x00\xc0\xa0'|9000|-12992|-24378|118
2018-08-08 10:11:30,919 - WARNING : Skipped 286 bytes before start found
2018-08-08 10:11:30,921 - WARNING : ID:<151> <Unexpected END_BYTE found <104> instead of <192>
2018-08-08 10:11:30,924 - DEBUG : 151|b'\x9f\xa0\xa0'|b'\xc4\xb7\x8f'|b'\xfb\xdd\xb3'|b'\x14\xd3R'|b'\xdb z'|b'\xb9\x00\x00'|b'\x00\x00\x00'|b'\x00\xc0\xa0'|9256|-15511|-24361|104
2018-08-08 10:11:30,926 - WARNING : Skipped 290 bytes before start found
2018-08-08 10:11:30,933 - WARNING : ID:<164> <Unexpected END_BYTE found <37> instead of <192>
2018-08-08 10:11:30,934 - DEBUG : 164|b'6\xa0\xa8'|b'\xd5\xb7\x9e'|b'\xe2\xdd\xc1'|b'\xc8\xd3a'|b'\xb8 \x8a'|b'\x17\x00\x00'|b'\x00\x00\x00'|b'\x00\xc0\xa0'|9512|-18104|-24382|37
2018-08-08 10:11:30,935 - WARNING : Skipped 294 bytes before start found
2018-08-08 10:11:30,936 - WARNING : ID:<160> <Unexpected END_BYTE found <145> instead of <192>
2018-08-08 10:11:30,937 - DEBUG : 160|b'B\xa0\x9b'|b'\x90\xb7\x98'|b's\xdd\xbb'|b'1\xd3Z'|b'\xe7 \x83'|b'\xd2\x00\x00'|b'\x00\x00\x00'|b'\x00\xc0\xa0'|9768|-15901|-24411|145
2018-08-08 10:11:30,937 - WARNING : Skipped 298 bytes before start found
2018-08-08 10:11:30,945 - WARNING : ID:<139> <Unexpected END_BYTE found <245> instead of <192>
2018-08-08 10:11:30,946 - DEBUG : 139|b'B\xa0|'|b'\xb3\xb7\x80'|b'{\xdd\xa3'|b'\x90\xd3B'|b'\xbc l'|b'$\x00\x00'|b'\x00\x00\x00'|b'\x00\xc0\xa0'|10024|-19557|-24387|245
2018-08-08 10:11:30,946 - WARNING : Skipped 302 bytes before start found
2018-08-08 10:11:30,957 - WARNING : ID:<148> <Unexpected END_BYTE found <2> instead of <192>
2018-08-08 10:11:30,957 - DEBUG : 148|b'^\xa0~'|b'\xc2\xb7\x89'|b'U\xdd\xac'|b'O\xd3L'|b'\x14 u'|b'\xac\x00\x00'|b'\x00\x00\x00'|b'\x00\xc0\xa0'|10280|-17675|-24358|2
2018-08-08 10:11:30,958 - WARNING : Skipped 306 bytes before start found
2018-08-08 10:11:30,967 - WARNING : ID:<162> <Unexpected END_BYTE found <249> instead of <192>
2018-08-08 10:11:30,968 - DEBUG : 162|b'\xf1\xa0\x8d'|b'8\xb7\x9e'|b'+\xdd\xc0'|b'\xde\xd3a'|b'\\ \x8b'|b'\x19\x00\x00'|b'\x00\x00\x00'|b'\x00\xc0\xa0'|10536|-15564|-24373|249
2018-08-08 10:11:30,970 - WARNING : Skipped 310 bytes before start found
2018-08-08 10:11:30,981 - WARNING : ID:<162> <Unexpected END_BYTE found <54> instead of <192>
2018-08-08 10:11:30,982 - DEBUG : 162|b'\x99\xa0\x84'|b'\xab\xb7\x9d'|b'-\xdd\xbf'|b'\xe8\xd3`'|b'\x94 \x8a'|b'l\x00\x00'|b'\x00\x00\x00'|b'\x00\xc0\xa0'|10792|-14884|-24406|54
2018-08-08 10:11:30,983 - WARNING : Skipped 314 bytes before start found
2018-08-08 10:11:31,001 - WARNING : ID:<141> <Unexpected END_BYTE found <63> instead of <192>
2018-08-08 10:11:31,003 - DEBUG : 141|b'\x95\xa0V'|b'h\xb7\x84'|b'\xd8\xdd\xa7'|b'\xe8\xd3H'|b'\x0e r'|b':\x03p'|b'\xffp '|b'@\xc0\xa0'|11048|-18536|-24394|63
2018-08-08 10:11:31,004 - WARNING : Skipped 318 bytes before start found
2018-08-08 10:11:31,014 - WARNING : ID:<142> <Unexpected END_BYTE found <126> instead of <192>
2018-08-08 10:11:31,015 - DEBUG : 142|b'\x8b\xa0\\'|b'\x87\xb7\x84'|b'\x13\xdd\xa7'|b'L\xd3G'|b'= r'|b'\x00\x00\x00'|b'\x00\x00\x00'|b'\x00\xc0\xa0'|11304|-19603|-24362|126
2018-08-08 10:11:31,016 - WARNING : Skipped 322 bytes before start found
2018-08-08 10:11:31,028 - WARNING : ID:<162> <Unexpected END_BYTE found <244> instead of <192>
2018-08-08 10:11:31,028 - DEBUG : 162|b'\x8e\xa0\xa7'|b'\xa7\xb7\x98'|b'\x99\xdd\xbb'|b'\x8b\xd3['|b'\xc5 \x87'|b'\x08\x00\x00'|b'\x00\x00\x00'|b'\x00\xc0\xa0'|11560|-16103|-24370|244
2018-08-08 10:11:31,037 - WARNING : Skipped 326 bytes before start found
2018-08-08 10:11:31,049 - WARNING : ID:<164> <Unexpected END_BYTE found <58> instead of <192>
2018-08-08 10:11:31,050 - DEBUG : 164|b'\x10\xa0\xc4'|b'U\xb7\x9b'|b'#\xdd\xbe'|b'\r\xd3^'|b'\x82 \x89'|b'\xbd\x00\x00'|b'\x00\x00\x00'|b'\x00\xc0\xa0'|11816|-16132|-24403|58
2018-08-08 10:11:31,050 - WARNING : Skipped 330 bytes before start found
2018-08-08 10:11:31,060 - WARNING : ID:<145> <Unexpected END_BYTE found <214> instead of <192>
2018-08-08 10:11:31,061 - DEBUG : 145|b'#\xa0\xa8'|b'\xa6\xb7\x85'|b'y\xdd\xa8'|b'\xa8\xd3H'|b'\xe7 t'|b'\x0f\x00\x00'|b'\x00\x00\x00'|b'\x00\xc0\xa0'|12072|-16725|-24400|214
2018-08-08 10:11:31,067 - WARNING : Skipped 334 bytes before start found
2018-08-08 10:11:31,072 - WARNING : ID:<141> <Unexpected END_BYTE found <31> instead of <192>
2018-08-08 10:11:31,080 - DEBUG : 141|b'\xae\xa0\x9b'|b'\x1b\xb7\x7f'|b'q\xdd\xa2'|b'\xf2\xd3B'|b'\xa6 n'|b"'\x00\x00"|b'\x00\x00\x00'|b'\x00\xc0\xa0'|12328|-19595|-24362|31
2018-08-08 10:11:31,081 - WARNING : Skipped 338 bytes before start found
2018-08-08 10:11:31,084 - WARNING : ID:<161> <Unexpected END_BYTE found <8> instead of <192>
2018-08-08 10:11:31,084 - DEBUG : 161|b'i\xa0\xab'|b'\x80\xb7\x96'|b'\xf9\xdd\xba'|b'e\xd3Z'|b'l \x86'|b'\x01\x00\x00'|b'\x00\x00\x00'|b'\x00\xc0\xa0'|12584|-21502|-24365|8
2018-08-08 10:11:31,085 - WARNING : Skipped 342 bytes before start found
2018-08-08 10:11:31,095 - WARNING : ID:<164> <Unexpected END_BYTE found <187> instead of <192>
2018-08-08 10:11:31,096 - DEBUG : 164|b't\xa0\xa9'|b'\x02\xb7\x9b'|b'Q\xdd\xbe'|b'\xc1\xd3_'|b'% \x8a'|b'\x9c\x00\x00'|b'\x00\x00\x00'|b'\x00\xc0\xa0'|12840|-17083|-24396|187
2018-08-08 10:11:31,096 - WARNING : Skipped 346 bytes before start found
2018-08-08 10:11:31,103 - WARNING : ID:<150> <Unexpected END_BYTE found <127> instead of <192>
2018-08-08 10:11:31,103 - DEBUG : 150|b'\x0f\xa0\x91'|b'\xfe\xb7\x8b'|b'\x02\xdd\xae'|b'\xf2\xd3N'|b'\xe7 z'|b'\xc8\x00\x00'|b'\x00\x00\x00'|b'\x00\xc0\xa0'|13096|-17183|-24404|127
2018-08-08 10:11:31,104 - WARNING : Skipped 350 bytes before start found
2018-08-08 10:11:31,113 - WARNING : ID:<138> <Unexpected END_BYTE found <46> instead of <192>
2018-08-08 10:11:31,113 - DEBUG : 138|b'\xf8\xa0}'|b'>\xb7}'|b'\x1d\xdd\xa1'|b'\xe8\xd3A'|b'\r m'|b'\x8f\x00\x00'|b'\x00\x00\x00'|b'\x00\xc0\xa0'|13352|-17728|-24365|46
2018-08-08 10:11:31,119 - WARNING : Skipped 354 bytes before start found
2018-08-08 10:11:31,124 - WARNING : ID:<159> <Unexpected END_BYTE found <120> instead of <192>
2018-08-08 10:11:31,128 - DEBUG : 159|b'6\xa0\x8d'|b'\xce\xb7\x94'|b'\xc2\xdd\xb9'|b'q\xd3X'|b'\xda \x86'|b'\x0f\x03p'|b'\xff\x80 '|b'P\xc0\xa0'|13608|-18797|-24362|120
2018-08-08 10:11:31,130 - WARNING : Skipped 358 bytes before start found
2018-08-08 10:11:31,134 - WARNING : ID:<166> <Unexpected END_BYTE found <78> instead of <192>
2018-08-08 10:11:31,134 - DEBUG : 166|b'l\xa0\x8f'|b'\x84\xb7\x9d'|b'\x06\xdd\xc1'|b'\x9e\xd3a'|b'r \x8e'|b'\xfd\x00\x00'|b'\x00\x00\x00'|b'\x00\xc0\xa0'|13864|-20606|-24391|78
2018-08-08 10:11:31,139 - WARNING : Skipped 362 bytes before start found
2018-08-08 10:11:31,143 - WARNING : ID:<154> <Unexpected END_BYTE found <97> instead of <192>
2018-08-08 10:11:31,143 - DEBUG : 154|b'Q\xa0u'|b'/\xb7\x8e'|b'\xcb\xdd\xb3'|b'\x87\xd3S'|b'e \x80'|b'\xc1\x00\x00'|b'\x00\x00\x00'|b'\x00\xc0\xa0'|14120|-18429|-24408|97
2018-08-08 10:11:31,148 - WARNING : Skipped 366 bytes before start found
2018-08-08 10:11:31,152 - WARNING : ID:<136> <Unexpected END_BYTE found <228> instead of <192>
2018-08-08 10:11:31,153 - DEBUG : 136|b'\x9f\xa0M'|b'\xe0\xb7z'|b'\xe1\xdd\x9f'|b'\xfb\xd3?'|b'r l'|b'\xdf\x00\x00'|b'\x00\x00\x00'|b'\x00\xc0\xa0'|14376|-19667|-24373|228
2018-08-08 10:11:31,153 - WARNING : Skipped 370 bytes before start found
2018-08-08 10:11:31,155 - WARNING : ID:<155> <Unexpected END_BYTE found <100> instead of <192>
2018-08-08 10:11:31,157 - DEBUG : 155|b'\xc2\xa0\x85'|b'\xc4\xb7\x8d'|b'\xb5\xdd\xb2'|b'\xcd\xd3R'|b'\xb0 \x80'|b'\x82\x00\x00'|b'\x00\x00\x00'|b'\x00\xc0\xa0'|14632|-20035|-24361|100
2018-08-08 10:11:31,163 - WARNING : Skipped 374 bytes before start found
2018-08-08 10:11:31,165 - WARNING : ID:<166> <Unexpected END_BYTE found <160> instead of <192>
2018-08-08 10:11:31,165 - DEBUG : 166|b'\t\xa0\xbf'|b'\x13\xb7\x99'|b'W\xdd\xbe'|b'\x88\xd3^'|b'\xb0 \x8c'|b'\xd1\x00\x00'|b'\x00\x00\x00'|b'\x00\xc0:'|10417|-27488|-16533|160
2018-08-08 10:11:31,169 - WARNING : Skipped 380 bytes before start found
2018-08-08 10:11:31,177 - WARNING : ID:<181> <Unexpected END_BYTE found <151> instead of <192>
2018-08-08 10:11:31,178 - DEBUG : 181|b'p\xb7\x90'|b'-\xdd\xb5'|b'\xc1\xd3U'|b'\xe4 \x84'|b'\x08\x00\x00'|b'\x00\x00\x00'|b'\x00;('|b'\xb9\xcc\xa0'|-22642|-24439|-3936|151
2018-08-08 10:11:31,186 - WARNING : Skipped 403 bytes before start found
2018-08-08 10:11:31,906 - WARNING : ID:<152> <Unexpected END_BYTE found <32> instead of <192>
2018-08-08 10:11:31,906 - DEBUG : 152|b'\x90\xa0\x9e'|b'\xed\xb7\x88'|b'\x88\xdd\xad'|b'\xf8\xd3M'|b'\xf6 |'|b'\xbc\x00\x00'|b'\x00\x00\x00'|b'\x00\xa0O'|28773|28226|17225|32
2018-08-08 10:11:31,920 - WARNING : Skipped 431 bytes before start found
2018-08-08 10:11:33,816 - INFO : Data packets received:256
2018-08-08 10:11:33,819 - WARNING : ID:<255> <Unexpected END_BYTE found <0> instead of <192>
2018-08-08 10:11:33,820 - DEBUG : 255|b'(A\xc4'|b'\x9fK\xc6'|b'\x9f$\xf6'|b'\x9f\x1d/'|b'\xb6\x95\x9e'|b'\x00\xde\x93'|b's\xd6\xaa'|b'\x82$\xd2'|-27904|0|0|0
2018-08-08 10:11:33,821 - WARNING : Skipped 5 bytes before start found
2018-08-08 10:11:33,882 - INFO : Data packets received:15
2018-08-08 10:11:33,884 - WARNING : ID:<15> <Unexpected END_BYTE found <0> instead of <192>
2018-08-08 10:11:33,885 - DEBUG : 15|b'(~\xb9'|b'\x9f_e'|b'\x9f,\xef'|b'\x9f\x12l'|b'\xb6\xa0\xf8'|b'\x9f\x1e\xdb'|b'\xb6t\xa7'|b'\xde\x025'|-11045|30498|-29826|0
2018-08-08 10:11:33,886 - WARNING : Skipped 10 bytes before start found
2018-08-08 10:11:37,637 - INFO : Data packets received:764
2018-08-08 10:11:37,638 - WARNING : ID:<209> <Unexpected END_BYTE found <80> instead of <192>
2018-08-08 10:11:37,639 - DEBUG : 209|b'(\xe86'|b'\x9f\x8e0'|b'\x9ff?'|b'\x9fRd'|b'\xb6\xe3\x03'|b'\xdd\x9ek'|b'\xd2\xc8m'|b'\x1fJ\\'|864|-96|32|80
2018-08-08 10:11:37,639 - WARNING : Skipped 5 bytes before start found
2018-08-08 10:11:37,724 - INFO : Data packets received:15
2018-08-08 10:11:37,725 - WARNING : ID:<225> <Unexpected END_BYTE found <5> instead of <192>
2018-08-08 10:11:37,726 - DEBUG : 225|b')\x058'|b'\x9f{\xe4'|b'\x9f_\xbc'|b'\x9f"\xfd'|b'\xb6\xdes'|b'\xdd\x96i'|b'\xd2\xbd\x8a'|b'\x1f;a'|0|0|-24643|5
2018-08-08 10:11:37,730 - WARNING : Skipped 29 bytes before start found
2018-08-08 10:11:40,665 - INFO : Data packets received:584
2018-08-08 10:11:40,671 - WARNING : ID:<219> <Unexpected END_BYTE found <0> instead of <192>
2018-08-08 10:11:40,672 - DEBUG : 219|b"'\xdd\xb0"|b'\x9f\xe8\x9d'|b'\x9f\xbc\xf6'|b'\x9f\x00\xdc'|b'8\xb70'|b'\x80\xdd\x9e'|b'\xfa\xd2m'|b'\xba\x1e\xac'|6400|0|0|0
2018-08-08 10:11:40,681 - WARNING : Skipped 5 bytes before start found
2018-08-08 10:11:40,752 - INFO : Data packets received:15
2018-08-08 10:11:40,757 - WARNING : ID:<235> <Unexpected END_BYTE found <159> instead of <192>
2018-08-08 10:11:40,761 - DEBUG : 235|b"'\xcd\xe5"|b'\x9f\xf7\xe4'|b'\x9f\xc0\xe4'|b'\x9f\xc2h'|b'\x00\x00\x00'|b'\x00\x00\x00'|b'\xc0\xa0\x87'|b'(\x07\x9f'|-24620|-29793|-18023|159
2018-08-08 10:11:40,765 - WARNING : Skipped 25 bytes before start found
2018-08-08 10:11:43,056 - INFO : Data packets received:433
2018-08-08 10:11:43,058 - WARNING : ID:<57> <Unexpected END_BYTE found <0> instead of <192>
2018-08-08 10:11:43,059 - DEBUG : 57|b'(s\x1d'|b'\x9f\xfdZ'|b'\x9f\xdd\x19'|b'\x9f\xd2\xc3'|b"\xb7'\xd1"|b'\xdd\x93^'|b'\xd2\x00w'|b'\xa5\x1e\xd8'|6656|0|0|0
2018-08-08 10:11:43,059 - WARNING : Skipped 5 bytes before start found
2018-08-08 10:11:43,137 - INFO : Data packets received:15
2018-08-08 10:11:43,140 - WARNING : ID:<73> <Unexpected END_BYTE found <126> instead of <192>
2018-08-08 10:11:43,140 - DEBUG : 73|b'(E\x10'|b'\xa0\x0b\xc9'|b'\x9f\xebY'|b'\x9f\xbf\xcd'|b'\xb77\xf7'|b'\xdd\xa3_'|b'\xd2\xc0\xa0'|b'\xde(e'|1952|15954|-24570|126
2018-08-08 10:11:43,151 - WARNING : Skipped 26 bytes before start found
2018-08-08 10:11:45,120 - INFO : Data packets received:343
2018-08-08 10:11:45,121 - WARNING : ID:<54> <Unexpected END_BYTE found <0> instead of <192>
2018-08-08 10:11:45,122 - DEBUG : 54|b'(g\xe1'|b'\xa0$m'|b'\xa0\x08!'|b'\xa0\x110'|b'\xb7\x10\xe9'|b'\xdd~\xf8'|b'\xd2q\xc7'|b'\x00\x1f\x02'|3840|0|0|0
2018-08-08 10:11:45,123 - WARNING : Skipped 5 bytes before start found
2018-08-08 10:11:45,205 - INFO : Data packets received:15
2018-08-08 10:11:45,205 - WARNING : ID:<70> <Unexpected END_BYTE found <183> instead of <192>
2018-08-08 10:11:45,206 - DEBUG : 70|b'(mL'|b'\xa0,!'|b'\xa0\x0e\xe9'|b'\xa0\x05\x0e'|b'\xb7\x1c\x9d'|b'\xdd\x8at'|b'\xd2~&'|b'\xa0d\xe0'|-24527|23968|7200|183
2018-08-08 10:11:45,225 - WARNING : Skipped 22 bytes before start found
2018-08-08 10:11:47,397 - INFO : Data packets received:373
2018-08-08 10:11:47,398 - WARNING : ID:<85> <Unexpected END_BYTE found <0> instead of <192>
2018-08-08 10:11:47,399 - DEBUG : 85|b'(\x97\x11'|b'\xa0x\x84'|b'\xa0F\x88'|b'\xa05\xa1'|b'\xb7\x14\x9f'|b'\xdd\x93\x01'|b'\xd2\x8eH'|b'\x1fd\xb5'|0|0|0|0
2018-08-08 10:11:47,400 - WARNING : Skipped 5 bytes before start found
2018-08-08 10:11:47,466 - INFO : Data packets received:15
2018-08-08 10:11:47,467 - WARNING : ID:<101> <Unexpected END_BYTE found <127> instead of <192>
2018-08-08 10:11:47,467 - DEBUG : 101|b'(\x9b\xa5'|b'\xa0Z\xbd'|b'\xa0:\xc7'|b'\x9f\xfe\x8e'|b'\xb6\xfc\xeb'|b'\xdd|-'|b'\xd2u\xff'|b'\x1fO\xb5'|0|0|160|127
2018-08-08 10:11:47,469 - WARNING : Skipped 24 bytes before start found
2018-08-08 10:11:49,923 - INFO : Data packets received:434
2018-08-08 10:11:49,923 - WARNING : ID:<201> <Unexpected END_BYTE found <0> instead of <192>
2018-08-08 10:11:49,924 - DEBUG : 201|b')?n'|b'\xa0\x84\xf9'|b'\x00\xa0f'|b'\x8d\xa0,'|b'.\xb6\xba'|b'w\xdd]'|b'\xe6\xd2]'|b'\xb5\x1f\x8e'|-768|0|0|0
2018-08-08 10:11:49,924 - WARNING : Skipped 5 bytes before start found
2018-08-08 10:11:49,992 - INFO : Data packets received:15
2018-08-08 10:11:49,993 - WARNING : ID:<217> <Unexpected END_BYTE found <0> instead of <192>
2018-08-08 10:11:49,994 - DEBUG : 217|b')/\x80'|b'\xa0\x9b\x19'|b'\x9e\xd3\xa0'|b'w\xba\xa0'|b'C\xfe\xb6'|b'\x92H\xdd'|b'LW\xd2'|b'W\xdf\x1f'|-24731|0|0|0
2018-08-08 10:11:49,996 - WARNING : Skipped 6 bytes before start found
2018-08-08 10:11:52,393 - INFO : Data packets received:434
2018-08-08 10:11:52,393 - WARNING : ID:<69> <Unexpected END_BYTE found <0> instead of <192>
2018-08-08 10:11:52,394 - DEBUG : 69|b')\x00\x1d'|b'\x9d\xa0\xe3'|b'\xd5\xa0\xac'|b'X\xa0\x94'|b'\xb5\xb6Y'|b',\xdd8'|b'\x00\xd2X'|b'a\x1f\xd9'|16640|0|0|0
2018-08-08 10:11:52,397 - WARNING : Skipped 5 bytes before start found
2018-08-08 10:11:52,486 - INFO : Data packets received:15
2018-08-08 10:11:52,487 - WARNING : ID:<85> <Unexpected END_BYTE found <0> instead of <192>
2018-08-08 10:11:52,489 - DEBUG : 85|b')\xfb)'|b'6N\xa0'|b'\xc1_\xa0'|b'\x9f\x1e\xa0'|b'\xad\x0e\xb6'|b'\x11y\xdd'|b'\x06x\xd2'|b'\x1ar\x1f'|-20175|0|0|0
2018-08-08 10:11:52,492 - WARNING : Skipped 6 bytes before start found
2018-08-08 10:11:54,372 - INFO : Data packets received:313
2018-08-08 10:11:54,373 - WARNING : ID:<53> <Unexpected END_BYTE found <96> instead of <192>
2018-08-08 10:11:54,374 - DEBUG : 53|b')9\x9c'|b'\xa1\x01\xf0'|b'\xa0\xcbi'|b'\xa0\xd3\xe4'|b'\xb5\xeb['|b'\xdc\xf5\xa5'|b"\xd1\xf5'"|b'\x00\x1f\xa5'|-11005|20735|-24544|96
2018-08-08 10:11:54,382 - WARNING : Skipped 5 bytes before start found
2018-08-08 10:11:54,464 - INFO : Data packets received:15
2018-08-08 10:11:54,464 - WARNING : ID:<69> <Unexpected END_BYTE found <107> instead of <192>
2018-08-08 10:11:54,467 - DEBUG : 69|b')0i'|b'\xa0\xe9"'|b'\xa0\xbf-'|b'\xa0\xa9]'|b'\xb5\xd6A'|b'\xdc\xe2\xd1'|b'\xd1\xdf\x89'|b'\x00\x00\x00'|0|-16224|-5079|107
2018-08-08 10:11:54,475 - WARNING : Skipped 5 bytes before start found
2018-08-08 10:11:54,478 - WARNING : ID:<250> <Unexpected END_BYTE found <54> instead of <192>
2018-08-08 10:11:54,478 - DEBUG : 250|b'\xbb\xa0\xcc'|b'\x97\xa0\xa6'|b'\x8a\xb5\xb5'|b'\x99\xdc\xcb'|b'\x1f\xd1\xb9'|b'\xf5\x1f\x83'|b'\xc2\x00\x00'|b'\x00\x00\x00'|192|-24339|10596|54
2018-08-08 10:11:54,481 - WARNING : Skipped 12 bytes before start found
2018-08-08 10:11:54,483 - WARNING : ID:<221> <Unexpected END_BYTE found <92> instead of <192>
2018-08-08 10:11:54,489 - DEBUG : 221|b'\x06\xa0\xee'|b'\x13\xb5\xc5'|b'\xd3\xdc\xdb'|b'\x91\xd1\xca'|b'N\x1f\x94'|b'd\x00\x00'|b'\x00\x00\x00'|b'\x00\xc0\xa0'|-4567|23595|-24321|92
2018-08-08 10:11:54,493 - WARNING : Skipped 16 bytes before start found
2018-08-08 10:11:54,497 - WARNING : ID:<218> <Unexpected END_BYTE found <103> instead of <192>
2018-08-08 10:11:54,498 - DEBUG : 218|b'p\xa0\xf5'|b')\xb5\xc1'|b'\xc4\xdc\xd7'|b'\xe8\xd1\xc6'|b'2\x1f\x90'|b'`\x03`'|b'\xffp '|b'@\xc0\xa0'|-4311|18507|-24355|103
2018-08-08 10:11:54,506 - WARNING : Skipped 20 bytes before start found
2018-08-08 10:11:54,513 - WARNING : ID:<196> <Unexpected END_BYTE found <246> instead of <192>
2018-08-08 10:11:54,514 - DEBUG : 196|b'I\xa0\xd3'|b'"\xb5\xa7'|b'\n\xdc\xbd'|b'\xda\xd1\xab'|b'q\x1fu'|b'\xe1\x00\x00'|b'\x00\x00\x00'|b'\x00\xc0\xa0'|-4055|17402|-24337|246
2018-08-08 10:11:54,516 - WARNING : Skipped 24 bytes before start found
2018-08-08 10:11:54,519 - WARNING : ID:<202> <Unexpected END_BYTE found <77> instead of <192>
2018-08-08 10:11:54,520 - DEBUG : 202|b'\x97\xa0\xcf'|b'u\xb5\xab'|b'\x93\xdc\xc2'|b'T\xd1\xb0'|b'7\x1fz'|b'\xe7\x00\x00'|b'\x00\x00\x00'|b'\x00\xc0\xa0'|-3799|19340|-24303|77
2018-08-08 10:11:54,521 - WARNING : Skipped 28 bytes before start found
2018-08-08 10:11:54,535 - WARNING : ID:<219> <Unexpected END_BYTE found <155> instead of <192>
2018-08-08 10:11:54,538 - DEBUG : 219|b'\x8f\xa0\xde'|b'i\xb5\xc2'|b'H\xdc\xd8'|b'o\xd1\xc7'|b'u\x1f\x91'|b'\xe6\x00\x00'|b'\x00\x00\x00'|b'\x00\xc0\xa0'|-3543|19192|-24314|155
2018-08-08 10:11:54,546 - WARNING : Skipped 32 bytes before start found
2018-08-08 10:11:54,548 - WARNING : ID:<220> <Unexpected END_BYTE found <133> instead of <192>
2018-08-08 10:11:54,549 - DEBUG : 220|b'u\xa0\xd7'|b'\xa1\xb5\xc2'|b'R\xdc\xd8'|b'M\xd1\xc8'|b'\x08\x1f\x92'|b'\x13\x00\x00'|b'\x00\x00\x00'|b'\x00\xc0\xa0'|-3287|16407|-24349|133
2018-08-08 10:11:54,549 - WARNING : Skipped 36 bytes before start found
2018-08-08 10:11:54,560 - WARNING : ID:<200> <Unexpected END_BYTE found <7> instead of <192>
2018-08-08 10:11:54,561 - DEBUG : 200|b'\xa9\xa0\xb8'|b'+\xb5\xa9'|b'\xd6\xdc\xc0'|b'h\xd1\xaf'|b'c\x1fy'|b'\xa1\x00\x00'|b'\x00\x00\x00'|b'\x00\xc0\xa0'|-3031|12611|-24343|7
2018-08-08 10:11:54,562 - WARNING : Skipped 40 bytes before start found
2018-08-08 10:11:54,573 - WARNING : ID:<199> <Unexpected END_BYTE found <147> instead of <192>
2018-08-08 10:11:54,579 - DEBUG : 199|b'\xb7\xa0\xaa'|b'h\xb5\xa3'|b'\xce\xdc\xba'|b'\xc7\xd1\xa9'|b'\xa1\x1fs'|b'\xd4\x00\x00'|b'\x00\x00\x00'|b'\x00\xc0\xa0'|-2775|13475|-24306|147
2018-08-08 10:11:54,581 - WARNING : Skipped 44 bytes before start found
2018-08-08 10:11:54,583 - WARNING : ID:<218> <Unexpected END_BYTE found <160> instead of <192>
2018-08-08 10:11:54,583 - DEBUG : 218|b'1\xa0\xbb'|b'#\xb5\xbb'|b'\xe2\xdc\xd2'|b'z\xd1\xc2'|b'@\x1f\x8c'|b'@\x00\x00'|b'\x00\x00\x00'|b'\x00\xc0\xa0'|-2519|17647|-24309|160
2018-08-08 10:11:54,589 - WARNING : Skipped 48 bytes before start found
2018-08-08 10:11:54,592 - WARNING : ID:<221> <Unexpected END_BYTE found <64> instead of <192>
2018-08-08 10:11:54,592 - DEBUG : 221|b'\xd8\xa0\xb9'|b'\xc3\xb5\xc1'|b'q\xdc\xd7'|b'\xca\xd1\xc7'|b'\xdd\x1f\x92'|b'%\x00\x00'|b'\x00\x00\x00'|b'\x00\xc0\xa0'|-2263|22219|-24340|64
2018-08-08 10:11:54,598 - WARNING : Skipped 52 bytes before start found
2018-08-08 10:11:54,606 - WARNING : ID:<205> <Unexpected END_BYTE found <232> instead of <192>
2018-08-08 10:11:54,607 - DEBUG : 205|b'\xf7\xa0\x93'|b'\xb5\xb5\xaf'|b'\xd1\xdc\xc6'|b'h\xd1\xb6'|b'/\x1f\x80'|b'\xb7\x03P'|b'\xff\x90 '|b'\x10\xc0\xa0'|-2007|28164|-24344|232
2018-08-08 10:11:54,608 - WARNING : Skipped 56 bytes before start found
2018-08-08 10:11:54,615 - WARNING : ID:<197> <Unexpected END_BYTE found <67> instead of <192>
2018-08-08 10:11:54,616 - DEBUG : 197|b'\xd7\xa0\x88'|b'*\xb5\xa5'|b'8\xdc\xbc'|b' \xd1\xab'|b'k\x1fv'|b'W\x00\x00'|b'\x00\x00\x00'|b'\x00\xc0\xa0'|-1751|32463|-24305|67
2018-08-08 10:11:54,616 - WARNING : Skipped 60 bytes before start found
2018-08-08 10:11:54,625 - WARNING : ID:<218> <Unexpected END_BYTE found <37> instead of <192>
2018-08-08 10:11:54,625 - DEBUG : 218|b'v\xa0\xd3'|b'3\xb5\xbd'|b'd\xdc\xd3'|b'\xf8\xd1\xc3'|b'\x92\x1f\x8e'|b'\xe8\x00\x00'|b'\x00\x00\x00'|b'\x00\xc0\xa0'|-1495|-31950|-24304|37
2018-08-08 10:11:54,630 - WARNING : Skipped 64 bytes before start found
2018-08-08 10:11:54,633 - WARNING : ID:<223> <Unexpected END_BYTE found <210> instead of <192>
2018-08-08 10:11:54,639 - DEBUG : 223|b'\x13\xa0\xff'|b'!\xb5\xc5'|b'\x04\xdc\xdb'|b'n\xd1\xcb'|b'S\x1f\x96'|b'\xda\x00\x00'|b'\x00\x00\x00'|b'\x00\xc0\xa0'|-1239|31155|-24335|210
2018-08-08 10:11:54,640 - WARNING : Skipped 68 bytes before start found
2018-08-08 10:11:54,642 - WARNING : ID:<210> <Unexpected END_BYTE found <183> instead of <192>
2018-08-08 10:11:54,643 - DEBUG : 210|b' \xa0\xea'|b'\xb9\xb5\xb4'|b'\xec\xdc\xcb'|b'\xfb\xd1\xbb'|b'\x90\x1f\x86'|b'\xfb\x00\x00'|b'\x00\x00\x00'|b'\x00\xc0\xa0'|-983|28715|-24351|183
2018-08-08 10:11:54,649 - WARNING : Skipped 72 bytes before start found
2018-08-08 10:11:54,658 - WARNING : ID:<195> <Unexpected END_BYTE found <249> instead of <192>
2018-08-08 10:11:54,658 - DEBUG : 195|b'\x89\xa0\xcf'|b'\xcd\xb5\xa1'|b'\x82\xdc\xb9'|b'\x00\xd1\xa8'|b'@\x1fs'|b'C\x00\x00'|b'\x00\x00\x00'|b'\x00\xc0\xa0'|-727|25749|-24314|249
2018-08-08 10:11:54,659 - WARNING : Skipped 76 bytes before start found
2018-08-08 10:11:54,660 - WARNING : ID:<215> <Unexpected END_BYTE found <146> instead of <192>
2018-08-08 10:11:54,661 - DEBUG : 215|b'\x18\xa0\xdd'|b'\x0b\xb5\xb6'|b'\xcc\xdc\xce'|b'\x13\xd1\xbd'|b'\xca\x1f\x88'|b'\x96\x00\x00'|b'\x00\x00\x00'|b'\x00\xc0\xa0'|-471|23176|-24305|146
2018-08-08 10:11:54,661 - WARNING : Skipped 80 bytes before start found
2018-08-08 10:11:54,672 - WARNING : ID:<222> <Unexpected END_BYTE found <242> instead of <192>
2018-08-08 10:11:54,672 - DEBUG : 222|b'}\xa0\xe0'|b'\x0f\xb5\xc1'|b'2\xdc\xd8'|b'$\xd1\xc8'|b'\x82\x1f\x93'|b'8\x00\x00'|b'\x00\x00\x00'|b'\x00\xc0\xa0'|-215|24582|-24330|242
2018-08-08 10:11:54,677 - WARNING : Skipped 84 bytes before start found
2018-08-08 10:11:54,680 - WARNING : ID:<213> <Unexpected END_BYTE found <223> instead of <192>
2018-08-08 10:11:54,683 - DEBUG : 213|b'6\xa0\xcf'|b'<\xb5\xb7'|b'\x8c\xdc\xce'|b'\x84\xd1\xbe'|b'\xe1\x1f\x89'|b'\x88\x00\x00'|b'\x00\x00\x00'|b'\x00\xc0\xa0'|41|20566|-24354|223
2018-08-08 10:11:54,687 - WARNING : Skipped 88 bytes before start found
2018-08-08 10:11:54,691 - WARNING : ID:<195> <Unexpected END_BYTE found <88> instead of <192>
2018-08-08 10:11:54,691 - DEBUG : 195|b'\t\xa0\xaf'|b'\xd2\xb5\x9f'|b'\\\xdc\xb6'|b'\xeb\xd1\xa6'|b'r\x1fq'|b'_\x00\x00'|b'\x00\x00\x00'|b'\x00\xc0\xa0'|297|18220|-24320|88
2018-08-08 10:11:54,691 - WARNING : Skipped 92 bytes before start found
2018-08-08 10:11:54,694 - WARNING : ID:<210> <Unexpected END_BYTE found <85> instead of <192>
2018-08-08 10:11:54,702 - DEBUG : 210|b'\x87\xa0\xb8'|b'\xf6\xb5\xb0'|b'\x9e\xdc\xc8'|b'\x01\xd1\xb7'|b'{\x1f\x82'|b'\xac\x03P'|b'\xff\x90 '|b'\x00\xc0\xa0'|553|21779|-24300|85
2018-08-08 10:11:54,703 - WARNING : Skipped 96 bytes before start found
2018-08-08 10:11:54,713 - WARNING : ID:<222> <Unexpected END_BYTE found <230> instead of <192>
2018-08-08 10:11:54,713 - DEBUG : 222|b'd\xa0\xc3'|b'\x16\xb5\xc1'|b'\xc1\xdc\xd8'|b'\xe0\xd1\xc8'|b'\xc1\x1f\x94'|b'\x1c\x00\x00'|b'\x00\x00\x00'|b'\x00\xc0\xa0'|809|24125|-24320|230
2018-08-08 10:11:54,719 - WARNING : Skipped 100 bytes before start found
2018-08-08 10:11:54,722 - WARNING : ID:<217> <Unexpected END_BYTE found <45> instead of <192>
2018-08-08 10:11:54,722 - DEBUG : 217|b'\xf2\xa0\xb3'|b'n\xb5\xbc'|b'\x8c\xdc\xd3'|b'\xb3\xd1\xc3'|b'}\x1f\x8f'|b'#\x00\x00'|b'\x00\x00\x00'|b'\x00\xc0\xa0'|1065|26665|-24349|45
2018-08-08 10:11:54,724 - WARNING : Skipped 104 bytes before start found
2018-08-08 10:11:54,734 - WARNING : ID:<196> <Unexpected END_BYTE found <56> instead of <192>
2018-08-08 10:11:54,735 - DEBUG : 196|b'.\xa0\x84'|b'\xa0\xb5\xa3'|b'\x93\xdc\xbb'|b'_\xd1\xaa'|b's\x1fv'|b'd\x00\x00'|b'\x00\x00\x00'|b'\x00\xc0\xa0'|1321|22892|-24326|56
2018-08-08 10:11:54,736 - WARNING : Skipped 108 bytes before start found
2018-08-08 10:11:54,746 - WARNING : ID:<205> <Unexpected END_BYTE found <49> instead of <192>
2018-08-08 10:11:54,747 - DEBUG : 205|b'w\xa0\xa5'|b'\x10\xb5\xab'|b'\x11\xdc\xc2'|b'\xf5\xd1\xb1'|b'\xf1\x1f~'|b'4\x00\x00'|b'\x00\x00\x00'|b'\x00\xc0\xa0'|1577|21767|-24301|49
2018-08-08 10:11:54,751 - WARNING : Skipped 112 bytes before start found
2018-08-08 10:11:54,756 - WARNING : ID:<223> <Unexpected END_BYTE found <236> instead of <192>
2018-08-08 10:11:54,756 - DEBUG : 223|b'Z\xa0\xee'|b'u\xb5\xbc'|b'c\xdc\xd4'|b'*\xd1\xc3'|b'F\x1f\x8f'|b'\xda\x00\x00'|b'\x00\x00\x00'|b'\x00\xc0\xa0'|1833|22417|-24317|236
2018-08-08 10:11:54,762 - WARNING : Skipped 116 bytes before start found
2018-08-08 10:11:54,765 - WARNING : ID:<221> <Unexpected END_BYTE found <62> instead of <192>
2018-08-08 10:11:54,765 - DEBUG : 221|b'\x14\xa0\xfa'|b'E\xb5\xba'|b'\x00\xdc\xd1'|b'\xd7\xd1\xc0'|b'\xf0\x1f\x8d'|b'\xa6\x00\x00'|b'\x00\x00\x00'|b'\x00\xc0\xa0'|2089|24085|-24348|62
2018-08-08 10:11:54,766 - WARNING : Skipped 120 bytes before start found
2018-08-08 10:11:54,775 - WARNING : ID:<200> <Unexpected END_BYTE found <241> instead of <192>
2018-08-08 10:11:54,776 - DEBUG : 200|b'\x8b\xa0\xdb'|b'(\xb5\xa2'|b'+\xdc\xba'|b'{\xd1\xa9'|b'\x04\x1fu'|b'\xaf\x00\x00'|b'\x00\x00\x00'|b'\x00\xc0\xa0'|2345|20616|-24333|241
2018-08-08 10:11:54,776 - WARNING : Skipped 124 bytes before start found
2018-08-08 10:11:54,783 - WARNING : ID:<204> <Unexpected END_BYTE found <255> instead of <192>
2018-08-08 10:11:54,784 - DEBUG : 204|b'\xae\xa0\xd5'|b'\x9a\xb5\xa4'|b'Y\xdc\xbc'|b'\xc7\xd1\xaa'|b'\xfd\x1fw'|b'\xd4\x00\x00'|b'\x00\x00\x00'|b'\x00\xc0\xa0'|2601|20272|-24300|255
2018-08-08 10:11:54,786 - WARNING : Skipped 128 bytes before start found
2018-08-08 10:11:54,794 - WARNING : ID:<222> <Unexpected END_BYTE found <144> instead of <192>
2018-08-08 10:11:54,794 - DEBUG : 222|b'\x1e\xa0\xe4'|b'\xbf\xb5\xba'|b'\xb9\xdc\xd2'|b'\xdc\xd1\xc1'|b'A\x1f\x8e'|b'i\x00\x00'|b'\x00\x00\x00'|b'\x00\xc0\xa0'|2857|20229|-24309|144
2018-08-08 10:11:54,795 - WARNING : Skipped 132 bytes before start found
2018-08-08 10:11:54,798 - WARNING : ID:<222> <Unexpected END_BYTE found <121> instead of <192>
2018-08-08 10:11:54,799 - DEBUG : 222|b'j\xa0\xde'|b'\xfa\xb5\xbb'|b'\xe0\xdc\xd4'|b'(\xd1\xc2'|b'\x88\x1f\x8f'|b'\xec\x03`'|b'\xff\x90 '|b'0\xc0\xa0'|3113|20020|-24343|121
2018-08-08 10:11:54,799 - WARNING : Skipped 136 bytes before start found
2018-08-08 10:11:54,801 - WARNING : ID:<203> <Unexpected END_BYTE found <114> instead of <192>
2018-08-08 10:11:54,802 - DEBUG : 203|b'G\xa0\xc1'|b'\xc9\xb5\xa5'|b'\x12\xdc\xbe'|b'1\xd1\xac'|b'\x00\x1fy'|b'\xc4\x00\x00'|b'\x00\x00\x00'|b'\x00\xc0\xa0'|3369|20172|-24338|114
2018-08-08 10:11:54,808 - WARNING : Skipped 140 bytes before start found
2018-08-08 10:11:54,810 - WARNING : ID:<202> <Unexpected END_BYTE found <63> instead of <192>
2018-08-08 10:11:54,810 - DEBUG : 202|b'\xc0\xa0\xb4'|b'\x9d\xb5\x9f'|b'Y\xdc\xb9'|b'*\xd1\xa6'|b'a\x1ft'|b'\xd0\x00\x00'|b'\x00\x00\x00'|b'\x00\xc0\xa0'|3625|19653|-24301|63
2018-08-08 10:11:54,815 - WARNING : Skipped 144 bytes before start found
2018-08-08 10:11:54,818 - WARNING : ID:<220> <Unexpected END_BYTE found <227> instead of <192>
2018-08-08 10:11:54,819 - DEBUG : 220|b'6\xa0\xc5'|b'(\xb5\xb7'|b'|\xdc\xd1'|b'\x15\xd1\xbe'|b'\xc4\x1f\x8d'|b'\x83\x00\x00'|b'\x00\x00\x00'|b'\x00\xc0\xa0'|3881|22281|-24305|227
2018-08-08 10:11:54,819 - WARNING : Skipped 148 bytes before start found
2018-08-08 10:11:54,827 - WARNING : ID:<224> <Unexpected END_BYTE found <231> instead of <192>
2018-08-08 10:11:54,828 - DEBUG : 224|b',\xa0\xc4'|b'\x10\xb5\xbd'|b'J\xdc\xd6'|b'\xbc\xd1\xc4'|b'\xc1\x1f\x93'|b'O\x00\x00'|b'\x00\x00\x00'|b'\x00\xc0\xa0'|4137|22873|-24337|231
2018-08-08 10:11:54,833 - WARNING : Skipped 152 bytes before start found
2018-08-08 10:11:54,836 - WARNING : ID:<209> <Unexpected END_BYTE found <233> instead of <192>
2018-08-08 10:11:54,836 - DEBUG : 209|b'\xab\xa0\xa0'|b"'\xb5\xaa"|b'\xf3\xdc\xc4'|b'\xcf\xd1\xb2'|b'g\x1f\x80'|b'\xfe\x00\x00'|b'\x00\x00\x00'|b'\x00\xc0\xa0'|4393|21452|-24345|233
2018-08-08 10:11:54,837 - WARNING : Skipped 156 bytes before start found
2018-08-08 10:11:54,839 - WARNING : ID:<197> <Unexpected END_BYTE found <249> instead of <192>
2018-08-08 10:11:54,840 - DEBUG : 197|b'\xca\xa0\x88'|b'\x01\xb5\x9b'|b'\xcd\xdc\xb6'|b'9\xd1\xa3'|b'"\x1fq'|b'\xdc\x00\x00'|b'\x00\x00\x00'|b'\x00\xc0\xa0'|4649|19865|-24308|249
2018-08-08 10:11:54,845 - WARNING : Skipped 160 bytes before start found
2018-08-08 10:11:54,847 - WARNING : ID:<218> <Unexpected END_BYTE found <107> instead of <192>
2018-08-08 10:11:54,851 - DEBUG : 218|b'\xc0\xa0\xcc'|b'8\xb5\xb1'|b'T\xdc\xcb'|b'\x92\xd1\xb8'|b'\xf9\x1f\x87'|b'w\x00\x00'|b'\x00\x00\x00'|b'\x00\xc0\xa0'|4905|20817|-24304|107
2018-08-08 10:11:54,852 - WARNING : Skipped 164 bytes before start found
2018-08-08 10:11:54,855 - WARNING : ID:<224> <Unexpected END_BYTE found <190> instead of <192>
2018-08-08 10:11:54,856 - DEBUG : 224|b'\x8a\xa0\xfd'|b'^\xb5\xb9'|b')\xdc\xd3'|b'0\xd1\xc1'|b'\x01\x1f\x8f'|b'E\x00\x00'|b'\x00\x00\x00'|b'\x00\xc0\xa0'|5161|21575|-24333|190
2018-08-08 10:11:54,861 - WARNING : Skipped 168 bytes before start found
2018-08-08 10:11:54,863 - WARNING : ID:<212> <Unexpected END_BYTE found <6> instead of <192>
2018-08-08 10:11:54,863 - DEBUG : 212|b'\x12\xa0\xec'|b'\xb7\xb5\xab'|b'\x12\xdc\xc5'|b'C\xd1\xb3'|b'^\x1f\x81'|b'\x13\x03`'|b'\xff\xa0 '|b'P\xc0\xa0'|5417|19327|-24350|6
2018-08-08 10:11:54,866 - WARNING : Skipped 172 bytes before start found
2018-08-08 10:11:54,874 - WARNING : ID:<195> <Unexpected END_BYTE found <88> instead of <192>
2018-08-08 10:11:54,875 - DEBUG : 195|b'\xed\xa0\xd1'|b' \xb5\x96'|b'\xfb\xdc\xb1'|b'\x97\xd1\x9f'|b'w\x1fl'|b'\xe5\x00\x00'|b'\x00\x00\x00'|b'\x00\xc0\xa0'|5673|17713|-24313|88
2018-08-08 10:11:54,880 - WARNING : Skipped 176 bytes before start found
2018-08-08 10:11:54,883 - WARNING : ID:<214> <Unexpected END_BYTE found <236> instead of <192>
2018-08-08 10:11:54,885 - DEBUG : 214|b'\x8a\xa0\xde'|b'\x03\xb5\xac'|b'\x1b\xdc\xc6'|b'|\xd1\xb4'|b'\x99\x1f\x82'|b'\x07\x00\x00'|b'\x00\x00\x00'|b'\x00\xc0\xa0'|5929|18919|-24301|236
2018-08-08 10:11:54,888 - WARNING : Skipped 180 bytes before start found
2018-08-08 10:11:54,890 - WARNING : ID:<223> <Unexpected END_BYTE found <1> instead of <192>
2018-08-08 10:11:54,891 - DEBUG : 223|b'\xe8\xa0\xe3'|b'\x94\xb5\xb8'|b'\xd7\xdc\xd3'|b'\t\xd1\xc1'|b'\x82\x1f\x8e'|b'\xd0\x00\x00'|b'\x00\x00\x00'|b'\x00\xc0\xa0'|6185|19530|-24324|1
2018-08-08 10:11:54,893 - WARNING : Skipped 184 bytes before start found
2018-08-08 10:11:54,899 - WARNING : ID:<216> <Unexpected END_BYTE found <180> instead of <192>
2018-08-08 10:11:54,900 - DEBUG : 216|b'\xb1\xa0\xd3'|b'\x90\xb5\xaf'|b'\xd5\xdc\xc9'|b'\xf8\xd1\xb8'|b'Q\x1f\x85'|b'\xb3\x00\x00'|b'\x00\x00\x00'|b'\x00\xc0\xa0'|6441|16752|-24350|180
2018-08-08 10:11:54,901 - WARNING : Skipped 188 bytes before start found
2018-08-08 10:11:54,910 - WARNING : ID:<198> <Unexpected END_BYTE found <141> instead of <192>
2018-08-08 10:11:54,911 - DEBUG : 198|b'\x9f\xa0\xb3'|b'\x9e\xb5\x97'|b'M\xdc\xb1'|b'\x9f\xd1\x9f'|b'u\x1fm'|b'\x13\x00\x00'|b'\x00\x00\x00'|b'\x00\xc0\xa0'|6697|16823|-24317|141
2018-08-08 10:11:54,912 - WARNING : Skipped 192 bytes before start found
2018-08-08 10:11:54,919 - WARNING : ID:<212> <Unexpected END_BYTE found <235> instead of <192>
2018-08-08 10:11:54,919 - DEBUG : 212|b'\xaf\xa0\xbc'|b'\xa7\xb5\xa8'|b"'\xdc\xc2"|b'Y\xd1\xb0'|b'\xa0\x1f~'|b'N\x00\x00'|b'\x00\x00\x00'|b'\x00\xc0\xa0'|6953|17081|-24299|235
2018-08-08 10:11:54,927 - WARNING : Skipped 196 bytes before start found
2018-08-08 10:11:54,929 - WARNING : ID:<224> <Unexpected END_BYTE found <213> instead of <192>
2018-08-08 10:11:54,934 - DEBUG : 224|b'\x80\xa0\xc6'|b')\xb5\xb8'|b'\x9f\xdc\xd2'|b'\x80\xd1\xc1'|b'C\x1f\x8e'|b'\xf0\x00\x00'|b'\x00\x00\x00'|b'\x00\xc0\xa0'|7209|17075|-24319|213
2018-08-08 10:11:54,935 - WARNING : Skipped 200 bytes before start found
2018-08-08 10:11:54,945 - WARNING : ID:<221> <Unexpected END_BYTE found <36> instead of <192>
2018-08-08 10:11:54,945 - DEBUG : 221|b'\x1d\xa0\xb7'|b'\xab\xb5\xb3'|b'\x16\xdc\xcc'|b'\xe2\xd1\xbb'|b'\xd6\x1f\x89'|b'f\x00\x00'|b'\x00\x00\x00'|b'\x00\xc0\xa0'|7465|19156|-24349|36
2018-08-08 10:11:54,946 - WARNING : Skipped 204 bytes before start found
2018-08-08 10:11:54,948 - WARNING : ID:<199> <Unexpected END_BYTE found <89> instead of <192>
2018-08-08 10:11:54,949 - DEBUG : 199|b'W\xa0\x88'|b'\x1f\xb5\x9a'|b'\x15\xdc\xb4'|b'@\xd1\xa2'|b'\xbb\x1fp'|b'V\x00\x00'|b'\x00\x00\x00'|b'\x00\xc0\xa0'|7721|15499|-24328|89
2018-08-08 10:11:54,949 - WARNING : Skipped 208 bytes before start found
2018-08-08 10:11:54,956 - WARNING : ID:<207> <Unexpected END_BYTE found <41> instead of <192>
2018-08-08 10:11:54,957 - DEBUG : 207|b'\x13\xa0\xa0'|b'4\xb5\xa0'|b'G\xdc\xba'|b'\xa8\xd1\xa8'|b'\xf7\x1fv'|b'\xcb\x03P'|b'\xff\x80 '|b'P\xc0\xa0'|7977|14486|-24301|41
2018-08-08 10:11:54,966 - WARNING : Skipped 212 bytes before start found
2018-08-08 10:11:54,968 - WARNING : ID:<224> <Unexpected END_BYTE found <228> instead of <192>
2018-08-08 10:11:54,969 - DEBUG : 224|b'[\xa0\xea'|b']\xb5\xb2'|b'S\xdc\xcc'|b'\xa5\xd1\xbb'|b'\t\x1f\x89'|b'\x0b\x00\x00'|b'\x00\x00\x00'|b'\x00\xc0\xa0'|8233|14114|-24316|228
2018-08-08 10:11:54,969 - WARNING : Skipped 216 bytes before start found
2018-08-08 10:11:54,978 - WARNING : ID:<222> <Unexpected END_BYTE found <244> instead of <192>
2018-08-08 10:11:54,980 - DEBUG : 222|b'\xff\xa0\xfb'|b'X\xb5\xb0'|b'V\xdc\xca'|b'\xd0\xd1\xb9'|b'+\x1f\x87'|b'M\x00\x00'|b'\x00\x00\x00'|b'\x00\xc0\xa0'|8489|13750|-24349|244
2018-08-08 10:11:54,985 - WARNING : Skipped 220 bytes before start found
2018-08-08 10:11:54,990 - WARNING : ID:<201> <Unexpected END_BYTE found <111> instead of <192>
2018-08-08 10:11:54,995 - DEBUG : 201|b'\xbb\xa0\xdc'|b'/\xb5\x97'|b'\xe9\xdc\xb3'|b'&\xd1\xa0'|b'\xe5\x1fn'|b'\xdc\x00\x00'|b'\x00\x00\x00'|b'\x00\xc0\xa0'|8745|12552|-24334|111
2018-08-08 10:11:54,996 - WARNING : Skipped 224 bytes before start found
2018-08-08 10:11:55,006 - WARNING : ID:<204> <Unexpected END_BYTE found <45> instead of <192>
2018-08-08 10:11:55,006 - DEBUG : 204|b'Z\xa0\xd5'|b'\xb6\xb5\x99'|b'*\xdc\xb4'|b'\xea\xd1\xa2'|b'6\x1fp'|b'=\x00\x00'|b'\x00\x00\x00'|b'\x00\xc0\xa0'|9001|13700|-24299|45
2018-08-08 10:11:55,007 - WARNING : Skipped 228 bytes before start found
2018-08-08 10:11:55,009 - WARNING : ID:<222> <Unexpected END_BYTE found <35> instead of <192>
2018-08-08 10:11:55,014 - DEBUG : 222|b'\x89\xa0\xe5'|b'\xb2\xb5\xb0'|b'\xdf\xdc\xcb'|b'\xfc\xd1\xb9'|b'\xab\x1f\x88'|b'%\x00\x00'|b'\x00\x00\x00'|b'\x00\xc0\xa0'|9257|14802|-24307|35
2018-08-08 10:11:55,016 - WARNING : Skipped 232 bytes before start found
2018-08-08 10:11:55,020 - WARNING : ID:<224> <Unexpected END_BYTE found <246> instead of <192>
2018-08-08 10:11:55,024 - DEBUG : 224|b'2\xa0\xe0'|b'\xf0\xb5\xb3'|b'2\xdc\xce'|b'*\xd1\xbb'|b'\xe5\x1f\x8a'|b'\xb6\x00\x00'|b'\x00\x00\x00'|b'\x00\xc0\xa0'|9513|14459|-24342|246
2018-08-08 10:11:55,026 - WARNING : Skipped 236 bytes before start found
2018-08-08 10:11:55,029 - WARNING : ID:<205> <Unexpected END_BYTE found <187> instead of <192>
2018-08-08 10:11:55,030 - DEBUG : 205|b'\x9f\xa0\xc4'|b'\x81\xb5\x9d'|b'\x96\xdc\xb8'|b'\xff\xd1\xa6'|b'\t\x1fu'|b'[\x00\x00'|b'\x00\x00\x00'|b'\x00\xc0\xa0'|9769|11080|-24341|187
2018-08-08 10:11:55,035 - WARNING : Skipped 240 bytes before start found
2018-08-08 10:11:55,039 - WARNING : ID:<202> <Unexpected END_BYTE found <12> instead of <192>
2018-08-08 10:11:55,041 - DEBUG : 202|b'A\xa0\xb4'|b'\xe9\xb5\x95'|b'\xbb\xdc\xb1'|b'7\xd1\x9d'|b'\xe8\x1fm'|b'\x80\x00\x00'|b'\x00\x00\x00'|b'\x00\xc0\xa0'|10025|10079|-24302|12
2018-08-08 10:11:55,041 - WARNING : Skipped 244 bytes before start found
2018-08-08 10:11:55,048 - WARNING : ID:<221> <Unexpected END_BYTE found <245> instead of <192>
2018-08-08 10:11:55,049 - DEBUG : 221|b'\x13\xa0\xc5'|b'\xc3\xb5\xad'|b'\xfd\xdc\xc8'|b'\xd3\xd1\xb6'|b'8\x1f\x85'|b'\xf5\x00\x00'|b'\x00\x00\x00'|b'\x00\xc0\xa0'|10281|10926|-24304|245
2018-08-08 10:11:55,050 - WARNING : Skipped 248 bytes before start found
2018-08-08 10:11:55,057 - WARNING : ID:<225> <Unexpected END_BYTE found <225> instead of <192>
2018-08-08 10:11:55,058 - DEBUG : 225|b'c\xa0\xc4'|b'\xdf\xb5\xb3'|b'\xbd\xdc\xce'|b'\xbc\xd1\xbc'|b' \x1f\x8b'|b'\xd3\x03@'|b'\xff` '|b'`\xc0\xa0'|10537|12070|-24335|225
2018-08-08 10:11:55,060 - WARNING : Skipped 252 bytes before start found
2018-08-08 10:11:55,073 - WARNING : ID:<210> <Unexpected END_BYTE found <215> instead of <192>
2018-08-08 10:11:55,074 - DEBUG : 210|b'\xdc\xa0\xa2'|b'\x0c\xb5\xa2'|b'\x81\xdc\xbe'|b'\x0b\xd1\xab'|b'\t\x1fz'|b'\x8d\x00\x00'|b'\x00\x00\x00'|b'\x00\xc0\xa0'|10793|10352|-24346|215
2018-08-08 10:11:55,075 - WARNING : Skipped 256 bytes before start found
2018-08-08 10:11:55,077 - WARNING : ID:<198> <Unexpected END_BYTE found <26> instead of <192>
2018-08-08 10:11:55,077 - DEBUG : 198|b'N\xa0\x88'|b'[\xb5\x91'|b'\xbf\xdc\xae'|b'\x1c\xd1\x9a'|b'R\x1fj'|b'\x1d\x00\x00'|b'\x00\x00\x00'|b'\x00\xc0\xa0'|11049|9234|-24308|26
2018-08-08 10:11:55,080 - WARNING : Skipped 260 bytes before start found
2018-08-08 10:11:55,088 - WARNING : ID:<219> <Unexpected END_BYTE found <47> instead of <192>
2018-08-08 10:11:55,089 - DEBUG : 219|b'x\xa0\xcb'|b'\x98\xb5\xa6'|b'\xe7\xdc\xc3'|b'Z\xd1\xaf'|b'\xa1\x1f\x7f'|b'\xdf\x00\x00'|b'\x00\x00\x00'|b'\x00\xc0\xa0'|11305|9473|-24303|47
2018-08-08 10:11:55,089 - WARNING : Skipped 264 bytes before start found
2018-08-08 10:11:55,103 - INFO : Data packets received:1
2018-08-08 10:11:55,104 - WARNING : ID:<215> <Unexpected END_BYTE found <45> instead of <192>
2018-08-08 10:11:55,106 - DEBUG : 215|b'\r\xa0\xef'|b'\x00\xb5\xa1'|b'\xdc\xdc\xbf'|b'\x15\xd1\xaa'|b'\xa3\x1f{'|b'\x83\x00\x00'|b'\x00\x00\x00'|b'\x00\xc0\xa0'|11817|10878|-24348|45
2018-08-08 10:11:55,107 - WARNING : Skipped 4 bytes before start found
2018-08-08 10:11:55,109 - WARNING : ID:<197> <Unexpected END_BYTE found <202> instead of <192>
2018-08-08 10:11:55,110 - DEBUG : 197|b'\x98\xa0\xd3'|b't\xb5\x8d'|b'\x85\xdc\xab'|b'\x80\xd1\x96'|b'O\x1fg'|b'|\x00\x00'|b'\x00\x00\x00'|b'\x00\xc0\xa0'|12073|12454|-24311|202
2018-08-08 10:11:55,111 - WARNING : Skipped 8 bytes before start found
2018-08-08 10:11:55,139 - WARNING : ID:<215> <Unexpected END_BYTE found <188> instead of <192>
2018-08-08 10:11:55,141 - DEBUG : 215|b'\xb9\xa0\xe0'|b'\xd0\xb5\xa2'|b'\xc6\xdc\xc0'|b'\xf7\xd1\xab'|b'\xba\x1f}'|b'?\x00\x00'|b'\x00\x00\x00'|b'\x00\xc0\xa0'|12329|13782|-24298|188
2018-08-08 10:11:55,142 - WARNING : Skipped 12 bytes before start found
2018-08-08 10:11:55,144 - WARNING : ID:<226> <Unexpected END_BYTE found <15> instead of <192>
2018-08-08 10:11:55,144 - DEBUG : 226|b';\xa0\xe7'|b'\x0f\xb5\xb0'|b'\x87\xdc\xce'|b'\x9f\xd1\xb9'|b'z\x1f\x8b'|b'n\x00\x00'|b'\x00\x00\x00'|b'\x00\xc0\xa0'|12585|13515|-24321|15
2018-08-08 10:11:55,144 - WARNING : Skipped 16 bytes before start found
2018-08-08 10:11:55,161 - WARNING : ID:<219> <Unexpected END_BYTE found <109> instead of <192>
2018-08-08 10:11:55,161 - DEBUG : 219|b'd\xa0\xd7'|b"'\xb5\xa8"|b'\n\xdc\xc5'|b'\xcf\xd1\xb0'|b'\xa9\x1f\x83'|b'\x04\x00\x00'|b'\x00\x00\x00'|b'\x00\xc0\xa0'|12841|12035|-24348|109
2018-08-08 10:11:55,162 - WARNING : Skipped 20 bytes before start found
2018-08-08 10:11:55,172 - WARNING : ID:<198> <Unexpected END_BYTE found <201> instead of <192>
2018-08-08 10:11:55,173 - DEBUG : 198|b'\xeb\xa0\xb7'|b'\x80\xb5\x8f'|b'\x80\xdc\xad'|b'q\xd1\x98'|b'\x07\x1fj'|b'\xcc\x03`'|b'\xffP '|b'@\xc0\xa0'|13097|11545|-24317|201
2018-08-08 10:11:55,175 - WARNING : Skipped 24 bytes before start found
2018-08-08 10:11:55,184 - WARNING : ID:<213> <Unexpected END_BYTE found <219> instead of <192>
2018-08-08 10:11:55,185 - DEBUG : 213|b'%\xa0\xbf'|b'q\xb5\x9e'|b'\xa8\xdc\xbc'|b'\x96\xd1\xa7'|b'\xa3\x1fz'|b'r\x00\x00'|b'\x00\x00\x00'|b'\x00\xc0\xa0'|13353|14791|-24296|219
2018-08-08 10:11:55,185 - WARNING : Skipped 28 bytes before start found
2018-08-08 10:11:55,196 - WARNING : ID:<225> <Unexpected END_BYTE found <129> instead of <192>
2018-08-08 10:11:55,196 - DEBUG : 225|b'\xdb\xa0\xca'|b'\xaf\xb5\xb0'|b'\x94\xdc\xce'|b'3\xd1\xba'|b'\n\x1f\x8c'|b'\x9f\x00\x00'|b'\x00\x00\x00'|b'\x00\xc0\xa0'|13609|17920|-24313|129
2018-08-08 10:11:55,197 - WARNING : Skipped 32 bytes before start found
2018-08-08 10:11:55,208 - WARNING : ID:<223> <Unexpected END_BYTE found <121> instead of <192>
2018-08-08 10:11:55,214 - DEBUG : 223|b'y\xa0\xbe'|b'\xb1\xb5\xac'|b'\xf9\xdc\xca'|b'\x9b\xd1\xb7'|b'\x13\x1f\x88'|b'\xee\x00\x00'|b'\x00\x00\x00'|b'\x00\xc0\xa0'|13865|18820|-24346|121
2018-08-08 10:11:55,215 - WARNING : Skipped 36 bytes before start found
2018-08-08 10:11:55,217 - WARNING : ID:<202> <Unexpected END_BYTE found <124> instead of <192>
2018-08-08 10:11:55,218 - DEBUG : 202|b'%\xa0\x8e'|b']\xb5\x93'|b'\xd6\xdc\xb1'|b'\xc0\xd1\x9d'|b'\xb5\x1fo'|b'r\x00\x00'|b'\x00\x00\x00'|b'\x00\xc0\xa0'|14121|18430|-24326|124
2018-08-08 10:11:55,224 - WARNING : Skipped 40 bytes before start found
2018-08-08 10:11:55,225 - WARNING : ID:<209> <Unexpected END_BYTE found <72> instead of <192>
2018-08-08 10:11:55,230 - DEBUG : 209|b'\xf4\xa0\xa3'|b'\x0c\xb5\x9a'|b'(\xdc\xb8'|b'\x0f\xd1\xa3'|b'\x94\x1fv'|b'\r\x00\x00'|b'\x00\x00\x00'|b'\x00\xc0\xa0'|14377|17615|-24298|72
2018-08-08 10:11:55,231 - WARNING : Skipped 44 bytes before start found
2018-08-08 10:11:55,233 - WARNING : ID:<226> <Unexpected END_BYTE found <154> instead of <192>
2018-08-08 10:11:55,233 - DEBUG : 226|b'\xb2\xa0\xee'|b'\x1d\xb5\xad'|b'K\xdc\xcb'|b'\x0e\xd1\xb6'|b'N\x1f\x89'|b'\x81\x00\x00'|b'\x00\x00\x00'|b'\x00\xc0\xa0'|14633|21279|-24310|154
2018-08-08 10:11:55,235 - WARNING : Skipped 48 bytes before start found
2018-08-08 10:11:55,243 - WARNING : ID:<223> <Unexpected END_BYTE found <113> instead of <192>
2018-08-08 10:11:55,244 - DEBUG : 223|b'o\xa1\x00'|b'7\xb5\xad'|b'\xa5\xdc\xcb'|b'_\xd1\xb6'|b'l\x1f\x89'|b'\xf6\x00\x00'|b'\x00\x00\x00'|b'\x00\xc0\xa0'|14889|23692|-24342|113
2018-08-08 10:11:55,249 - WARNING : Skipped 52 bytes before start found
2018-08-08 10:11:55,252 - WARNING : ID:<203> <Unexpected END_BYTE found <112> instead of <192>
2018-08-08 10:11:55,252 - DEBUG : 203|b'\xf6\xa0\xe2'|b'~\xb5\x96'|b'\xd4\xdc\xb5'|b',\xd1\x9f'|b'h\x1fs'|b'\x0e\x00\x00'|b'\x00\x00\x00'|b'\x00\xc0\xa0'|15145|22662|-24330|112
2018-08-08 10:11:55,253 - WARNING : Skipped 56 bytes before start found
2018-08-08 10:11:55,262 - WARNING : ID:<206> <Unexpected END_BYTE found <202> instead of <192>
2018-08-08 10:11:55,263 - DEBUG : 206|b'\xbe\xa0\xd9'|b'\x88\xb5\x96'|b'?\xdc\xb4'|b'\x9f\xd1\x9e'|b'\xc5\x1fr'|b'z\x03\x80'|b'\xff\x80 '|b'`\xc0\xa0'|15401|24128|-24296|202
2018-08-08 10:11:55,270 - WARNING : Skipped 60 bytes before start found
2018-08-08 10:11:55,273 - WARNING : ID:<224> <Unexpected END_BYTE found <154> instead of <192>
2018-08-08 10:11:55,274 - DEBUG : 224|b'\x96\xa0\xe9'|b'N\xb5\xae'|b'^\xdc\xcb'|b'\xd4\xd1\xb7'|b'\x07\x1f\x8a'|b'^\x00\x00'|b'\x00\x00\x00'|b'\x00\xc0\xa0'|15657|26415|-24303|154
2018-08-08 10:11:55,282 - WARNING : Skipped 64 bytes before start found
2018-08-08 10:11:55,291 - WARNING : ID:<226> <Unexpected END_BYTE found <25> instead of <192>
2018-08-08 10:11:55,292 - DEBUG : 226|b'\xf9\xa0\xe5'|b'\xc4\xb5\xb2'|b'$\xdc\xcf'|b'-\xd1\xba'|b'\xb9\x1f\x8d'|b'\xec\x00\x00'|b'\x00\x00\x00'|b'\x00\xc0\xa0'|15913|27100|-24336|25
2018-08-08 10:11:55,292 - WARNING : Skipped 68 bytes before start found
2018-08-08 10:11:55,296 - WARNING : ID:<209> <Unexpected END_BYTE found <224> instead of <192>
2018-08-08 10:11:55,297 - DEBUG : 209|b'\xab\xa0\xca'|b'\x93\xb5\x9d'|b'\x8c\xdc\xbb'|b'!\xd1\xa6'|b')\x1fy'|b'b\x00\x00'|b'\x00\x00\x00'|b'\x00\xc0\xa0'|16169|25628|-24337|224
2018-08-08 10:11:55,301 - WARNING : Skipped 72 bytes before start found
2018-08-08 10:11:55,305 - WARNING : ID:<203> <Unexpected END_BYTE found <103> instead of <192>
2018-08-08 10:11:55,305 - DEBUG : 203|b'\xfb\xa0\xba'|b'\xa9\xb5\x94'|b'\xf0\xdc\xb2'|b'\xbf\xd1\x9d'|b'Y\x1fp'|b'\xd0\x00\x00'|b'\x00\x00\x00'|b'\x00\xc0\xa0'|16425|24542|-24299|103
2018-08-08 10:11:55,306 - WARNING : Skipped 76 bytes before start found
2018-08-08 10:11:55,315 - WARNING : ID:<223> <Unexpected END_BYTE found <126> instead of <192>
2018-08-08 10:11:55,315 - DEBUG : 223|b'\xb5\xa0\xcb'|b'\xa2\xb5\xad'|b'\xa6\xdc\xca'|b'\x9b\xd1\xb5'|b'\xa8\x1f\x89'|b'U\x00\x00'|b'\x00\x00\x00'|b'\x00\xc0\xa0'|16681|27426|-24300|126
2018-08-08 10:11:55,317 - WARNING : Skipped 80 bytes before start found
2018-08-08 10:11:55,326 - WARNING : ID:<226> <Unexpected END_BYTE found <112> instead of <192>
2018-08-08 10:11:55,327 - DEBUG : 226|b'\xf8\xa0\xcc'|b'h\xb5\xb5'|b'I\xdc\xd1'|b'\xcd\xd1\xbc'|b'\xff\x1f\x90'|b'\xee\x00\x00'|b'\x00\x00\x00'|b'\x00\xc0\xa0'|16937|28137|-24331|112
2018-08-08 10:11:55,335 - WARNING : Skipped 84 bytes before start found
2018-08-08 10:11:55,338 - WARNING : ID:<213> <Unexpected END_BYTE found <102> instead of <192>
2018-08-08 10:11:55,345 - DEBUG : 213|b'\xac\xa0\xad'|b'\x88\xb5\xa4'|b'\xb5\xdc\xc1'|b'\x97\xd1\xac'|b'\xad\x1f\x80'|b'\x88\x00\x00'|b'\x00\x00\x00'|b'\x00\xc0\xa0'|17193|26520|-24344|102
2018-08-08 10:11:55,349 - WARNING : Skipped 88 bytes before start found
2018-08-08 10:11:55,359 - WARNING : ID:<200> <Unexpected END_BYTE found <116> instead of <192>
2018-08-08 10:11:55,359 - DEBUG : 200|b'\x89\xa0\x8b'|b'\xc1\xb5\x92'|b'z\xdc\xb0'|b'@\xd1\x9a'|b'\xc9\x1fn'|b'\xe8\x00\x00'|b'\x00\x00\x00'|b'\x00\xc0\xa0'|17449|25115|-24307|116
2018-08-08 10:11:55,360 - WARNING : Skipped 92 bytes before start found
2018-08-08 10:11:55,370 - WARNING : ID:<221> <Unexpected END_BYTE found <82> instead of <192>
2018-08-08 10:11:55,373 - DEBUG : 221|b'\x15\xa0\xc9'|b'G\xb5\xa7'|b'@\xdc\xc4'|b'\xd1\xd1\xaf'|b'\xae\x1f\x83'|b'\xf1\x00\x00'|b'\x00\x00\x00'|b'\x00\xc0\xa0'|17705|27426|-24299|82
2018-08-08 10:11:55,379 - WARNING : Skipped 96 bytes before start found
2018-08-08 10:11:55,382 - WARNING : ID:<228> <Unexpected END_BYTE found <14> instead of <192>
2018-08-08 10:11:55,383 - DEBUG : 228|b'\x97\xa1\x00'|b'X\xb5\xb1'|b'\x07\xdc\xce'|b'`\xd1\xb9'|b'\x89\x1f\x8d'|b'\xf5\x03p'|b'\xffp '|b'0\xc0\xa0'|17961|28800|-24325|14
2018-08-08 10:11:55,385 - WARNING : Skipped 100 bytes before start found
2018-08-08 10:11:55,390 - WARNING : ID:<216> <Unexpected END_BYTE found <241> instead of <192>
2018-08-08 10:11:55,391 - DEBUG : 216|b'q\xa0\xf3'|b'\xe6\xb5\xa5'|b'T\xdc\xc3'|b'\x14\xd1\xae'|b'G\x1f\x82'|b'\xcd\x00\x00'|b'\x00\x00\x00'|b'\x00\xc0\xa0'|18217|26922|-24346|241
2018-08-08 10:11:55,396 - WARNING : Skipped 104 bytes before start found
2018-08-08 10:11:55,398 - WARNING : ID:<200> <Unexpected END_BYTE found <130> instead of <192>
2018-08-08 10:11:55,404 - DEBUG : 200|b'j\xa0\xd6'|b'\xa5\xb5\x8f'|b'\x99\xdc\xad'|b'\xbd\xd1\x98'|b'\x00\x1fm'|b'A\x00\x00'|b'\x00\x00\x00'|b'\x00\xc0\xa0'|18473|28075|-24309|130
2018-08-08 10:11:55,405 - WARNING : Skipped 108 bytes before start found
2018-08-08 10:11:55,408 - WARNING : ID:<217> <Unexpected END_BYTE found <185> instead of <192>
2018-08-08 10:11:55,408 - DEBUG : 217|b'\x91\xa0\xe3'|b';\xb5\xa4'|b'C\xdc\xc2'|b'\x1c\xd1\xac'|b'X\x1f\x82'|b'/\x00\x00'|b'\x00\x00\x00'|b'\x00\xc0\xa0'|18729|28387|-24296|185
2018-08-08 10:11:55,410 - WARNING : Skipped 112 bytes before start found
2018-08-08 10:11:55,416 - WARNING : ID:<227> <Unexpected END_BYTE found <117> instead of <192>
2018-08-08 10:11:55,417 - DEBUG : 227|b'\xb6\xa0\xea'|b'\x80\xb5\xb2'|b'\x9e\xdc\xd0'|b'T\xd1\xba'|b'\x9b\x1f\x90'|b'|\x00\x00'|b'\x00\x00\x00'|b'\x00\xc0\xa0'|18985|27209|-24319|117
2018-08-08 10:11:55,423 - WARNING : Skipped 116 bytes before start found
2018-08-08 10:11:55,426 - WARNING : ID:<222> <Unexpected END_BYTE found <216> instead of <192>
2018-08-08 10:11:55,426 - DEBUG : 222|b'\x03\xa0\xdb'|b'2\xb5\xaa'|b' \xdc\xc7'|b'\xe9\xd1\xb1'|b'\xf8\x1f\x88'|b' \x00\x00'|b'\x00\x00\x00'|b'\x00\xc0\xa0'|19241|27874|-24347|216
2018-08-08 10:11:55,428 - WARNING : Skipped 120 bytes before start found
2018-08-08 10:11:55,434 - WARNING : ID:<202> <Unexpected END_BYTE found <107> instead of <192>
2018-08-08 10:11:55,435 - DEBUG : 202|b'\xf6\xa0\xbb'|b'\xe9\xb5\x91'|b'\xef\xdc\xb0'|b'h\xd1\x99'|b'\x81\x1fp'|b'g\x00\x00'|b'\x00\x00\x00'|b'\x00\xc0\xa0'|19497|28193|-24317|107
2018-08-08 10:11:55,441 - WARNING : Skipped 124 bytes before start found
2018-08-08 10:11:55,443 - WARNING : ID:<215> <Unexpected END_BYTE found <207> instead of <192>
2018-08-08 10:11:55,445 - DEBUG : 215|b'\xc0\xa0\xc2'|b'!\xb5\xa0'|b'\x14\xdc\xbe'|b'\xaa\xd1\xa7'|b'\xd0\x1f~'|b'\xc8\x00\x00'|b'\x00\x00\x00'|b'\x00\xc0\xa0'|19753|27667|-24296|207
2018-08-08 10:11:55,450 - WARNING : Skipped 128 bytes before start found
2018-08-08 10:11:55,452 - WARNING : ID:<228> <Unexpected END_BYTE found <97> instead of <192>
2018-08-08 10:11:55,459 - DEBUG : 228|b'c\xa0\xcc'|b'\xdf\xb5\xb1'|b'\xf1\xdc\xd0'|b'\x1e\xd1\xb9'|b'\x97\x1f\x90'|b'\x94\x00\x00'|b'\x00\x00\x00'|b'\x00\xc0\xa0'|20009|28485|-24313|97
2018-08-08 10:11:55,460 - WARNING : Skipped 132 bytes before start found
2018-08-08 10:11:55,462 - WARNING : ID:<225> <Unexpected END_BYTE found <142> instead of <192>
2018-08-08 10:11:55,463 - DEBUG : 225|b'\x95\xa0\xc1'|b'\x10\xb5\xae'|b'\x9f\xdc\xcc'|b'\xd8\xd1\xb6'|b'"\x1f\x8d'|b'i\x00\x00'|b'\x00\x00\x00'|b'\x00\xc0\xa0'|20265|27080|-24346|142
2018-08-08 10:11:55,467 - WARNING : Skipped 136 bytes before start found
2018-08-08 10:11:55,472 - WARNING : ID:<203> <Unexpected END_BYTE found <106> instead of <192>
2018-08-08 10:11:55,477 - DEBUG : 203|b'\xc0\xa0\x8f'|b'\xf3\xb5\x94'|b']\xdc\xb3'|b'\x00\xd1\x9b'|b'\xf2\x1fs'|b'<\x03\xa0'|b'\xffp '|b'@\xc0\xa0'|20521|23157|-24328|106
2018-08-08 10:11:55,478 - WARNING : Skipped 140 bytes before start found
2018-08-08 10:11:55,480 - WARNING : ID:<209> <Unexpected END_BYTE found <184> instead of <192>
2018-08-08 10:11:55,482 - DEBUG : 209|b't\xa0\xa1'|b'\x9b\xb5\x97'|b'\x96\xdc\xb6'|b'\x7f\xd1\x9f'|b'E\x1fv'|b'\xb6\x00\x00'|b'\x00\x00\x00'|b'\x00\xc0\xa0'|20777|23973|-24298|184
2018-08-08 10:11:55,486 - WARNING : Skipped 144 bytes before start found
2018-08-08 10:11:55,490 - WARNING : ID:<227> <Unexpected END_BYTE found <216> instead of <192>
2018-08-08 10:11:55,490 - DEBUG : 227|b'R\xa0\xed'|b'\x80\xb5\xab'|b'^\xdc\xca'|b' \xd1\xb3'|b'\t\x1f\x8a'|b'\xe2\x00\x00'|b'\x00\x00\x00'|b'\x00\xc0\xa0'|21033|28744|-24308|216
2018-08-08 10:11:55,491 - WARNING : Skipped 148 bytes before start found
2018-08-08 10:11:55,492 - WARNING : ID:<227> <Unexpected END_BYTE found <245> instead of <192>
2018-08-08 10:11:55,492 - DEBUG : 227|b',\xa1\x02'|b'\x12\xb5\xac'|b'\x83\xdc\xcb'|b'\\\xd1\xb4'|b'i\x1f\x8c'|b'd\x00\x00'|b'\x00\x00\x00'|b'\x00\xc0\xa0'|21289|28643|-24341|245
2018-08-08 10:11:55,497 - WARNING : Skipped 152 bytes before start found
2018-08-08 10:11:55,500 - WARNING : ID:<207> <Unexpected END_BYTE found <128> instead of <192>
2018-08-08 10:11:55,501 - DEBUG : 207|b'\n\xa0\xe3'|b'\xe7\xb5\x95'|b'#\xdc\xb4'|b'F\xd1\x9d'|b'\x1d\x1fu'|b'\x14\x00\x00'|b'\x00\x00\x00'|b'\x00\xc0\xa0'|21545|27023|-24331|128
2018-08-08 10:11:55,502 - WARNING : Skipped 156 bytes before start found
2018-08-08 10:11:55,512 - WARNING : ID:<206> <Unexpected END_BYTE found <21> instead of <192>
2018-08-08 10:11:55,513 - DEBUG : 206|b'\xa1\xa0\xd9'|b'\x82\xb5\x92'|b'<\xdc\xb1'|b'\xa8\xd1\x9a'|b'\x8e\x1fr'|b'r\x00\x00'|b'\x00\x00\x00'|b'\x00\xc0\xa0'|21801|25818|-24295|21
2018-08-08 10:11:55,521 - WARNING : Skipped 160 bytes before start found
2018-08-08 10:11:55,523 - WARNING : ID:<225> <Unexpected END_BYTE found <114> instead of <192>
2018-08-08 10:11:55,524 - DEBUG : 225|b'\xdb\xa0\xe9'|b'`\xb5\xa9'|b'z\xdc\xc8'|b'\xb0\xd1\xb2'|b'(\x1f\x8a'|b'1\x00\x00'|b'\x00\x00\x00'|b'\x00\xc0\xa0'|22057|28197|-24301|114
2018-08-08 10:11:55,525 - WARNING : Skipped 164 bytes before start found
2018-08-08 10:11:55,535 - WARNING : ID:<229> <Unexpected END_BYTE found <222> instead of <192>
2018-08-08 10:11:55,535 - DEBUG : 229|b'\x89\xa0\xe6'|b'\xaa\xb5\xad'|b'\xbd\xdc\xcc'|b'\xd3\xd1\xb6'|b'D\x1f\x8e'|b'm\x00\x00'|b'\x00\x00\x00'|b'\x00\xc0\xa0'|22313|30105|-24334|222
2018-08-08 10:11:55,536 - WARNING : Skipped 168 bytes before start found
2018-08-08 10:11:55,539 - WARNING : ID:<213> <Unexpected END_BYTE found <142> instead of <192>
2018-08-08 10:11:55,549 - DEBUG : 213|b'p\xa0\xcc'|b'N\xb5\x9a'|b'\x81\xdc\xb9'|b'\xf6\xd1\xa2'|b'\xf5\x1fz'|b'\xcd\x00\x00'|b'\x00\x00\x00'|b'\x00\xc0\xa0'|22569|28095|-24336|142
2018-08-08 10:11:55,558 - WARNING : Skipped 172 bytes before start found
2018-08-08 10:11:55,559 - WARNING : ID:<204> <Unexpected END_BYTE found <51> instead of <192>
2018-08-08 10:11:55,560 - DEBUG : 204|b'\xf5\xa0\xba'|b'R\xb5\x8f'|b'\xe4\xdc\xaf'|b'\xd2\xd1\x98'|b'\x8a\x1fp'|b'\x14\x00\x00'|b'\x00\x00\x00'|b'\x00\xc0\xa0'|22825|27960|-24297|51
2018-08-08 10:11:55,560 - WARNING : Skipped 176 bytes before start found
2018-08-08 10:11:55,579 - WARNING : ID:<225> <Unexpected END_BYTE found <101> instead of <192>
2018-08-08 10:11:55,580 - DEBUG : 225|b'\x02\xa0\xcb'|b'0\xb5\xa8'|b'\x95\xdc\xc8'|b'\x07\xd1\xb1'|b'&\x1f\x88'|b'\xe2\x03\x90'|b'\xff\x80 '|b'`\xc0\xa0'|23081|28140|-24297|101
2018-08-08 10:11:55,586 - WARNING : Skipped 180 bytes before start found
2018-08-08 10:11:55,596 - WARNING : ID:<230> <Unexpected END_BYTE found <67> instead of <192>
2018-08-08 10:11:55,597 - DEBUG : 230|b'\x83\xa0\xcb'|b'x\xb5\xaf'|b'\xe7\xdc\xce'|b'\xd4\xd1\xb8'|b'I\x1f\x90'|b'9\x00\x00'|b'\x00\x00\x00'|b'\x00\xc0\xa0'|23337|28788|-24327|67
2018-08-08 10:11:55,597 - WARNING : Skipped 184 bytes before start found
2018-08-08 10:11:55,600 - WARNING : ID:<217> <Unexpected END_BYTE found <209> instead of <192>
2018-08-08 10:11:55,607 - DEBUG : 217|b'M\xa0\xab'|b'\xc2\xb5\xa0'|b'\x06\xdc\xbe'|b'\xf0\xd1\xa8'|b'Z\x1f\x80'|b'V\x00\x00'|b'\x00\x00\x00'|b'\x00\xc0\xa0'|23593|26197|-24343|209
2018-08-08 10:11:55,610 - WARNING : Skipped 188 bytes before start found
2018-08-08 10:11:55,613 - WARNING : ID:<202> <Unexpected END_BYTE found <73> instead of <192>
2018-08-08 10:11:55,615 - DEBUG : 202|b'\xd8\xa0\x8a'|b'\xdc\xb5\x8c'|b'B\xdc\xab'|b'r\xd1\x94'|b'z\x1fl'|b'\x85\x00\x00'|b'\x00\x00\x00'|b'\x00\xc0\xa0'|23849|27425|-24305|73
2018-08-08 10:11:55,616 - WARNING : Skipped 192 bytes before start found
2018-08-08 10:11:55,625 - WARNING : ID:<222> <Unexpected END_BYTE found <194> instead of <192>
2018-08-08 10:11:55,625 - DEBUG : 222|b'\xcb\xa0\xcc'|b'\xc6\xb5\xa1'|b'\xc1\xdc\xc0'|b'b\xd1\xa9'|b'\xb5\x1f\x81'|b'\xda\x00\x00'|b'\x00\x00\x00'|b'\x00\xc0\xa0'|24105|28175|-24298|194
2018-08-08 10:11:55,626 - WARNING : Skipped 196 bytes before start found
2018-08-08 10:11:55,632 - WARNING : ID:<230> <Unexpected END_BYTE found <222> instead of <192>
2018-08-08 10:11:55,633 - DEBUG : 230|b'\x8c\xa0\xff'|b'\xcd\xb5\xab'|b'\x96\xdc\xca'|b'>\xd1\xb3'|b'\xeb\x1f\x8b'|b'\xfa\x00\x00'|b'\x00\x00\x00'|b'\x00\xc0\xa0'|24361|29023|-24324|222
2018-08-08 10:11:55,634 - WARNING : Skipped 200 bytes before start found
2018-08-08 10:11:55,642 - WARNING : ID:<221> <Unexpected END_BYTE found <51> instead of <192>
2018-08-08 10:11:55,643 - DEBUG : 221|b'{\xa0\xf1'|b'\xc1\xb5\xa0'|b':\xdc\xbf'|b'\x97\xd1\xa8'|b'\xda\x1f\x80'|b'\xed\x00\x00'|b'\x00\x00\x00'|b'\x00\xc0\xa0'|24617|26715|-24345|51
2018-08-08 10:11:55,648 - WARNING : Skipped 204 bytes before start found
2018-08-08 10:11:55,650 - WARNING : ID:<201> <Unexpected END_BYTE found <99> instead of <192>
2018-08-08 10:11:55,651 - DEBUG : 201|b'\xfe\xa0\xd3'|b'\xc6\xb5\x89'|b'j\xdc\xa9'|b'\x84\xd1\x92'|b'\x1c\x1fj'|b',\x00\x00'|b'\x00\x00\x00'|b'\x00\xc0\xa0'|24873|26300|-24310|99
2018-08-08 10:11:55,651 - WARNING : Skipped 208 bytes before start found
2018-08-08 10:11:55,659 - WARNING : ID:<218> <Unexpected END_BYTE found <161> instead of <192>
2018-08-08 10:11:55,660 - DEBUG : 218|b'\x87\xa0\xde'|b'\xe2\xb5\x9c'|b's\xdc\xbc'|b'B\xd1\xa5'|b'M\x1f}'|b'>\x00\x00'|b'\x00\x00\x00'|b'\x00\xc0\xa0'|25129|29303|-24293|161
2018-08-08 10:11:55,665 - WARNING : Skipped 212 bytes before start found
2018-08-08 10:11:55,668 - WARNING : ID:<229> <Unexpected END_BYTE found <119> instead of <192>
2018-08-08 10:11:55,674 - DEBUG : 229|b'\xcb\xa0\xe7'|b'\xc0\xb5\xac'|b'c\xdc\xcb'|b'\xd2\xd1\xb5'|b'\xa2\x1f\x8d'|b'5\x03\xa0'|b'\xff\x90 '|b'`\xc0\xa0'|25385|28394|-24315|119
2018-08-08 10:11:55,675 - WARNING : Skipped 216 bytes before start found
2018-08-08 10:11:55,679 - WARNING : ID:<224> <Unexpected END_BYTE found <196> instead of <192>
2018-08-08 10:11:55,679 - DEBUG : 224|b'%\xa0\xd9'|b'4\xb5\xa5'|b'&\xdc\xc4'|b'\x1e\xd1\xae'|b'\x1c\x1f\x85'|b'\xc1\x00\x00'|b'\x00\x00\x00'|b'\x00\xc0\xa0'|25641|27615|-24344|196
2018-08-08 10:11:55,680 - WARNING : Skipped 220 bytes before start found
2018-08-08 10:11:55,682 - WARNING : ID:<203> <Unexpected END_BYTE found <212> instead of <192>
2018-08-08 10:11:55,682 - DEBUG : 203|b'\x82\xa0\xb8'|b'\x8b\xb5\x8c'|b'T\xdc\xab'|b'\x11\xd1\x94'|b'\xb0\x1fl'|b'\xbd\x00\x00'|b'\x00\x00\x00'|b'\x00\xc0\xa0'|25897|27263|-24316|212
2018-08-08 10:11:55,689 - WARNING : Skipped 224 bytes before start found
2018-08-08 10:11:55,691 - WARNING : ID:<214> <Unexpected END_BYTE found <178> instead of <192>
2018-08-08 10:11:55,691 - DEBUG : 214|b'\xdd\xa0\xbc'|b'\xf8\xb5\x98'|b'\xfc\xdc\xb7'|b'e\xd1\xa1'|b'P\x1fy'|b'p\x00\x00'|b'\x00\x00\x00'|b'\x00\xc0\xa0'|26153|29897|-24292|178
2018-08-08 10:11:55,692 - WARNING : Skipped 228 bytes before start found
2018-08-08 10:11:55,703 - WARNING : ID:<229> <Unexpected END_BYTE found <14> instead of <192>
2018-08-08 10:11:55,704 - DEBUG : 229|b'\x97\xa0\xc9'|b'\xbd\xb5\xac'|b'\xb3\xdc\xca'|b'\xbc\xd1\xb5'|b',\x1f\x8d'|b'\x1e\x00\x00'|b'\x00\x00\x00'|b'\x00\xc0\xa0'|26409|29752|-24308|14
2018-08-08 10:11:55,710 - WARNING : Skipped 232 bytes before start found
2018-08-08 10:11:55,713 - WARNING : ID:<227> <Unexpected END_BYTE found <24> instead of <192>
2018-08-08 10:11:55,713 - DEBUG : 227|b',\xa0\xbe'|b'\x07\xb5\xa9'|b'\xca\xdc\xc7'|b'\xd5\xd1\xb2'|b'?\x1f\x8a'|b'\x03\x00\x00'|b'\x00\x00\x00'|b'\x00\xc0\xa0'|26665|30087|-24341|24
2018-08-08 10:11:55,715 - WARNING : Skipped 236 bytes before start found
2018-08-08 10:11:55,723 - WARNING : ID:<206> <Unexpected END_BYTE found <37> instead of <192>
2018-08-08 10:11:55,723 - DEBUG : 206|b'\xce\xa0\x8e'|b'\x1a\xb5\x90'|b'\x98\xdc\xaf'|b'\x16\xd1\x98'|b'\xcf\x1fp'|b'{\x00\x00'|b'\x00\x00\x00'|b'\x00\xc0\xa0'|26921|27399|-24325|37
2018-08-08 10:11:55,724 - WARNING : Skipped 240 bytes before start found
2018-08-08 10:11:55,732 - WARNING : ID:<211> <Unexpected END_BYTE found <234> instead of <192>
2018-08-08 10:11:55,734 - DEBUG : 211|b'\xf3\xa0\x9f'|b'\x8d\xb5\x92'|b'y\xdc\xb1'|b'(\xd1\x9a'|b'r\x1fr'|b'\x99\x00\x00'|b'\x00\x00\x00'|b'\x00\xc0\xa0'|27177|26585|-24296|234
2018-08-08 10:11:55,741 - WARNING : Skipped 244 bytes before start found
2018-08-08 10:11:55,744 - WARNING : ID:<229> <Unexpected END_BYTE found <90> instead of <192>
2018-08-08 10:11:55,745 - DEBUG : 229|b'\xb1\xa0\xeb'|b'\x0f\xb5\xa6'|b'G\xdc\xc4'|b'\xa9\xd1\xae'|b'\x13\x1f\x86'|b'\x99\x00\x00'|b'\x00\x00\x00'|b'\x00\xc0\xa0'|27433|28753|-24306|90
2018-08-08 10:11:55,745 - WARNING : Skipped 248 bytes before start found
2018-08-08 10:11:55,752 - WARNING : ID:<229> <Unexpected END_BYTE found <207> instead of <192>
2018-08-08 10:11:55,753 - DEBUG : 229|b'\x1e\xa1\x04'|b'R\xb5\xa7'|b'3\xdc\xc5'|b'\xdd\xd1\xaf'|b'#\x1f\x87'|b'\x80\x00\x00'|b'\x00\x00\x00'|b'\x00\xc0\xa0'|27689|30107|-24339|207
2018-08-08 10:11:55,758 - WARNING : Skipped 252 bytes before start found
2018-08-08 10:11:55,769 - WARNING : ID:<209> <Unexpected END_BYTE found <104> instead of <192>
2018-08-08 10:11:55,769 - DEBUG : 209|b'\xcb\xa0\xe7'|b'\x90\xb5\x90'|b'{\xdc\xaf'|b'\xcf\xd1\x98'|b'\xb6\x1fp'|b'\xb2\x03\x90'|b'\xff\xa0 '|b'p\xc0\xa0'|27945|28238|-24331|104
2018-08-08 10:11:55,770 - WARNING : Skipped 256 bytes before start found
2018-08-08 10:11:55,778 - WARNING : ID:<207> <Unexpected END_BYTE found <94> instead of <192>
2018-08-08 10:11:55,779 - DEBUG : 207|b'\xe3\xa0\xdb'|b'\x82\xb5\x8c'|b'\x13\xdc\xab'|b'\x94\xd1\x94'|b'\xad\x1fk'|b'\xec\x00\x00'|b'\x00\x00\x00'|b'\x00\xc0\xa0'|28201|26962|-24295|94
2018-08-08 10:11:55,779 - WARNING : Skipped 260 bytes before start found
2018-08-08 10:11:55,787 - WARNING : ID:<227> <Unexpected END_BYTE found <247> instead of <192>
2018-08-08 10:11:55,788 - DEBUG : 227|b'\x8e\xa0\xeb'|b'o\xb5\xa3'|b'\xb9\xdc\xc3'|b'*\xd1\xac'|b'\xd8\x1f\x83'|b'\x9e\x00\x00'|b'\x00\x00\x00'|b'\x00\xc0\xa0'|28457|29735|-24300|247
2018-08-08 10:11:55,788 - WARNING : Skipped 264 bytes before start found
2018-08-08 10:11:55,796 - WARNING : ID:<229> <Unexpected END_BYTE found <27> instead of <192>
2018-08-08 10:11:55,796 - DEBUG : 229|b'\xdd\xa0\xe9'|b'~\xb5\xa8'|b'\xa6\xdc\xc8'|b'5\xd1\xb1'|b'\xef\x1f\x88'|b'\xe8\x00\x00'|b'\x00\x00\x00'|b'\x00\xc0\xa0'|28713|31204|-24331|27
2018-08-08 10:11:55,797 - WARNING : Skipped 268 bytes before start found
2018-08-08 10:11:55,806 - WARNING : ID:<214> <Unexpected END_BYTE found <100> instead of <192>
2018-08-08 10:11:55,807 - DEBUG : 214|b'G\xa0\xd0'|b')\xb5\x96'|b'D\xdc\xb6'|b'\x17\xd1\x9f'|b'G\x1fv'|b'\x9c\x00\x00'|b'\x00\x00\x00'|b'\x00\xc0\xa0'|28969|29449|-24336|100
2018-08-08 10:11:55,807 - WARNING : Skipped 272 bytes before start found
2018-08-08 10:11:55,809 - WARNING : ID:<205> <Unexpected END_BYTE found <62> instead of <192>
2018-08-08 10:11:55,810 - DEBUG : 205|b'|\xa0\xbc'|b'T\xb5\x89'|b'\xd9\xdc\xa9'|b'\xf2\xd1\x93'|b'\x04\x1fj'|b'[\x00\x00'|b'\x00\x00\x00'|b'\x00\xc0\xa0'|29225|26256|-24298|62
2018-08-08 10:11:55,816 - WARNING : Skipped 276 bytes before start found
2018-08-08 10:11:55,818 - WARNING : ID:<226> <Unexpected END_BYTE found <139> instead of <192>
2018-08-08 10:11:55,818 - DEBUG : 226|b'@\xa0\xcb'|b'C\xb5\xa0'|b'\xc3\xdc\xc0'|b'\xbc\xd1\xaa'|b'9\x1f\x81'|b'\xab\x00\x00'|b'\x00\x00\x00'|b'\x00\xc0\xa0'|29481|27813|-24296|139
2018-08-08 10:11:55,821 - WARNING : Skipped 280 bytes before start found
2018-08-08 10:11:55,829 - WARNING : ID:<232> <Unexpected END_BYTE found <185> instead of <192>
2018-08-08 10:11:55,830 - DEBUG : 232|b'+\xa0\xcc'|b'6\xb5\xa8'|b'\xa5\xdc\xc8'|b'\xd5\xd1\xb2'|b'p\x1f\x89'|b'\xe4\x00\x00'|b'\x00\x00\x00'|b'\x00\xc0\xa0'|29737|26291|-24326|185
2018-08-08 10:11:55,836 - WARNING : Skipped 284 bytes before start found
2018-08-08 10:11:55,846 - WARNING : ID:<218> <Unexpected END_BYTE found <253> instead of <192>
2018-08-08 10:11:55,846 - DEBUG : 218|b'\xd8\xa0\xac'|b'\xca\xb5\x98'|b'\xd1\xdc\xb9'|b'\x9d\xd1\xa2'|b'\xc3\x1fz'|b's\x00\x00'|b'\x00\x00\x00'|b'\x00\xc0\xa0'|29993|28368|-24340|253
2018-08-08 10:11:55,847 - WARNING : Skipped 288 bytes before start found
2018-08-08 10:11:55,856 - WARNING : ID:<203> <Unexpected END_BYTE found <18> instead of <192>
2018-08-08 10:11:55,856 - DEBUG : 203|b'\xac\xa0\x8c'|b'\xe5\xb5\x86'|b'\x1a\xdc\xa7'|b'&\xd1\x8f'|b'\xd5\x1fg'|b'\xe6\x00\x00'|b'\x00\x00\x00'|b'\x00\xc0\xa0'|30249|28118|-24303|18
2018-08-08 10:11:55,857 - WARNING : Skipped 292 bytes before start found
2018-08-08 10:11:55,864 - WARNING : ID:<224> <Unexpected END_BYTE found <129> instead of <192>
2018-08-08 10:11:55,865 - DEBUG : 224|b'J\xa0\xcb'|b'\x8b\xb5\x9a'|b'Z\xdc\xba'|b'\xd1\xd1\xa3'|b'\xc3\x1f|'|b'-\x03\xc0'|b'\xff\x80 '|b'p\xc0\xa0'|30505|26602|-24296|129
2018-08-08 10:11:55,871 - WARNING : Skipped 296 bytes before start found
2018-08-08 10:11:55,873 - WARNING : ID:<233> <Unexpected END_BYTE found <187> instead of <192>
2018-08-08 10:11:55,874 - DEBUG : 233|b'\x16\xa1\x02'|b'\x9f\xb5\xa4'|b'i\xdc\xc4'|b'q\xd1\xad'|b'\xcf\x1f\x86'|b'0\x00\x00'|b'\x00\x00\x00'|b'\x00\xc0\xa0'|30761|30109|-24320|187
2018-08-08 10:11:55,875 - WARNING : Skipped 300 bytes before start found
2018-08-08 10:11:55,882 - WARNING : ID:<223> <Unexpected END_BYTE found <164> instead of <192>
2018-08-08 10:11:55,883 - DEBUG : 223|b'\xb4\xa0\xf9'|b'\x05\xb5\x9b'|b'\xa2\xdc\xbb'|b'\xa2\xd1\xa5'|b'1\x1f}'|b'4\x00\x00'|b'\x00\x00\x00'|b'\x00\xc0\xa0'|31017|30953|-24343|164
2018-08-08 10:11:55,889 - WARNING : Skipped 304 bytes before start found
2018-08-08 10:11:55,891 - WARNING : ID:<204> <Unexpected END_BYTE found <96> instead of <192>
2018-08-08 10:11:55,892 - DEBUG : 204|b's\xa0\xdb'|b'B\xb5\x85'|b'+\xdc\xa5'|b'\x98\xd1\x8e'|b'\xcd\x1ff'|b'\x85\x00\x00'|b'\x00\x00\x00'|b'\x00\xc0\xa0'|31273|27692|-24310|96
2018-08-08 10:11:55,892 - WARNING : Skipped 308 bytes before start found
2018-08-08 10:11:55,901 - WARNING : ID:<220> <Unexpected END_BYTE found <58> instead of <192>
2018-08-08 10:11:55,901 - DEBUG : 220|b'x\xa0\xe4'|b'\x0c\xb5\x95'|b'\xb8\xdc\xb6'|b'H\xd1\x9f'|b'\x9c\x1fw'|b'\x15\x00\x00'|b'\x00\x00\x00'|b'\x00\xc0\xa0'|31529|27963|-24292|58
2018-08-08 10:11:55,902 - WARNING : Skipped 312 bytes before start found
2018-08-08 10:11:55,910 - WARNING : ID:<232> <Unexpected END_BYTE found <146> instead of <192>
2018-08-08 10:11:55,911 - DEBUG : 232|b'\x0c\xa0\xec'|b'\xb7\xb5\xa5'|b']\xdc\xc5'|b'\xeb\xd1\xaf'|b':\x1f\x86'|b'\x9a\x00\x00'|b'\x00\x00\x00'|b'\x00\xc0\xa0'|31785|28102|-24313|146
2018-08-08 10:11:55,918 - WARNING : Skipped 316 bytes before start found
2018-08-08 10:11:55,922 - WARNING : ID:<228> <Unexpected END_BYTE found <50> instead of <192>
2018-08-08 10:11:55,923 - DEBUG : 228|b'\x1a\xa0\xdf'|b'G\xb5\x9e'|b'\xe7\xdc\xbf'|b'\xc2\xd1\xa8'|b'\xf3\x1f\x80'|b'\xaf\x00\x00'|b'\x00\x00\x00'|b'\x00\xc0\xa0'|32041|30547|-24341|50
2018-08-08 10:11:55,924 - WARNING : Skipped 320 bytes before start found
2018-08-08 10:11:55,932 - WARNING : ID:<206> <Unexpected END_BYTE found <29> instead of <192>
2018-08-08 10:11:55,933 - DEBUG : 206|b'\xfe\xa0\xc0'|b'5\xb5\x86'|b'\xcb\xdc\xa8'|b'4\xd1\x90'|b'\xda\x1fh'|b'\xd8\x00\x00'|b'\x00\x00\x00'|b'\x00\xc0\xa0'|32297|28497|-24315|29
2018-08-08 10:11:55,934 - WARNING : Skipped 324 bytes before start found
2018-08-08 10:11:55,943 - WARNING : ID:<217> <Unexpected END_BYTE found <123> instead of <192>
2018-08-08 10:11:55,944 - DEBUG : 217|b'x\xa0\xc2'|b'\xdd\xb5\x91'|b'\x08\xdc\xb2'|b'\x9d\xd1\x9b'|b'G\x1fs'|b'Z\x00\x00'|b'\x00\x00\x00'|b'\x00\xc0\xa0'|32553|28195|-24290|123
2018-08-08 10:11:55,951 - WARNING : Skipped 328 bytes before start found
2018-08-08 10:11:55,956 - WARNING : ID:<231> <Unexpected END_BYTE found <104> instead of <192>
2018-08-08 10:11:55,961 - WARNING : Reconnecting
2018-08-08 10:11:55,963 - DEBUG : 231|b'\xe5\xa0\xce'|b'\xfb\xb5\xa4'|b'H\xdc\xc5'|b'\xfd\xd1\xae'|b'\xd1\x1f\x86'|b'\xd8\x00\x00'|b'\x00\x00\x00'|b'\x00\xc0\xa0'|-32727|28647|-24305|104
2018-08-08 10:11:55,965 - WARNING : Skipped 332 bytes before start found
2018-08-08 10:11:55,966 - WARNING : sent <s>: stopped streaming
2018-08-08 10:11:55,971 - WARNING : ID:<230> <Unexpected END_BYTE found <5> instead of <192>
2018-08-08 10:11:55,972 - DEBUG : 230|b'7\xa0\xc4'|b'\x87\xb5\xa2'|b'>\xdc\xc4'|b'+\xd1\xac'|b'\xda\x1f\x84'|b'\xe9\x03\xc0'|b'\xff\x90 '|b'\x80\xc0\xa0'|-32471|30794|-24338|5
2018-08-08 10:11:55,973 - WARNING : Skipped 336 bytes before start found
2018-08-08 10:11:55,980 - WARNING : ID:<209> <Unexpected END_BYTE found <59> instead of <192>
2018-08-08 10:11:55,981 - DEBUG : 209|b'\x12\xa0\x95'|b'o\xb5\x8a'|b'\x17\xdc\xac'|b'T\xd1\x94'|b'?\x1fl'|b'^\x00\x00'|b'\x00\x00\x00'|b'\x00\xc0\xa0'|-32215|28160|-24325|59
2018-08-08 10:11:55,981 - WARNING : Skipped 340 bytes before start found
2018-08-08 10:11:55,987 - WARNING : ID:<211> <Unexpected END_BYTE found <119> instead of <192>
2018-08-08 10:11:55,988 - DEBUG : 211|b'\x13\xa0\xa2'|b'D\xb5\x8a'|b'c\xdc\xac'|b'\xc4\xd1\x94'|b'\x8a\x1fl'|b'\x7f\x00\x00'|b'\x00\x00\x00'|b'\x00\xc0\xa0'|-31959|28582|-24293|119
2018-08-08 10:11:55,988 - WARNING : Skipped 344 bytes before start found
2018-08-08 10:11:55,992 - WARNING : ID:<231> <Unexpected END_BYTE found <66> instead of <192>
2018-08-08 10:11:55,993 - DEBUG : 231|b'`\xa0\xee'|b'a\xb5\x9f'|b'&\xdc\xc0'|b'\xf3\xd1\xa9'|b'y\x1f\x81'|b's\x00\x00'|b'\x00\x00\x00'|b'\x00\xc0\xa0'|-31703|32330|-24301|66
2018-08-08 10:11:56,002 - WARNING : Skipped 348 bytes before start found
2018-08-08 10:11:56,004 - WARNING : ID:<231> <Unexpected END_BYTE found <215> instead of <192>
2018-08-08 10:11:56,006 - DEBUG : 231|b'\x82\xa1\x05'|b'H\xb5\xa1'|b'5\xdc\xc3'|b'>\xd1\xab'|b'\xd9\x1f\x83'|b'\xf4\x00\x00'|b'\x00\x00\x00'|b'\x00\xc0\xa0'|-31447|32561|-24335|215
2018-08-08 10:11:56,013 - WARNING : Skipped 352 bytes before start found
2018-08-08 10:11:56,024 - WARNING : ID:<212> <Unexpected END_BYTE found <146> instead of <192>
2018-08-08 10:11:56,024 - DEBUG : 212|b'%\xa0\xe8'|b'~\xb5\x8a'|b'\xa3\xdc\xad'|b'\xbd\xd1\x95'|b'\xa4\x1fm'|b'\x8d\x00\x00'|b'\x00\x00\x00'|b'\x00\xc0\xa0'|-31191|28042|-24331|146
2018-08-08 10:11:56,026 - WARNING : Skipped 356 bytes before start found
2018-08-08 10:11:56,035 - WARNING : ID:<209> <Unexpected END_BYTE found <3> instead of <192>
2018-08-08 10:11:56,035 - DEBUG : 209|b'\x8f\xa0\xd9'|b'{\xb5\x83'|b'\x81\xdc\xa6'|b'\xd6\xd1\x8e'|b'\xa6\x1ff'|b'\xa3\x00\x00'|b'\x00\x00\x00'|b'\x00\xc0\xa0'|-30935|25285|-24294|3
2018-08-08 10:11:56,036 - WARNING : Skipped 360 bytes before start found
2018-08-08 10:11:56,043 - WARNING : ID:<229> <Unexpected END_BYTE found <88> instead of <192>
2018-08-08 10:11:56,044 - DEBUG : 229|b'V\xa0\xe8'|b'\xc0\xb5\x9a'|b'\xea\xdc\xbd'|b'\xc8\xd1\xa5'|b'\xeb\x1f~'|b'L\x00\x00'|b'\x00\x00\x00'|b'\x00\xc0\xa0'|-30679|27768|-24297|88
2018-08-08 10:11:56,045 - WARNING : Skipped 364 bytes before start found
2018-08-08 10:11:56,052 - WARNING : ID:<232> <Unexpected END_BYTE found <175> instead of <192>
2018-08-08 10:11:56,055 - DEBUG : 232|b'\xc7\xa0\xe7'|b'$\xb5\xa0'|b'\xb4\xdc\xc3'|b'x\xd1\xab'|b'\xa7\x1f\x84'|b'\n\x00\x00'|b'\x00\x00\x00'|b'\x00\xc0\xa0'|-30423|31523|-24328|175
2018-08-08 10:11:56,055 - WARNING : Skipped 368 bytes before start found
2018-08-08 10:11:56,062 - WARNING : ID:<218> <Unexpected END_BYTE found <97> instead of <192>
2018-08-08 10:11:56,062 - DEBUG : 218|b't\xa0\xcf'|b'\x0e\xb5\x8f'|b'\xe3\xdc\xb2'|b'\xda\xd1\x9a'|b'\xc3\x1fs'|b'\x0c\x03\xb0'|b'\xff\xa0 '|b'@\xc0\xa0'|-30167|27718|-24336|97
2018-08-08 10:11:56,068 - WARNING : Skipped 372 bytes before start found
2018-08-08 10:11:56,073 - WARNING : ID:<207> <Unexpected END_BYTE found <140> instead of <192>
2018-08-08 10:11:56,074 - DEBUG : 207|b'\xd9\xa0\xb8'|b'\xd7\xb5\x81'|b'p\xdc\xa4'|b'\x96\xd1\x8c'|b'@\x1fd'|b'h\x00\x00'|b'\x00\x00\x00'|b'\x00\xc0\xa0'|-29911|27865|-24297|140
2018-08-08 10:11:56,075 - WARNING : Skipped 376 bytes before start found
2018-08-08 10:11:56,082 - WARNING : ID:<226> <Unexpected END_BYTE found <57> instead of <192>
2018-08-08 10:11:56,083 - DEBUG : 226|b'\x9c\xa0\xc9'|b'Y\xb5\x99'|b'\xc4\xdc\xbc'|b't\xd1\xa4'|b'\xc1\x1f|'|b'\xf9\x00\x00'|b'\x00\x00\x00'|b'\x00\xc0\xa0'|-29655|30622|-24293|57
2018-08-08 10:11:56,083 - WARNING : Skipped 380 bytes before start found
2018-08-08 10:11:56,085 - WARNING : ID:<234> <Unexpected END_BYTE found <166> instead of <192>
2018-08-08 10:11:56,085 - DEBUG : 234|b'w\xa0\xcb'|b'\x90\xb5\xa2'|b'\xbe\xdc\xc5'|b'\x8f\xd1\xad'|b'\xec\x1f\x86'|b'@\x00\x00'|b'\x00\x00\x00'|b'\x00\xc0\xa0'|-29399|29457|-24323|166
2018-08-08 10:11:56,086 - WARNING : Skipped 384 bytes before start found
2018-08-08 10:11:56,089 - WARNING : ID:<222> <Unexpected END_BYTE found <67> instead of <192>
2018-08-08 10:11:56,090 - DEBUG : 222|b'\x97\xa0\xac'|b'!\xb5\x93'|b'\x9f\xdc\xb7'|b'\x1b\xd1\x9f'|b"'\x1fw"|b'X\x00\x00'|b'\x00\x00\x00'|b'\x00\xc0\xa0'|-29143|29430|-24340|67
2018-08-08 10:11:56,096 - WARNING : Skipped 388 bytes before start found
2018-08-08 10:11:56,098 - WARNING : ID:<205> <Unexpected END_BYTE found <174> instead of <192>
2018-08-08 10:11:56,099 - DEBUG : 205|b'^\xa0\x8b'|b'\\\xb5~'|b'\x94\xdc\xa2'|b'\xad\xd1\x8a'|b'\xa2\x1fb'|b'f\x00\x00'|b'\x00\x00\x00'|b'\x00\xc0\xa0'|-28887|28110|-24305|174
2018-08-08 10:11:56,099 - WARNING : Skipped 392 bytes before start found
2018-08-08 10:17:42,385 - INFO : ---------LOG START-------------
2018-08-08 10:18:37,840 - WARNING : sent <s>: stopped streaming
2018-08-08 10:18:37,840 - WARNING : serial closed
2018-08-08 10:19:27,135 - INFO : ---------LOG START-------------
2018-08-08 10:21:52,658 - INFO : Data packets received:33998
2018-08-08 10:21:52,659 - WARNING : ID:<206> <Unexpected END_BYTE found <0> instead of <192>
2018-08-08 10:21:52,661 - DEBUG : 206|b'G\xd6\xf8'|b'\xa5li'|b'\xa5O8'|b'\xa53O'|b'\xa5\x12\xa5'|b'\xd4\x00\xac'|b'\xe7\xc85'|b'E!e'|-11264|0|0|0
2018-08-08 10:21:52,662 - WARNING : Skipped 5 bytes before start found
2018-08-08 10:21:52,733 - INFO : Data packets received:15
2018-08-08 10:21:52,734 - WARNING : ID:<222> <Unexpected END_BYTE found <74> instead of <192>
2018-08-08 10:21:52,736 - DEBUG : 222|b'G\xc7\x81'|b'\xa5su'|b'\xa5U\xf6'|b'\xa5`S'|b'\xa5\x1e\x9e'|b'\xd4\xc0\xa0'|b'MG\x8c'|b't\xa5\xad'|23461|30721|-23206|74
2018-08-08 10:21:52,748 - WARNING : Skipped 23 bytes before start found
2018-08-08 10:21:57,727 - INFO : Data packets received:1125
2018-08-08 10:21:57,727 - WARNING : ID:<179> <Unexpected END_BYTE found <0> instead of <192>
2018-08-08 10:21:57,729 - DEBUG : 179|b'K\x89\x01'|b'\xa6\x9a\xaa'|b'\xa6\x00f'|b'B\xa7\xb9'|b'\xa2\xa9`'|b'.\xd8\xa4'|b'*\xccS'|b'\xa3&\xf1'|30464|0|0|0
2018-08-08 10:21:57,730 - WARNING : Skipped 5 bytes before start found
2018-08-08 10:21:57,787 - INFO : Data packets received:15
2018-08-08 10:21:57,798 - WARNING : ID:<195> <Unexpected END_BYTE found <18> instead of <192>
2018-08-08 10:21:57,802 - DEBUG : 195|b'[\x0e\x80'|b'\xa6\x8f\xfc'|b'\xa6\xc8 '|b'\xaf\xbcP'|b'\xd6\x173'|b'\xe0\x00\x00'|b'\x00\x00\x00'|b'\x00\xc0\xa0'|17005|31250|-24510|18
2018-08-08 10:21:57,805 - WARNING : Skipped 4 bytes before start found
2018-08-08 10:21:57,807 - WARNING : ID:<58> <Unexpected END_BYTE found <0> instead of <192>
2018-08-08 10:21:57,809 - DEBUG : 58|b'\x1f\xa2j'|b'\xb4\xa01'|b'#\xc8\x16'|b'\xfe\xbcI'|b'\x85\x17,'|b'`\x00\x00'|b'\x00\x00\x00'|b'\x00\xc0\xa0'|17265|4588|-24510|0
2018-08-08 10:21:57,813 - WARNING : Skipped 8 bytes before start found
2018-08-08 10:21:57,828 - WARNING : ID:<58> <Unexpected END_BYTE found <115> instead of <192>
2018-08-08 10:21:57,829 - DEBUG : 58|b'e\xa2\x83'|b'\x9c\xa06'|b'\x07\xc8\x07'|b'\x87\xbc;'|b'\xcb\x17\x1f'|b',\x00\x00'|b'\x00\x00\x00'|b'\x00\xc0\xa0'|17518|10314|-24523|115
2018-08-08 10:21:57,831 - WARNING : Skipped 12 bytes before start found
2018-08-08 10:21:57,834 - WARNING : ID:<44> <Unexpected END_BYTE found <172> instead of <192>
2018-08-08 10:21:57,835 - DEBUG : 44|b'\xaa\xa2#'|b'\x1a\xa0"'|b'G\xc7\x80'|b'\xda\xbb\xb6'|b'i\x16\x98'|b'\xe1\x00\x00'|b'\x00\x00\x00'|b'\x00\xc0\xa0'|17771|25041|-24532|172
2018-08-08 10:21:57,835 - WARNING : Skipped 16 bytes before start found
2018-08-08 10:21:57,852 - WARNING : ID:<35> <Unexpected END_BYTE found <35> instead of <192>
2018-08-08 10:21:57,854 - DEBUG : 35|b'\x95\xa1\xe9'|b'P\xa0\x18'|b'@\xc7!'|b';\xbbX'|b'\xb0\x169'|b'\xe3\x00\x00'|b'\x00\x00\x00'|b'\x00\xc0\xa0'|18028|31491|-24532|35
2018-08-08 10:21:57,854 - WARNING : Skipped 20 bytes before start found
2018-08-08 10:21:57,856 - WARNING : ID:<34> <Unexpected END_BYTE found <32> instead of <192>
2018-08-08 10:21:57,861 - DEBUG : 34|b'\xfa\xa2\x04'|b'\xa3\xa0\x17'|b'\xa9\xc7\x15'|b'\x82\xbbO'|b'l\x160'|b'\x0c\x00\x00'|b'\x00\x00\x00'|b'\x00\xc0\xa0'|18289|14284|-24529|32
2018-08-08 10:21:57,862 - WARNING : Skipped 24 bytes before start found
2018-08-08 10:21:57,864 - WARNING : ID:<37> <Unexpected END_BYTE found <9> instead of <192>
2018-08-08 10:21:57,868 - DEBUG : 37|b'\xf8\xa2;'|b'f\xa0\x1a'|b'\xb3\xc7#'|b'\x9c\xbb_'|b'\xe0\x16@'|b'\x9e\x03`'|b'\x00\x00\x1f'|b'\xd0\xc0\xa0'|18542|-15103|-24541|9
2018-08-08 10:21:57,870 - WARNING : Skipped 28 bytes before start found
2018-08-08 10:21:57,872 - WARNING : ID:<25> <Unexpected END_BYTE found <76> instead of <192>
2018-08-08 10:21:57,872 - DEBUG : 25|b'\xc1\xa1\xdd'|b'o\xa0\x0e'|b'~\xc6\xa0'|b';\xba\xdd'|b'\xd3\x15\xbd'|b'l\x00\x00'|b'\x00\x00\x00'|b'\x00\xc0\xa0'|18795|8030|-24552|76
2018-08-08 10:21:57,877 - WARNING : Skipped 32 bytes before start found
2018-08-08 10:21:57,879 - WARNING : ID:<14> <Unexpected END_BYTE found <246> instead of <192>
2018-08-08 10:21:57,880 - DEBUG : 14|b'\xd7\xa1\x92'|b'\xa6\xa0\x03'|b'\x9c\xc60'|b'\xf1\xbap'|b'\xa3\x15N'|b'"\x00\x00'|b'\x00\x00\x00'|b'\x00\xc0\xa0'|19051|18523|-24554|246
2018-08-08 10:21:57,881 - WARNING : Skipped 36 bytes before start found
2018-08-08 10:21:57,888 - WARNING : ID:<13> <Unexpected END_BYTE found <81> instead of <192>
2018-08-08 10:21:57,889 - DEBUG : 13|b'X\xa1\xa5'|b'\xfe\xa0\x02'|b'#\xc6\x1d'|b'\xb6\xba`'|b'\x1d\x15<'|b'{\x00\x00'|b'\x00\x00\x00'|b'\x00\xc0\xa0'|19312|15421|-24549|81
2018-08-08 10:21:57,889 - WARNING : Skipped 40 bytes before start found
2018-08-08 10:21:57,896 - WARNING : ID:<17> <Unexpected END_BYTE found <80> instead of <192>
2018-08-08 10:21:57,897 - DEBUG : 17|b'\xe4\xa1\xf1'|b'\xbb\xa0\x06'|b'\xa3\xc6@'|b'\xcc\xba\x85'|b'\x1a\x15b'|b'K\x00\x00'|b'\x00\x00\x00'|b'\x00\xc0\xa0'|19567|8720|-24558|80
2018-08-08 10:21:57,897 - WARNING : Skipped 44 bytes before start found
2018-08-08 10:21:57,905 - WARNING : ID:<8> <Unexpected END_BYTE found <251> instead of <192>
2018-08-08 10:21:57,905 - DEBUG : 8|b'\xe0\xa1\xaf'|b'j\x9f\xfd'|b'\xa3\xc5\xd9'|b'x\xba\x1e'|b'\x8a\x14\xfb'|b'=\x00\x00'|b'\x00\x00\x00'|b'\x00\xc0\xa0'|19819|5538|-24570|251
2018-08-08 10:21:57,913 - WARNING : Skipped 73 bytes before start found
2018-08-08 10:22:19,566 - INFO : ---------LOG START-------------
2018-08-08 10:33:15,604 - INFO : ---------LOG START-------------
2018-08-08 10:33:43,648 - INFO : ---------LOG START-------------
2018-08-08 10:35:13,924 - INFO : ---------LOG START-------------
2018-08-08 10:35:52,505 - INFO : ---------LOG START-------------
2018-08-08 10:36:01,504 - WARNING : serial closed
2018-08-08 10:36:14,153 - INFO : ---------LOG START-------------
2018-08-08 10:38:59,201 - WARNING : sent <s>: stopped streaming
2018-08-08 10:38:59,201 - WARNING : serial closed
2018-08-08 10:39:01,210 - INFO : ---------LOG START-------------
2018-08-08 10:39:49,976 - INFO : ---------LOG START-------------
2018-08-08 10:40:03,856 - INFO : ---------LOG START-------------
2018-08-08 10:41:31,065 - INFO : ---------LOG START-------------
2018-08-08 10:41:40,143 - INFO : ---------LOG START-------------
2018-08-08 10:47:07,355 - INFO : ---------LOG START-------------
2018-08-08 10:48:18,494 - INFO : ---------LOG START-------------
2018-08-08 10:48:38,052 - INFO : ---------LOG START-------------
2018-08-08 10:51:07,837 - INFO : ---------LOG START-------------
2018-08-08 10:51:20,041 - INFO : ---------LOG START-------------
2018-08-08 11:05:17,177 - INFO : ---------LOG START-------------
2018-08-08 11:08:27,619 - INFO : ---------LOG START-------------
2018-08-08 11:08:41,757 - INFO : ---------LOG START-------------
2018-08-08 11:08:58,808 - WARNING : sent <s>: stopped streaming
2018-08-08 11:08:58,808 - WARNING : serial closed
2018-08-08 11:09:00,217 - INFO : ---------LOG START-------------
2018-08-08 11:10:40,998 - INFO : ---------LOG START-------------
2018-08-08 11:10:51,686 - INFO : ---------LOG START-------------
2018-08-08 11:11:33,071 - INFO : ---------LOG START-------------
2018-08-08 11:12:38,602 - INFO : ---------LOG START-------------
2018-08-08 11:12:50,312 - INFO : ---------LOG START-------------
2018-08-08 11:13:49,240 - INFO : ---------LOG START-------------
2018-08-08 11:14:12,845 - WARNING : sent <s>: stopped streaming
2018-08-08 11:14:12,845 - WARNING : serial closed
2018-08-08 11:14:14,210 - INFO : ---------LOG START-------------
2018-08-08 11:14:47,502 - INFO : ---------LOG START-------------
2018-08-08 11:23:54,932 - INFO : ---------LOG START-------------
2018-08-08 11:24:55,107 - INFO : ---------LOG START-------------
2018-08-08 11:25:19,467 - INFO : ---------LOG START-------------
2018-08-08 11:27:05,393 - INFO : ---------LOG START-------------
2018-08-08 11:29:27,746 - INFO : ---------LOG START-------------
2018-08-08 11:33:01,951 - INFO : ---------LOG START-------------
2018-08-08 11:45:01,308 - INFO : ---------LOG START-------------
2018-08-08 11:46:04,872 - INFO : ---------LOG START-------------
2018-08-08 11:52:03,801 - INFO : ---------LOG START-------------
2018-08-08 11:52:38,424 - INFO : ---------LOG START-------------
2018-08-08 11:52:57,233 - WARNING : sent <s>: stopped streaming
2018-08-08 11:53:06,638 - INFO : ---------LOG START-------------
2018-08-08 11:53:19,920 - WARNING : sent <s>: stopped streaming
2018-08-08 11:53:37,689 - INFO : ---------LOG START-------------
2018-08-08 11:54:10,958 - INFO : ---------LOG START-------------
2018-08-08 11:54:22,605 - WARNING : sent <s>: stopped streaming
2018-08-08 11:54:24,711 - INFO : ---------LOG START-------------
2018-08-08 11:55:10,776 - WARNING : sent <s>: stopped streaming
2018-08-08 11:55:12,639 - WARNING : sent <s>: stopped streaming
2018-08-08 11:55:16,644 - WARNING : serial closed
2018-08-08 11:55:16,644 - WARNING : serial closed
2018-08-08 11:56:56,076 - INFO : ---------LOG START-------------
2018-08-08 11:57:40,688 - INFO : ---------LOG START-------------
2018-08-08 11:58:05,662 - WARNING : sent <s>: stopped streaming
2018-08-08 11:58:13,414 - WARNING : serial closed
2018-08-08 11:58:17,883 - INFO : ---------LOG START-------------
2018-08-08 12:01:19,460 - INFO : ---------LOG START-------------
2018-08-08 12:01:55,012 - INFO : ---------LOG START-------------
2018-08-14 20:03:04,693 - INFO : ---------LOG START-------------
2018-08-14 20:03:26,651 - WARNING : sent <s>: stopped streaming
2018-08-14 20:03:28,990 - INFO : ---------LOG START-------------
2018-08-14 20:16:55,664 - INFO : ---------LOG START-------------
2018-08-14 20:17:18,465 - INFO : ---------LOG START-------------
2018-08-14 20:17:53,075 - INFO : ---------LOG START-------------
2018-08-14 20:33:47,529 - INFO : ---------LOG START-------------
2018-08-14 20:56:53,859 - INFO : ---------LOG START-------------
2018-08-14 21:06:05,365 - INFO : ---------LOG START-------------
2018-08-14 21:06:14,409 - INFO : ---------LOG START-------------
2018-08-14 21:06:15,145 - WARNING : Skipped 84 bytes before start found
2018-08-14 21:06:22,521 - INFO : ---------LOG START-------------
2018-08-20 17:20:29,233 - INFO : ---------LOG START-------------
2018-08-20 17:20:38,437 - WARNING : Skipped 84 bytes before start found
2018-08-20 17:26:30,007 - INFO : ---------LOG START-------------
2018-08-20 17:27:11,215 - INFO : ---------LOG START-------------
2018-08-20 17:27:20,401 - WARNING : Skipped 168 bytes before start found
2018-08-20 17:27:39,947 - WARNING : sent <s>: stopped streaming
2018-08-20 17:27:48,509 - INFO : ---------LOG START-------------
2018-08-20 17:27:59,579 - INFO : ---------LOG START-------------
2018-08-20 17:28:30,779 - INFO : ---------LOG START-------------
2018-08-20 17:29:08,635 - INFO : ---------LOG START-------------
2018-08-20 17:29:40,248 - INFO : ---------LOG START-------------
2018-08-20 17:29:50,308 - WARNING : Skipped 161 bytes before start found
2018-08-20 17:29:50,358 - WARNING : ID:<55> <Unexpected END_BYTE found <9> instead of <192>
2018-08-20 17:29:50,358 - DEBUG : 55|b'\xa2\xd8V'|b'\xc9\x1f\x7f'|b'\xff\xff\x00'|b'\x00\x00\x00'|b'\x00\x00\x01'|b'\x16\x11d'|b'!\xc8G'|b"\x94\xe7'"|-17481|8832|18570|9
2018-08-20 17:29:50,365 - WARNING : Skipped 305 bytes before start found
2018-08-20 17:29:50,366 - WARNING : ID:<31> <Unexpected END_BYTE found <0> instead of <192>
2018-08-20 17:29:50,367 - DEBUG : 31|b'\xf0\x01\x1b'|b'\x10\xd7\xe4'|b'\xc8\xbc\xba'|b'\xe7%5'|b'\xb7\xecQ'|b'G\xca\xd2'|b'6q\x1a'|b'U<:'|32767|-256|0|0
2018-08-20 17:29:50,377 - WARNING : Skipped 587 bytes before start found
2018-08-20 17:29:50,407 - WARNING : ID:<32> <Unexpected END_BYTE found <0> instead of <192>
2018-08-20 17:29:50,408 - DEBUG : 32|b' %\x0f'|b'\xbci\xc9'|b'\x9a\x81\xe7'|b'(\x9a\xb9'|b'd\xb6F'|b'K\xb34'|b'z\xf2R'|b'\xb1\xa7\x7f'|-1|0|0|0
2018-08-20 17:29:50,419 - WARNING : Skipped 851 bytes before start found
2018-08-20 17:29:50,419 - WARNING : ID:<178> <Unexpected END_BYTE found <135> instead of <192>
2018-08-20 17:29:50,419 - DEBUG : 178|b'D\xfd\x92'|b'2\xc7T'|b'P\x82\xc3'|b'\x7f\xff\xff'|b'\x03`\xff'|b'\xb0 @'|b'/\x0e\xab'|b'\xf4\xcar'|16871|6567|-17726|135
2018-08-20 17:29:50,459 - WARNING : Skipped 1198 bytes before start found
2018-08-20 17:29:50,459 - WARNING : ID:<48> <Unexpected END_BYTE found <48> instead of <192>
2018-08-20 17:29:50,464 - DEBUG : 48|b'\x9b\xc9M'|b'\xbcS\x7f'|b'\xff\xff\x00'|b'\x00\x00\x00'|b'\x00\x00;'|b'\ri\xce'|b'\xcbj\x90'|b'\xe7$\xcc'|-17335|-4797|10639|48
2018-08-20 17:30:30,540 - INFO : ---------LOG START-------------
2018-08-20 17:31:03,015 - WARNING : sent <s>: stopped streaming
2018-08-20 17:31:25,408 - INFO : ---------LOG START-------------
2018-08-20 17:31:50,491 - INFO : ---------LOG START-------------
2018-08-20 17:36:25,014 - INFO : ---------LOG START-------------
2018-08-20 17:36:44,189 - INFO : ---------LOG START-------------
2018-08-20 17:36:53,396 - WARNING : Skipped 84 bytes before start found
2018-08-20 17:38:54,710 - INFO : ---------LOG START-------------
2018-08-20 17:53:46,143 - INFO : ---------LOG START-------------
2018-08-20 17:53:55,305 - WARNING : Skipped 84 bytes before start found
2018-08-21 12:30:13,620 - INFO : ---------LOG START-------------
2018-08-21 12:31:03,472 - WARNING : sent <s>: stopped streaming
2018-08-21 12:32:34,422 - WARNING : serial closed
2018-08-21 12:32:51,091 - INFO : ---------LOG START-------------
2018-08-21 12:34:32,751 - WARNING : sent <s>: stopped streaming
2018-08-21 12:34:41,910 - WARNING : serial closed
2018-08-21 12:34:46,977 - INFO : ---------LOG START-------------
2018-08-21 12:34:56,036 - INFO : ---------LOG START-------------
2018-08-21 12:41:26,891 - INFO : ---------LOG START-------------
2018-08-21 12:42:05,830 - INFO : ---------LOG START-------------
2018-08-21 12:44:19,368 - WARNING : sent <s>: stopped streaming
2018-08-21 12:44:22,069 - INFO : ---------LOG START-------------
2018-08-21 12:44:49,281 - WARNING : sent <s>: stopped streaming
2018-08-21 12:44:58,917 - WARNING : serial closed
2018-08-21 12:44:58,918 - WARNING : serial closed
2018-08-21 12:45:06,104 - INFO : ---------LOG START-------------
2018-08-21 12:45:30,929 - WARNING : sent <s>: stopped streaming
2018-08-21 12:45:41,750 - WARNING : serial closed
2018-08-21 12:47:11,419 - INFO : ---------LOG START-------------
2018-08-21 12:48:17,809 - WARNING : sent <s>: stopped streaming
2018-08-21 12:50:38,425 - INFO : ---------LOG START-------------
2018-08-21 12:55:09,967 - WARNING : sent <s>: stopped streaming
2018-08-21 13:03:14,474 - INFO : ---------LOG START-------------
2018-08-21 13:04:17,739 - INFO : ---------LOG START-------------
2018-08-21 13:04:37,627 - INFO : ---------LOG START-------------
2018-08-21 13:05:23,291 - INFO : ---------LOG START-------------
2018-08-21 13:06:41,059 - WARNING : sent <s>: stopped streaming
2018-08-21 14:14:39,332 - INFO : ---------LOG START-------------
2018-08-21 14:34:41,191 - WARNING : sent <s>: stopped streaming
2018-08-21 14:34:50,707 - WARNING : serial closed
2018-08-21 14:41:08,115 - INFO : ---------LOG START-------------
2018-08-21 14:42:00,620 - INFO : Data packets received:10551
2018-08-21 14:42:00,623 - WARNING : ID:<55> <Unexpected END_BYTE found <0> instead of <192>
2018-08-21 14:42:00,625 - DEBUG : 55|b'\x9b}\x13'|b'\xde\xeec'|b'\xf9\x00\xb8'|b'\xa1:\xad'|b'\xc0\xd73'|b'\x89f\x18'|b'"\xc8\xdc'|b'\xbd\xf09'|23552|0|0|0
2018-08-21 14:42:00,627 - WARNING : Skipped 5 bytes before start found
2018-08-21 14:42:00,740 - INFO : Data packets received:15
2018-08-21 14:42:00,752 - WARNING : ID:<71> <Unexpected END_BYTE found <46> instead of <192>
2018-08-21 14:42:00,754 - DEBUG : 71|b'\x9f\xd5H'|b'\xf4\xffU'|b'\x07\xc0\xa0'|b'V\x97\xef'|b' \xf7g'|b'\x13\x0e\r'|b'~5\x85'|b'\x1e\xd3\x87'|-1794|2410|-9250|46
2018-08-21 14:42:00,757 - WARNING : Skipped 14 bytes before start found
2018-08-21 14:42:02,888 - INFO : Data packets received:313
2018-08-21 14:42:02,890 - WARNING : ID:<144> <Unexpected END_BYTE found <0> instead of <192>
2018-08-21 14:42:02,893 - DEBUG : 144|b'\x8f\x17\x01'|b'\xb7IS'|b'\xf5i('|b'4\x9a\xf7'|b'\xceiE'|b'}\x8a\x8e'|b'\xae\x00\x88'|b'\x07\xe6\xac'|0|0|0|0
2018-08-21 14:42:02,900 - WARNING : Skipped 5 bytes before start found
2018-08-21 14:42:03,100 - INFO : Data packets received:15
2018-08-21 14:42:03,105 - WARNING : ID:<160> <Unexpected END_BYTE found <136> instead of <192>
2018-08-21 14:42:03,121 - DEBUG : 160|b'\x90\xd7\xe2'|b'\xc3\xb5\xfe'|b'\x01\xdc\xf5'|b'6Pi'|b'\xd0%\xa7'|b'OS\xa8'|b'\xb4\xc0\xa0'|b'\x92\x9aN'|3084|4665|66|136
2018-08-21 14:42:03,136 - WARNING : Skipped 26 bytes before start found
2018-08-21 14:42:04,942 - INFO : Data packets received:238
2018-08-21 14:42:04,943 - WARNING : ID:<129> <Unexpected END_BYTE found <0> instead of <192>
2018-08-21 14:42:04,945 - DEBUG : 129|b'\x80\x00\x00'|b'\x80\x00\x00'|b'\xfd0~'|b'\x1b\x0c\\'|b'\xb1\x83\x00'|b'\xa4qs'|b'\xad\x80\x00'|b'\x00\xc0\xb0'|-23040|0|0|0
2018-08-21 14:42:04,948 - WARNING : Skipped 5 bytes before start found
2018-08-21 14:42:05,155 - INFO : Data packets received:15
2018-08-21 14:42:05,156 - WARNING : ID:<145> <Unexpected END_BYTE found <87> instead of <192>
2018-08-21 14:42:05,157 - DEBUG : 145|b'\x80\x00\x00'|b'\x80\x00\x00'|b'\xf7\xe6!'|b'\x1b*R'|b'\xb0\x8b\xc0'|b'\xa0\x8f\x80'|b'\x00\x00\x80'|b'\x00\x00\xf9'|27915|9004|23978|87
2018-08-21 14:42:05,196 - WARNING : Skipped 21 bytes before start found
2018-08-21 14:42:07,071 - INFO : Data packets received:193
2018-08-21 14:42:07,073 - WARNING : ID:<81> <Unexpected END_BYTE found <0> instead of <192>
2018-08-21 14:42:07,077 - DEBUG : 81|b'\x99\xbe"'|b'\x80\x00\x00'|b'\x0bk\xc4'|b'/\x7f\x00'|b'L\xc2\x8a'|b'<\xd3\xa5'|b'x\x80\x00'|b'\x00\xcc\xf9'|1280|0|0|0
2018-08-21 14:42:07,078 - WARNING : Skipped 5 bytes before start found
2018-08-21 14:42:07,198 - INFO : Data packets received:15
2018-08-21 14:42:07,199 - WARNING : ID:<97> <Unexpected END_BYTE found <210> instead of <192>
2018-08-21 14:42:07,200 - DEBUG : 97|b'\x93P^'|b'\x80\x00\x00'|b'\x04\x85\x92'|b'(\xbe\xc0'|b'\xa0\xa9\xc3'|b'\x99]\x7f'|b'\xff\xff\xf9'|b'\xed\xf4J'|15556|-5605|-24512|210
2018-08-21 14:42:07,212 - WARNING : Skipped 18 bytes before start found
2018-08-21 14:42:09,001 - INFO : Data packets received:223
2018-08-21 14:42:09,007 - WARNING : ID:<137> <Unexpected END_BYTE found <0> instead of <192>
2018-08-21 14:42:09,013 - DEBUG : 137|b'\xb8\xe04'|b'\x7f\xff\xff'|b'\x06B\xa3'|b'<]\xe9'|b'\xe0\x00\x1e'|b'Q\x86\x84'|b'\x92?\xff'|b'\x9b\x05i'|18688|0|0|0
2018-08-21 14:42:09,015 - WARNING : Skipped 5 bytes before start found
2018-08-21 14:42:09,187 - INFO : Data packets received:15
2018-08-21 14:42:09,188 - WARNING : ID:<153> <Unexpected END_BYTE found <162> instead of <192>
2018-08-21 14:42:09,189 - DEBUG : 153|b'\xb6h\xc4'|b'zIv'|b'\x05V\xf7'|b';\xb6\x11'|b'\xde\x86\x9d'|b'\xde\x19J'|b'\x80_\t'|b'\xb0\x92*'|29233|-12744|-11259|162
2018-08-21 14:42:09,199 - WARNING : Skipped 18 bytes before start found
2018-08-21 14:42:10,880 - INFO : Data packets received:223
2018-08-21 14:42:10,881 - WARNING : ID:<103> <Unexpected END_BYTE found <0> instead of <192>
2018-08-21 14:42:10,881 - DEBUG : 103|b'\x86P2'|b'\xab\xea\x8a'|b'\xe3o\xb1'|b'&\xedg'|b'\xbe#\x19'|b'\x00\x19\xa5'|b'\x11\xa3\x87'|b'=\xd4e'|14592|0|0|0
2018-08-21 14:42:10,882 - WARNING : Skipped 5 bytes before start found
2018-08-21 14:42:11,019 - INFO : Data packets received:15
2018-08-21 14:42:11,020 - WARNING : ID:<119> <Unexpected END_BYTE found <218> instead of <192>
2018-08-21 14:42:11,021 - DEBUG : 119|b'\x8a;u'|b'\xcb\x06\xdb'|b'\xdb\x12`'|b'*\x84\x02'|b'\xc2JV'|b'\xc0\xa0^'|b'\xa1Y\xc2'|b'5\x1b\xc3'|5188|16954|7070|218
2018-08-21 14:42:11,057 - WARNING : Skipped 22 bytes before start found
2018-08-21 14:42:12,828 - INFO : Data packets received:238
2018-08-21 14:42:12,836 - WARNING : ID:<77> <Unexpected END_BYTE found <0> instead of <192>
2018-08-21 14:42:12,838 - DEBUG : 77|b'\xa2\x86\xe0'|b'H\xe0\xaa'|b'\x7f\xff\xff'|b'@\xdd*'|b'\xd8\x08\x00'|b'\xe6\xf7"'|b'q\xf3\x9d'|b'\x9d\xf9\xce'|24320|0|0|0
2018-08-21 14:42:12,845 - WARNING : Skipped 5 bytes before start found
2018-08-21 14:42:13,019 - INFO : Data packets received:15
2018-08-21 14:42:13,020 - WARNING : ID:<93> <Unexpected END_BYTE found <189> instead of <192>
2018-08-21 14:42:13,026 - DEBUG : 93|b'\x84\xc4\x93'|b'"\xe2\xf1'|b'\xe1\xed\x17'|b'%\x8d\x1d'|b'\xbb\xc6\x00'|b'\x00\x00\x00'|b'\x00\xc0\xa0'|b'I\x9c\xea'|-897|-1|-21681|189
2018-08-21 14:42:13,034 - WARNING : Skipped 26 bytes before start found
2018-08-21 14:42:14,820 - INFO : Data packets received:253
2018-08-21 14:42:14,828 - WARNING : ID:<71> <Unexpected END_BYTE found <0> instead of <192>
2018-08-21 14:42:14,835 - DEBUG : 71|b'\x83i\xa3'|b'\xa7[\xdd'|b'B\x01\xb8'|b"'\x00\xf6"|b'\x81\xc0\xf4'|b'\xf8\xbcZ'|b"'\xa2\xeb"|b'Z\xde\xfe'|6400|0|0|0
2018-08-21 14:42:14,845 - WARNING : Skipped 5 bytes before start found
2018-08-21 14:42:14,945 - INFO : Data packets received:15
2018-08-21 14:42:14,948 - WARNING : ID:<87> <Unexpected END_BYTE found <0> instead of <192>
2018-08-21 14:42:14,953 - DEBUG : 87|b'\x81\x9f\xd5'|b'\x99\xc3\x95'|b';\x85\xbf'|b'&\x00\x00'|b'y\xe2J'|b'\xc0\xfa\x18'|b'\x80\x00\x00'|b'\x88\xab/'|-32768|128|0|0
2018-08-21 14:42:14,955 - WARNING : Skipped 10 bytes before start found
2018-08-21 14:42:16,944 - INFO : Data packets received:208
2018-08-21 14:42:16,945 - WARNING : ID:<5> <Unexpected END_BYTE found <0> instead of <192>
2018-08-21 14:42:16,946 - DEBUG : 5|b'\xa4XH'|b'\xa5\x8f\xe0'|b'\x9fE\xed'|b'J\xb3\xb9'|b'\xd9\xda\xf9'|b'\xfb8\x92'|b'\x82\x00|'|b'w\xe4\xf1'|21760|0|0|0
2018-08-21 14:42:16,957 - WARNING : Skipped 5 bytes before start found
2018-08-21 14:42:17,069 - INFO : Data packets received:15
2018-08-21 14:42:17,079 - WARNING : ID:<21> <Unexpected END_BYTE found <240> instead of <192>
2018-08-21 14:42:17,080 - DEBUG : 21|b'\xa8\x8d{'|b'\xb9\xa6v'|b'\xb4\xed['|b'J\x8f\xc4'|b'\xdcTD'|b'\xf8\x83W'|b'\x93X\x18'|b'O\x92\x7f'|-1|7254|32763|240
2018-08-21 14:42:17,082 - WARNING : Skipped 9 bytes before start found
2018-08-21 14:42:19,011 - INFO : Data packets received:239
2018-08-21 14:42:19,012 - WARNING : Skipped 1 bytes before start found
2018-08-21 14:42:19,128 - INFO : Data packets received:16
2018-08-21 14:42:19,129 - WARNING : Skipped 4 bytes before start found
2018-08-21 14:42:21,087 - INFO : Data packets received:284
2018-08-21 14:42:21,088 - WARNING : ID:<114> <Unexpected END_BYTE found <240> instead of <192>
2018-08-21 14:42:21,090 - DEBUG : 114|b'\x93fZ'|b'F\xf58'|b'\xdax\x96'|b'3F\x98'|b'\xd5>\x00'|b'u\xfc\x9b'|b'\x132\x0e'|b'\\\xf6d'|7420|4099|-16354|240
2018-08-21 14:42:21,091 - WARNING : Skipped 5 bytes before start found
2018-08-21 14:42:21,262 - INFO : Data packets received:15
2018-08-21 14:42:21,273 - WARNING : ID:<130> <Unexpected END_BYTE found <59> instead of <192>
2018-08-21 14:42:21,276 - DEBUG : 130|b'\x80\xb5s'|b'\xf4\xb8\x90'|b'\xc5f\x89'|b'!K\xa6'|b'\xc2\xa8\x00'|b'\x00\x00\xc0'|b'\xa0Q\x9b'|b'\x99\tl'|-27231|-6843|10811|59
2018-08-21 14:42:21,285 - WARNING : Skipped 20 bytes before start found
2018-08-21 14:42:21,313 - WARNING : ID:<31> <Unexpected END_BYTE found <0> instead of <192>
2018-08-21 14:42:21,314 - DEBUG : 31|b'\x10\xc0\xa0'|b'R\x88\xb5'|b'23\x9f'|b'\xb6\xcfh'|b'\xc4)\x1b'|b'\xc4\xcc%'|b'v\xf4p'|b'\x85\x1d\xe8'|-16143|-30177|0|0
2018-08-21 14:42:21,316 - WARNING : Skipped 28 bytes before start found
2018-08-21 14:42:22,637 - INFO : Data packets received:192
2018-08-21 14:42:22,638 - WARNING : ID:<19> <Unexpected END_BYTE found <0> instead of <192>
2018-08-21 14:42:22,640 - DEBUG : 19|b'\x9c\xd5\r'|b'v\x11\x03'|b'\xea/\x00'|b'w=o'|b'M\xe2\xa2'|b'M\n\x15'|b'\x12g\x1e'|b'\xe8\x07S'|21248|0|0|0
2018-08-21 14:42:22,641 - WARNING : Skipped 5 bytes before start found
2018-08-21 14:42:22,763 - INFO : Data packets received:15
2018-08-21 14:42:22,764 - WARNING : ID:<35> <Unexpected END_BYTE found <11> instead of <192>
2018-08-21 14:42:22,775 - DEBUG : 35|b'\x8aR\xa4'|b'K#\xe0'|b'\xdf\x99\xde'|b'\xfc!\t'|b'%\x80U'|b'\x03N\x01'|b'\xefI\x00'|b'\x00\x00\x00'|0|-16224|-10878|11
2018-08-21 14:42:22,780 - WARNING : Skipped 33 bytes before start found
2018-08-21 14:42:24,667 - INFO : Data packets received:207
2018-08-21 14:42:24,680 - WARNING : ID:<165> <Unexpected END_BYTE found <0> instead of <192>
2018-08-21 14:42:24,681 - DEBUG : 165|b'\xb7\x18c'|b'\x7f\xff\xff'|b'\xed2%'|b'O\xdc\xea'|b'\xfaP\xa2'|b'\x1e\x10\xfd'|b'\x7f\xff\xff'|b'"\xb6\x89'|0|0|0|0
2018-08-21 14:42:24,682 - WARNING : Skipped 5 bytes before start found
2018-08-21 14:42:24,780 - INFO : Data packets received:15
2018-08-21 14:42:24,781 - WARNING : ID:<181> <Unexpected END_BYTE found <0> instead of <192>
2018-08-21 14:42:24,782 - DEBUG : 181|b'\xbc\xe2\x80'|b'\x7f\xff\xff'|b'\xe7\xc9\xaa'|b'U\x93\x90'|b'\x00e\xa9'|b'%\x07%'|b'\x7f\xff\xff'|b'(\xea\xff'|0|2|28639|0
2018-08-21 14:42:24,783 - WARNING : Skipped 10 bytes before start found
2018-08-21 14:42:27,241 - INFO : Data packets received:344
2018-08-21 14:42:27,246 - WARNING : ID:<55> <Unexpected END_BYTE found <0> instead of <192>
2018-08-21 14:42:27,247 - DEBUG : 55|b'\x93p\xab'|b'v\xa82'|b'\xe8I#'|b':\xf1\xb9'|b'\x00\xde\xda'|b'\xa4\x15\xa1'|b'\xfbY\xc6'|b'\x8b\x02>'|-12288|0|0|0
2018-08-21 14:42:27,248 - WARNING : Skipped 5 bytes before start found
2018-08-21 14:42:27,360 - INFO : Data packets received:15
2018-08-21 14:42:27,363 - WARNING : ID:<71> <Unexpected END_BYTE found <119> instead of <192>
2018-08-21 14:42:27,364 - DEBUG : 71|b'\x85\xfc\xf7'|b'3"\xf3'|b'\xe9\xear'|b'-\xa1\xda'|b'\xd6\xc7\xea'|b' .\xed'|b'\xf4J%'|b'\xbf\xdc\xc8'|-9514|-1582|6106|119
2018-08-21 14:42:27,367 - WARNING : Skipped 15 bytes before start found
2018-08-21 14:42:29,300 - INFO : Data packets received:208
2018-08-21 14:42:29,301 - WARNING : ID:<43> <Unexpected END_BYTE found <0> instead of <192>
2018-08-21 14:42:29,302 - DEBUG : 43|b'\x8cc\xbe'|b'\x18\xd7m'|b'\xec\xc3U'|b'.[\xc0'|b'\xd1<\x8b'|b'\x00\x00`'|b'\xa3\xf6\xe7'|b'\x8c\xf3o'|-32256|0|0|0
2018-08-21 14:42:29,303 - WARNING : Skipped 5 bytes before start found
2018-08-21 14:42:29,417 - INFO : Data packets received:15
2018-08-21 14:42:29,417 - WARNING : ID:<59> <Unexpected END_BYTE found <22> instead of <192>
2018-08-21 14:42:29,418 - DEBUG : 59|b'\x80\xb5E'|b'\xc7\xa4\x8d'|b'\xf0\xaa\x03'|b'"\xd2p'|b'\xc5m>'|b'\xf3fq'|b'\xf2\x8cD'|b'3\x901'|-10764|-19965|-6161|22
2018-08-21 14:42:29,420 - WARNING : Skipped 16 bytes before start found
2018-08-21 14:42:31,289 - INFO : Data packets received:223
2018-08-21 14:42:31,301 - WARNING : ID:<57> <Unexpected END_BYTE found <0> instead of <192>
2018-08-21 14:42:31,304 - DEBUG : 57|b'\x96DZ'|b'b2\xa7'|b'\xee\x06\xe5'|b'8f\xf1'|b'\xdb\xd1p'|b'\x07\xd6A'|b'5\x1c\x00'|b'\xa6\xfc5'|-9728|0|0|0
2018-08-21 14:42:31,306 - WARNING : Skipped 5 bytes before start found
2018-08-21 14:42:31,499 - INFO : Data packets received:15
2018-08-21 14:42:31,500 - WARNING : ID:<73> <Unexpected END_BYTE found <0> instead of <192>
2018-08-21 14:42:31,502 - DEBUG : 73|b'\x87\xac\xfd'|b'\x0b\xbf\x9c'|b'\xf0\xa9\xbe'|b'*@\xb2'|b'\xcdV\xb9'|b'\xf8\xa4\xbb'|b'\xf0\x83\xa3'|b'\r\xfc\xbf'|-31759|16533|0|0
2018-08-21 14:42:31,529 - WARNING : Skipped 8 bytes before start found
2018-08-21 14:42:33,271 - INFO : Data packets received:193
2018-08-21 14:42:33,272 - WARNING : ID:<20> <Unexpected END_BYTE found <0> instead of <192>
2018-08-21 14:42:33,278 - DEBUG : 20|b'\x89w\xc7'|b'\x07\x17~'|b"\xf2'M"|b'*\xf0q'|b'\xcd\x88\xf8'|b'\xf6\xc7\xd4'|b'\xeaA\xfa'|b'\xec\xec\xe8'|0|0|0|0
2018-08-21 14:42:33,279 - WARNING : Skipped 5 bytes before start found
2018-08-21 14:42:33,407 - INFO : Data packets received:15
2018-08-21 14:42:33,415 - WARNING : ID:<36> <Unexpected END_BYTE found <47> instead of <192>
2018-08-21 14:42:33,421 - DEBUG : 36|b'\x80\x00\x00'|b'\xbe\xd0\x1a'|b'\xf5\xf4\xc6'|b' \xab\xf3'|b'\xc2\xff\r'|b'\xeb\xd93'|b'\xb9^)'|b'\xe2`l'|0|0|0|47
2018-08-21 14:42:33,432 - WARNING : Skipped 25 bytes before start found
2018-08-21 14:42:34,771 - INFO : Data packets received:193
2018-08-21 14:42:34,777 - WARNING : ID:<252> <Unexpected END_BYTE found <0> instead of <192>
2018-08-21 14:42:34,778 - DEBUG : 252|b'\x80\x00\x00'|b'\xb5|\x8c'|b"\xf4'\xf7"|b'!\x80\xcd'|b'\xc1Z\xc5'|b'\xedbW'|b'\xac\x0f\xfc'|b'\xdf\x8b\x00'|-2560|0|0|0
2018-08-21 14:42:34,788 - WARNING : Skipped 5 bytes before start found
2018-08-21 14:42:34,895 - INFO : Data packets received:15
2018-08-21 14:42:34,896 - WARNING : ID:<12> <Unexpected END_BYTE found <217> instead of <192>
2018-08-21 14:42:34,896 - DEBUG : 12|b'\x80\x00\x00'|b'\x80\xfb\xd5'|b'\xf7\xa09'|b'\x1a\x05\xcd'|b'\xb9I\xd1'|b'\xe5\x98\x04'|b'\x83\x85\xec'|b'\xd7\xc0\x86'|19742|-760|-3079|217
2018-08-21 14:42:34,899 - WARNING : Skipped 26 bytes before start found
2018-08-21 14:42:36,571 - INFO : Data packets received:223
2018-08-21 14:42:36,571 - WARNING : ID:<156> <Unexpected END_BYTE found <144> instead of <192>
2018-08-21 14:42:36,573 - DEBUG : 156|b'\x80\x00\x00'|b'\x80\x00\x00'|b'\xfa\x0b\x1b'|b'\xfb\xcfi'|b'\x96\x89\xea'|b'\xbe\n\x00'|b'\x03\x80\x00'|b'\x00\xa7l'|-25604|-24573|-24545|144
2018-08-21 14:42:36,578 - WARNING : Skipped 5 bytes before start found
2018-08-21 14:42:36,720 - INFO : Data packets received:15
2018-08-21 14:42:36,725 - WARNING : ID:<172> <Unexpected END_BYTE found <0> instead of <192>
2018-08-21 14:42:36,726 - DEBUG : 172|b'\x80\x00\x00'|b'\x80\x00\x00'|b'\xf8\xe1\x98'|b'\x07)y'|b'\xa0\xd3\x0f'|b'\xcc\xc9\x1e'|b'\x1d\x0f\x7f'|b'\xff\xff\x19'|-15922|0|0|0
2018-08-21 14:42:36,727 - WARNING : Skipped 6 bytes before start found
2018-08-21 14:42:38,694 - INFO : Data packets received:254
2018-08-21 14:42:38,701 - WARNING : ID:<114> <Unexpected END_BYTE found <0> instead of <192>
2018-08-21 14:42:38,717 - DEBUG : 114|b'\x00\xee\xb4'|b'\xa1\x7f\xff'|b'\xff\xf6\xe8'|b'\xfbD\xb2'|b'\xe4\xee\x02'|b'\xde\x14\xa8'|b'\xc6|\x04'|b'[\x0e\x83'|30720|0|0|0
2018-08-21 14:42:38,719 - WARNING : Skipped 5 bytes before start found
2018-08-21 14:42:38,860 - INFO : Data packets received:15
2018-08-21 14:42:38,861 - WARNING : ID:<130> <Unexpected END_BYTE found <0> instead of <192>
2018-08-21 14:42:38,862 - DEBUG : 130|b'\xa0\x8d\xee'|b'\x13,x'|b'x\x18\xf2'|b'us>'|b'E\x8f\xe5'|b'\x8a4\x0e'|b'_\xfab'|b'v\x9d\x05'|-1122|0|0|0
2018-08-21 14:42:38,864 - WARNING : Skipped 6 bytes before start found
2018-08-21 14:42:40,754 - INFO : Data packets received:238
2018-08-21 14:42:40,755 - WARNING : ID:<124> <Unexpected END_BYTE found <224> instead of <192>
2018-08-21 14:42:40,760 - DEBUG : 124|b'\xf0#}'|b's\xde\xba'|b'\xf48\x1a'|b'8\xdb\x04'|b'\xe1U{'|b'\x00\x08\xf9'|b'\x8dZ}'|b'l\x02\xaf'|19708|8194|-8162|224
2018-08-21 14:42:40,761 - WARNING : Skipped 5 bytes before start found
2018-08-21 14:42:40,861 - INFO : Data packets received:15
2018-08-21 14:42:40,863 - WARNING : ID:<140> <Unexpected END_BYTE found <0> instead of <192>
2018-08-21 14:42:40,864 - DEBUG : 140|b'\xf8\x07\xc7'|b'\x7f\xff\xff'|b'\xf0Ba'|b'B2\x8c'|b'\xea}\x07'|b'\xf3\x07\xea'|b':J\x9a'|b'd\x05\x9e'|8448|0|0|0
2018-08-21 14:42:40,878 - WARNING : Skipped 5 bytes before start found
2018-08-21 14:42:42,924 - INFO : Data packets received:269
2018-08-21 14:42:42,927 - WARNING : ID:<161> <Unexpected END_BYTE found <0> instead of <192>
2018-08-21 14:42:42,932 - DEBUG : 161|b'\x00\xb9M'|b'\xfc\x9f\x97'|b'\x16\xf31'|b'\xe8(\xb8'|b'\x16\xc4\x18'|b'\xde\xe9Z'|b'a\x99\xfe'|b'\xe4\xe0\x9f'|6656|0|0|0
2018-08-21 14:42:42,935 - WARNING : Skipped 5 bytes before start found
2018-08-21 14:42:43,038 - INFO : Data packets received:15
2018-08-21 14:42:43,039 - WARNING : ID:<177> <Unexpected END_BYTE found <0> instead of <192>
2018-08-21 14:42:43,049 - DEBUG : 177|b'\xa0\xb0\xcb'|b'@\x8d\x18'|b'\xd2\xbe\xf4'|b'\xeb\xc41'|b'\xec5\xd1'|b'2/\xf3'|b'\xed\x9b\xf8'|b'\xf4\x8c\xf3'|-4678|0|0|0
2018-08-21 14:42:43,068 - WARNING : Skipped 6 bytes before start found
2018-08-21 14:42:44,703 - INFO : Data packets received:223
2018-08-21 14:42:44,715 - WARNING : ID:<144> <Unexpected END_BYTE found <0> instead of <192>
2018-08-21 14:42:44,717 - DEBUG : 144|b'\xc3\x8a\x08'|b'\xd3\x81\xef'|b'\xfa\xc1@'|b'"\xf9\xd5'|b'\xc3\xc8\x00'|b'\xd6\xe5\xcf'|b'3\xc6\xe5'|b'X\xe7@'|-27392|0|0|0
2018-08-21 14:42:44,719 - WARNING : Skipped 5 bytes before start found
2018-08-21 14:42:44,782 - INFO : Data packets received:15
2018-08-21 14:42:44,783 - WARNING : ID:<160> <Unexpected END_BYTE found <19> instead of <192>
2018-08-21 14:42:44,795 - DEBUG : 160|b'\xce\xb0+'|b'\x140\xba'|b'\xfb4\xb6'|b',\xe5\xff'|b'\xce\x0f\x00'|b'\xd3\xea\x00'|b'\x00\x00\x00'|b'\x00\x00\xc0'|-24460|-8272|-25506|19
2018-08-21 14:42:44,797 - WARNING : Skipped 30 bytes before start found
2018-08-21 14:42:46,779 - INFO : Data packets received:223
2018-08-21 14:42:46,781 - WARNING : ID:<84> <Unexpected END_BYTE found <0> instead of <192>
2018-08-21 14:42:46,782 - DEBUG : 84|b'\xe7\xfc\xc9'|b'\x7f\x00\xff'|b'\xff\xd4\xfa'|b'\x03<\x8f'|b'^\xe0\xc4'|b'"\x06N'|b'+f\xd1'|b'\x8a\x04\x86'|14848|0|0|0
2018-08-21 14:42:46,786 - WARNING : Skipped 5 bytes before start found
2018-08-21 14:42:46,852 - INFO : Data packets received:15
2018-08-21 14:42:46,853 - WARNING : ID:<100> <Unexpected END_BYTE found <186> instead of <192>
2018-08-21 14:42:46,859 - DEBUG : 100|b'\xe7\x1c\x83'|b'e\xc0\xa0'|b'o\xe7+'|b'\x92e\xc5'|b'\xb78\x06'|b'\x9a3\x81'|b'6\xda\xb4'|b'o\x04J'|16699|-7405|-1137|186
2018-08-21 14:42:46,879 - WARNING : Skipped 11 bytes before start found
2018-08-21 14:42:49,165 - INFO : Data packets received:298
2018-08-21 14:42:49,170 - WARNING : ID:<154> <Unexpected END_BYTE found <0> instead of <192>
2018-08-21 14:42:49,172 - DEBUG : 154|b'\xd7Ef'|b'\x0e\xb3\x1a'|b'>\xf6d'|b"'\xd8\xdc"|b'\xcd\x10|'|b'\xf4\xea\x0e'|b'\x00\xf0\x08'|b'\xdd\xef)'|-9984|0|0|0
2018-08-21 14:42:49,173 - WARNING : Skipped 5 bytes before start found
2018-08-21 14:42:49,385 - INFO : Data packets received:15
2018-08-21 14:42:49,386 - WARNING : ID:<170> <Unexpected END_BYTE found <255> instead of <192>
2018-08-21 14:42:49,386 - DEBUG : 170|b'\xdf#z'|b'D\x9bJ'|b'%\xb5\x94'|b'/)6'|b'\xd4\x85\xa5'|b'\xfb\xec\xbc'|b'\x00\x00\x00'|b'\x00\x00\xc0'|-24378|-1302|-21889|255
2018-08-21 14:42:49,392 - WARNING : Skipped 30 bytes before start found
2018-08-21 14:42:50,958 - INFO : Data packets received:208
2018-08-21 14:42:50,960 - WARNING : ID:<151> <Unexpected END_BYTE found <0> instead of <192>
2018-08-21 14:42:50,961 - DEBUG : 151|b'\xef\xeb\r'|b'=\xa4\xde'|b'\x1e\x00\xa6'|b'\xb7-\xab'|b'9\xd7\xe1'|b'p@\x06'|b"'&\xd3"|b'\x07\xf5"'|2816|0|0|0
2018-08-21 14:42:50,965 - WARNING : Skipped 5 bytes before start found
2018-08-21 14:42:51,024 - INFO : Data packets received:15
2018-08-21 14:42:51,025 - WARNING : ID:<167> <Unexpected END_BYTE found <113> instead of <192>
2018-08-21 14:42:51,034 - DEBUG : 167|b'\xf1\x83\x05'|b'=\xf8\xef'|b'*\x00\xc0'|b'\xa0\x90\xde'|b'\xf7\x18\xf6'|b'9(\x1f'|b'nK)'|b'\x0ee\xcf'|-29257|25900|-8986|113
2018-08-21 14:42:51,037 - WARNING : Skipped 15 bytes before start found
2018-08-21 14:42:53,119 - INFO : Data packets received:253
2018-08-21 14:42:53,121 - WARNING : ID:<142> <Unexpected END_BYTE found <0> instead of <192>
2018-08-21 14:42:53,123 - DEBUG : 142|b'\xce\xac\x9d'|b'\xe0\xc6|'|b'\x0b\nP'|b')\xc1\xfc'|b'\xcb\x82\x00'|b'\x02"n'|b'\xaf\xcb\xe0'|b'\x80\xe9G'|-11776|0|0|0
2018-08-21 14:42:53,144 - WARNING : Skipped 5 bytes before start found
2018-08-21 14:42:53,218 - INFO : Data packets received:15
2018-08-21 14:42:53,219 - WARNING : ID:<158> <Unexpected END_BYTE found <29> instead of <192>
2018-08-21 14:42:53,220 - DEBUG : 158|b'\xd1_<'|b'\x07\xfe\xac'|b'\x01\xb9\xc7'|b',\x9dn'|b'\xced\xfc'|b'\xf0\x03\x80'|b'\x1fP\xc0'|b'\xa0\x9b\xe6'|10842|29055|-4572|29
2018-08-21 14:42:53,256 - WARNING : Skipped 27 bytes before start found
2018-08-21 14:42:55,125 - INFO : Data packets received:238
2018-08-21 14:42:55,126 - WARNING : ID:<138> <Unexpected END_BYTE found <0> instead of <192>
2018-08-21 14:42:55,133 - DEBUG : 138|b'\xf0~\xf2'|b'\x7f\xff\xff'|b',\xff\x00'|b'(6\x0b'|b'/\xdeG'|b'\xab\x12|'|b'<Vn'|b'\xc1\xfc-'|-32000|0|0|0
2018-08-21 14:42:55,135 - WARNING : Skipped 5 bytes before start found
2018-08-21 14:42:55,248 - INFO : Data packets received:15
2018-08-21 14:42:55,249 - WARNING : ID:<154> <Unexpected END_BYTE found <35> instead of <192>
2018-08-21 14:42:55,251 - DEBUG : 154|b'\xef\xf0\x12'|b'\x7f\xff\xff'|b'&\xcd\xdb'|b'\xec\x91\x15'|b'>RD'|b'\x83Z\xfa'|b'\x02y\x00'|b'\x00\x00\x00'|0|-16224|-25617|35
2018-08-21 14:42:55,259 - WARNING : Skipped 33 bytes before start found
2018-08-21 14:42:57,146 - INFO : Data packets received:207
2018-08-21 14:42:57,149 - WARNING : ID:<107> <Unexpected END_BYTE found <0> instead of <192>
2018-08-21 14:42:57,155 - DEBUG : 107|b'\xf1Y:'|b'jf\xe6'|b',\xe4\x84'|b'/\x1e\x11'|b'\xd7\xf3\xe5'|b'\x16\x88\x88'|b'3#\xb9'|b'\xf5\xff\xf2'|0|0|0|0
2018-08-21 14:42:57,160 - WARNING : Skipped 5 bytes before start found
2018-08-21 14:42:57,300 - INFO : Data packets received:15
2018-08-21 14:42:57,301 - WARNING : ID:<123> <Unexpected END_BYTE found <17> instead of <192>
2018-08-21 14:42:57,302 - DEBUG : 123|b'\xf4\x81\xce'|b'z\xdaS'|b'.\x8fH'|b'1\xf1W'|b'\xda\xcd\xe2'|b'\x14p\x07'|b'G\xfa&'|b'\xf8\xc7\x85'|0|62|-2388|17
2018-08-21 14:42:57,310 - WARNING : Skipped 11 bytes before start found
2018-08-21 14:42:58,816 - INFO : Data packets received:239
2018-08-21 14:42:58,818 - WARNING : ID:<135> <Unexpected END_BYTE found <0> instead of <192>
2018-08-21 14:42:58,820 - DEBUG : 135|b'\xf5q\xda'|b'\x7f\x00\xff'|b'\xff"\xb2'|b',3\xb4'|b'\xfa\xdc6'|b'\xd4\x131'|b'\xf0V '|b'\xcd\xf9\xf0'|-3840|0|0|0
2018-08-21 14:42:58,821 - WARNING : Skipped 5 bytes before start found
2018-08-21 14:42:58,983 - INFO : Data packets received:15
2018-08-21 14:42:58,984 - WARNING : ID:<151> <Unexpected END_BYTE found <120> instead of <192>
2018-08-21 14:42:58,988 - DEBUG : 151|b'\xf0\x02<'|b'l\xa2\x12'|b'\x03\x02\xf1'|b'\x8d\xae\x00'|b'\x00\x00\x00'|b'\x00\x00\xc0'|b'\xa0:\xef'|b'\xc2\x9ar'|-1879|8110|-10704|120
2018-08-21 14:42:58,993 - WARNING : Skipped 24 bytes before start found
2018-08-21 14:43:00,960 - INFO : Data packets received:238
2018-08-21 14:43:00,977 - WARNING : ID:<41> <Unexpected END_BYTE found <0> instead of <192>
2018-08-21 14:43:00,979 - DEBUG : 41|b'\xf6\x00T'|b'\x7f\x7f\xff'|b'\xff0\x83'|b'g59'|b'\x83\xdd\xda'|b'=\x16\x1a'|b'\xec[\x19'|b'\xf8\xfb\xcc'|19968|0|0|0
2018-08-21 14:43:00,980 - WARNING : Skipped 5 bytes before start found
2018-08-21 14:43:01,058 - INFO : Data packets received:15
2018-08-21 14:43:01,059 - WARNING : ID:<57> <Unexpected END_BYTE found <0> instead of <192>
2018-08-21 14:43:01,066 - DEBUG : 57|b'\xf6\xc0\xa0'|b'\x1f\xf3g'|b'z~\xff'|b"\x0f'L"|b'F3\x97'|b'\x18\xdb\xf4'|b'\x90\x15o'|b'HJ%'|1273|26340|0|0
2018-08-21 14:43:01,068 - WARNING : Skipped 8 bytes before start found
2018-08-21 14:43:01,695 - INFO : Data packets received:178
2018-08-21 14:43:01,696 - WARNING : ID:<210> <Unexpected END_BYTE found <0> instead of <192>
2018-08-21 14:43:01,697 - DEBUG : 210|b'\xdc\xa1y'|b'\x01\xc9\r'|b'!\xbf;'|b'(\x00f'|b'\x10\xcd\x94'|b'` \xaa'|b'l\xe4\x17'|b'T\xeb\xe6'|-24064|0|0|0
2018-08-21 14:43:01,698 - WARNING : Skipped 5 bytes before start found
2018-08-21 14:43:01,740 - INFO : Data packets received:15
2018-08-21 14:43:01,741 - WARNING : ID:<226> <Unexpected END_BYTE found <0> instead of <192>
2018-08-21 14:43:01,742 - DEBUG : 226|b'\xdbB\xb9'|b'\x0f\xa7j'|b'\x18\x84\x1b'|b'(\xfa\x04'|b',\xde_'|b'\xd1X\x85'|b'\x18\x94\xdd'|b'\xfe\xc8\x17'|-4102|8960|0|0
2018-08-21 14:43:01,743 - WARNING : Skipped 7 bytes before start found
2018-08-21 14:45:29,835 - WARNING : sent <s>: stopped streaming
2018-08-21 14:45:29,836 - WARNING : serial closed
2018-08-21 14:47:49,941 - INFO : ---------LOG START-------------
2018-08-21 14:53:42,573 - WARNING : sent <s>: stopped streaming
2018-08-21 14:54:10,944 - WARNING : serial closed
2018-08-21 14:54:28,167 - INFO : ---------LOG START-------------
2018-08-21 14:54:55,350 - INFO : ---------LOG START-------------
2018-08-21 14:57:27,086 - INFO : Data packets received:35306
2018-08-21 14:57:27,089 - WARNING : ID:<234> <Unexpected END_BYTE found <0> instead of <192>
2018-08-21 14:57:27,090 - DEBUG : 234|b':\xed\xfd'|b'B\x00\xd2'|b'\xfeI\xc3'|b'QP\x9d'|b'\x13\xee\x9f'|b'x\xf4W'|b'>\x05\x85'|b'\x0f.\xa0'|30720|0|0|0
2018-08-21 14:57:27,117 - WARNING : Skipped 5 bytes before start found
2018-08-21 14:57:27,243 - INFO : Data packets received:15
2018-08-21 14:57:27,244 - WARNING : ID:<250> <Unexpected END_BYTE found <0> instead of <192>
2018-08-21 14:57:27,245 - DEBUG : 250|b':P\xa8'|b'B\x8bC'|b'.\xb9I'|b'\x9d"N'|b'+l\xef'|b'\x0f\xe7\xf4'|b'\xd5\xe9\x06'|b'"\xa36'|-17109|0|0|0
2018-08-21 14:57:27,245 - WARNING : Skipped 6 bytes before start found
2018-08-21 14:57:29,059 - INFO : Data packets received:208
2018-08-21 14:57:29,068 - WARNING : ID:<220> <Unexpected END_BYTE found <0> instead of <192>
2018-08-21 14:57:29,069 - DEBUG : 220|b'3H`'|b'F\xae\xe1'|b'Jo:'|b'Jw\xc8'|b'\xee\xa5\x06'|b'\xf4Y\x00'|b'\x9f\x06_'|b'\xc25R'|-29952|0|0|0
2018-08-21 14:57:29,081 - WARNING : Skipped 5 bytes before start found
2018-08-21 14:57:29,182 - INFO : Data packets received:15
2018-08-21 14:57:29,183 - WARNING : ID:<236> <Unexpected END_BYTE found <29> instead of <192>
2018-08-21 14:57:29,186 - DEBUG : 236|b'2\xd3^'|b'F\xb5\xcf'|b'J3\xbd'|b'J\x7f\xa7'|b'\xee\x92F'|b'\xf4,M'|b'p\xf9\xee'|b'e)\xf2'|3496|895|14886|29
2018-08-21 14:57:29,187 - WARNING : Skipped 12 bytes before start found
2018-08-21 14:57:31,139 - INFO : Data packets received:253
2018-08-21 14:57:31,152 - WARNING : ID:<0> <Unexpected END_BYTE found <0> instead of <192>
2018-08-21 14:57:31,154 - DEBUG : 0|b'/\x1d\xb9'|b'Iht'|b'I\x03`'|b'N\xb1\xf4'|b'\xee\xc3\x97'|b'\xf1\xdf\x19'|b'\x032\xce'|b'#\x8e\xda'|0|0|0|0
2018-08-21 14:57:31,161 - WARNING : Skipped 5 bytes before start found
2018-08-21 14:57:31,304 - INFO : Data packets received:15
2018-08-21 14:57:31,306 - WARNING : ID:<16> <Unexpected END_BYTE found <48> instead of <192>
2018-08-21 14:57:31,307 - DEBUG : 16|b'/=\xec'|b'I|\xf6'|b'H\xec]'|b'N\xdd\xc7'|b'\xee\xe8\x91'|b'\xf1\xf9\xc2'|b'\x03P2'|b'&6x'|0|192|-24558|48
2018-08-21 14:57:31,327 - WARNING : Skipped 34 bytes before start found
2018-08-21 14:57:32,955 - INFO : Data packets received:208
2018-08-21 14:57:32,966 - WARNING : ID:<227> <Unexpected END_BYTE found <0> instead of <192>
2018-08-21 14:57:32,967 - DEBUG : 227|b'/\xee>'|b'I\xfb\x1d'|b'II\x8c'|b'PE%'|b'\x00\xee\xfa'|b'\xe1\xf1\x7f'|b'=\x02\xc2'|b'\xe6$\xb8'|-10240|0|0|0
2018-08-21 14:57:32,973 - WARNING : Skipped 5 bytes before start found
2018-08-21 14:57:33,151 - INFO : Data packets received:15
2018-08-21 14:57:33,153 - WARNING : ID:<243> <Unexpected END_BYTE found <58> instead of <192>
2018-08-21 14:57:33,159 - DEBUG : 243|b'0t\x0f'|b'Jv^'|b'H\xef\xc1'|b'P\xc8.'|b'\x80\xfd\x00'|b'\x00\x00\x00'|b'\x00\x00\xc0'|b'\xa0\xd60'|29603|18822|9801|58
2018-08-21 14:57:33,188 - WARNING : Skipped 27 bytes before start found
2018-08-21 14:57:35,240 - INFO : Data packets received:238
2018-08-21 14:57:35,243 - WARNING : ID:<197> <Unexpected END_BYTE found <0> instead of <192>
2018-08-21 14:57:35,251 - DEBUG : 197|b'1\xfa\xe6'|b'Iw:'|b'\x00H\xe3'|b'\xfdQa'|b'\xaa\xee\xf8'|b'\xe5\xf1\xaa'|b'\xf8\x02\xc8'|b'\xd0$\xd7'|-21248|0|0|0
2018-08-21 14:57:35,252 - WARNING : Skipped 5 bytes before start found
2018-08-21 14:57:35,318 - INFO : Data packets received:15
2018-08-21 14:57:35,321 - WARNING : ID:<213> <Unexpected END_BYTE found <36> instead of <192>
2018-08-21 14:57:35,321 - DEBUG : 213|b'2%B'|b'I\x85\xc2'|b'\x00\x00\xc0'|b'\xa0\x105'|b'y1I'|b'\xfb\xb7I'|b'\xb7mQ'|b'\x92e\xef'|-29985|-3563|-7165|36
2018-08-21 14:57:35,323 - WARNING : Skipped 15 bytes before start found
2018-08-21 14:57:36,188 - WARNING : sent <s>: stopped streaming
2018-08-21 14:58:12,430 - WARNING : serial closed
2018-08-21 15:44:16,129 - INFO : ---------LOG START-------------
2018-08-21 15:44:25,222 - INFO : ---------LOG START-------------
2018-08-21 15:52:49,039 - INFO : ---------LOG START-------------
2018-08-21 15:53:11,520 - INFO : ---------LOG START-------------
2018-08-21 15:53:38,666 - INFO : ---------LOG START-------------
2018-08-21 16:02:22,011 - WARNING : sent <s>: stopped streaming
2018-08-21 16:02:27,703 - INFO : ---------LOG START-------------
2018-08-21 16:06:30,358 - INFO : ---------LOG START-------------
2018-08-21 16:07:21,900 - INFO : ---------LOG START-------------
2018-08-25 20:30:17,506 - INFO : ---------LOG START-------------
2018-08-25 20:35:33,319 - WARNING : sent <s>: stopped streaming
2018-08-25 20:35:33,503 - WARNING : sent <s>: stopped streaming
2018-08-25 22:43:25,922 - INFO : ---------LOG START-------------
2018-08-25 22:44:08,067 - INFO : ---------LOG START-------------
2018-08-25 22:49:42,873 - INFO : ---------LOG START-------------
2018-08-25 22:50:10,187 - INFO : ---------LOG START-------------
2018-08-25 22:54:07,180 - WARNING : sent <s>: stopped streaming
2018-08-25 22:57:12,490 - INFO : ---------LOG START-------------
2018-08-25 22:59:43,120 - WARNING : sent <s>: stopped streaming
2018-08-25 23:04:02,473 - INFO : ---------LOG START-------------
2018-08-25 23:08:03,460 - INFO : ---------LOG START-------------
2018-08-25 23:08:54,413 - INFO : ---------LOG START-------------
2018-08-25 23:14:15,512 - INFO : ---------LOG START-------------
2018-08-25 23:14:48,014 - WARNING : sent <s>: stopped streaming
2018-08-25 23:14:48,015 - WARNING : serial closed
2018-08-25 23:15:51,986 - INFO : ---------LOG START-------------
2018-08-25 23:17:41,771 - WARNING : sent <s>: stopped streaming
2018-08-25 23:27:24,587 - INFO : ---------LOG START-------------
2018-08-25 23:28:52,823 - INFO : ---------LOG START-------------
2018-08-25 23:30:22,951 - INFO : ---------LOG START-------------
2018-08-25 23:33:45,403 - INFO : ---------LOG START-------------
2018-08-25 23:36:43,064 - INFO : ---------LOG START-------------
2018-08-25 23:37:27,241 - INFO : ---------LOG START-------------
2018-08-25 23:38:25,667 - INFO : Data packets received:11994
2018-08-25 23:38:25,668 - WARNING : ID:<218> <Unexpected END_BYTE found <0> instead of <192>
2018-08-25 23:38:25,668 - DEBUG : 218|b'\x05\xa2\xe5'|b'\xfe\x00k'|b'\x0c,G'|b'\xb5$s'|b'\xce\x8a\x08'|b'y\x8f\xcc'|b'\xb8\x80\x00'|b'\x00\x80\x00'|0|0|0|0
2018-08-25 23:38:25,674 - WARNING : Skipped 5 bytes before start found
2018-08-25 23:38:25,832 - INFO : Data packets received:15
2018-08-25 23:38:25,837 - WARNING : ID:<234> <Unexpected END_BYTE found <0> instead of <192>
2018-08-25 23:38:25,837 - DEBUG : 234|b'\x05\x9dz'|b'\xfe\xc0\xa0'|b'\x16\x06Z'|b'\x8d\xff '|b'S,\xfa'|b'\xfd%\x0b'|b'\xaa\x8c\x05'|b'\x95\x91]'|25216|0|-32768|0
2018-08-25 23:38:25,838 - WARNING : Skipped 11 bytes before start found
2018-08-25 23:38:27,656 - INFO : Data packets received:208
2018-08-25 23:38:27,658 - WARNING : ID:<231> <Unexpected END_BYTE found <0> instead of <192>
2018-08-25 23:38:27,659 - DEBUG : 231|b'\x04\x92\x08'|b'\xfd]\xe1'|b'+G '|b'#G\xbb'|b'\x00\x8a\xc1'|b' \x8f\xf8'|b'A\x80\x00'|b'\x00\x80\x00'|0|0|0|0
2018-08-25 23:38:27,661 - WARNING : Skipped 5 bytes before start found
2018-08-25 23:38:27,780 - INFO : Data packets received:15
2018-08-25 23:38:27,786 - WARNING : ID:<247> <Unexpected END_BYTE found <36> instead of <192>
2018-08-25 23:38:27,792 - DEBUG : 247|b'\x04\x8d\xc4'|b'\xfdY\x19'|b'+D&'|b'#F,'|b'\x00\x00\x00'|b'\x00\x00\x00'|b'\xc0\xa0\x0c'|b'\x06(\x7f'|-301|24108|7949|36
2018-08-25 23:38:27,809 - WARNING : Skipped 25 bytes before start found
2018-08-25 23:38:29,745 - INFO : Data packets received:208
2018-08-25 23:38:29,749 - WARNING : ID:<221> <Unexpected END_BYTE found <0> instead of <192>
2018-08-25 23:38:29,750 - DEBUG : 221|b'\x07I\x8c'|b'\xff\xf5\x88'|b'\x00+|'|b'9%\x83'|b'\xa0\x8c\x84'|b'u\x90\xb3'|b'\xdc\x80\x00'|b'\x00\x80\x00'|0|0|0|0
2018-08-25 23:38:29,754 - WARNING : Skipped 5 bytes before start found
2018-08-25 23:38:29,831 - INFO : Data packets received:15
2018-08-25 23:38:29,832 - WARNING : ID:<237> <Unexpected END_BYTE found <128> instead of <192>
2018-08-25 23:38:29,833 - DEBUG : 237|b'\x07A\xbd'|b'\xff\xecb'|b'\x00\x00\x00'|b'\xc0\xa0 '|b'\x0c\xd8\xe6'|b"\x05\xcf'"|b'1k\x18'|b'+\xb7S'|-28608|29843|18013|128
2018-08-25 23:38:29,835 - WARNING : Skipped 16 bytes before start found
2018-08-25 23:44:03,382 - INFO : ---------LOG START-------------
2018-08-25 23:47:32,771 - INFO : ---------LOG START-------------
2018-08-25 23:49:15,548 - WARNING : sent <s>: stopped streaming
2018-08-25 23:49:23,351 - WARNING : sent <s>: stopped streaming
2018-08-25 23:50:25,047 - WARNING : serial closed
2018-08-25 23:50:53,787 - INFO : ---------LOG START-------------
2018-08-25 23:52:52,493 - WARNING : sent <s>: stopped streaming
2018-08-25 23:53:16,008 - INFO : ---------LOG START-------------
2018-08-25 23:54:34,074 - INFO : Data packets received:16758
2018-08-25 23:54:34,079 - WARNING : ID:<118> <Unexpected END_BYTE found <0> instead of <192>
2018-08-25 23:54:34,089 - DEBUG : 118|b'\xd6;\xf9'|b'\xde"E'|b'\x0c\x17\xf3'|b'\xfe\xc84'|b'\x80\x00\x00'|b'\x80\x00\x00'|b'\x80\x00\x00'|b'\x80\x00\x00'|0|0|0|0
2018-08-25 23:54:34,107 - WARNING : Skipped 5 bytes before start found
2018-08-25 23:54:34,211 - INFO : Data packets received:15
2018-08-25 23:54:34,221 - WARNING : ID:<134> <Unexpected END_BYTE found <85> instead of <192>
2018-08-25 23:54:34,222 - DEBUG : 134|b'\xd6b-'|b'\xdeG\xe5'|b'\x0c\x15\xab'|b'\xfe\xc4\xf7'|b'\x80\x00\x00'|b'\x80\x00\x00'|b'\x80\x00\x00'|b'\x80\x00\x00'|0|0|-16224|85
2018-08-25 23:54:34,235 - WARNING : Skipped 35 bytes before start found
2018-08-25 23:54:36,662 - INFO : Data packets received:193
2018-08-25 23:54:36,662 - WARNING : ID:<23> <Unexpected END_BYTE found <0> instead of <192>
2018-08-25 23:54:36,663 - DEBUG : 23|b'\xd5w\x14'|b'\xdc\x92\xac'|b'\n\x00\xd0'|b'\xb4\xfd\xfa'|b'\x18\x80\x00'|b'\x00\x80\x00'|b'\x00\x80\x00'|b'\x00\x80\x00'|0|0|0|0
2018-08-25 23:54:36,663 - WARNING : Skipped 5 bytes before start found
2018-08-25 23:54:36,811 - INFO : Data packets received:15
2018-08-25 23:54:36,812 - WARNING : ID:<39> <Unexpected END_BYTE found <254> instead of <192>
2018-08-25 23:54:36,813 - DEBUG : 39|b'\xd5\x99\xe1'|b'\xdc\xac\x94'|b'\n\x00\x80'|b'\x00\x00\x00'|b'\x00\x00\x00'|b'\x00\x00\xc0'|b'\xa0\xe1\xd5'|b'e\x19\xdd'|17688|2760|5117|254
2018-08-25 23:54:36,839 - WARNING : Skipped 24 bytes before start found
2018-08-25 23:54:39,297 - INFO : Data packets received:208
2018-08-25 23:54:39,298 - WARNING : ID:<178> <Unexpected END_BYTE found <0> instead of <192>
2018-08-25 23:54:39,301 - DEBUG : 178|b'\xd3\xfa\x00'|b'\xc7\xdd\x15'|b'\x86\n\xc1'|b'\x83\xfd\xd6'|b'W\x80\x00'|b'\x00\x80\x00'|b'\x00\x80\x00'|b'\x00\x80\x00'|0|0|0|0
2018-08-25 23:54:39,315 - WARNING : Skipped 5 bytes before start found
2018-08-25 23:54:39,500 - INFO : Data packets received:15
2018-08-25 23:54:39,502 - WARNING : ID:<194> <Unexpected END_BYTE found <0> instead of <192>
2018-08-25 23:54:39,518 - DEBUG : 194|b'\xd3\xf1\x00'|b'\x00\xc0\xa0'|b'W\xd2\xea'|b'i\xdd\x0c'|b'\xc0\n\xbc'|b'\x1b\xfe\x08'|b'\xb0\x80\x00'|b'\x00\x80\x00'|128|0|-32768|0
2018-08-25 23:54:39,525 - WARNING : Skipped 11 bytes before start found
2018-08-25 23:54:41,687 - INFO : Data packets received:163
2018-08-25 23:54:41,698 - WARNING : ID:<251> <Unexpected END_BYTE found <0> instead of <192>
2018-08-25 23:54:41,699 - DEBUG : 251|b'\xd3X\xee'|b'\xdd\xb6\x02'|b'\x0b\x00w'|b'\xd7\xfe\xc7'|b'\xae\x80\x00'|b'\x00\x82~'|b';\x80\x00'|b'\x00\x80\x00'|0|0|0|0
2018-08-25 23:54:41,704 - WARNING : Skipped 5 bytes before start found
2018-08-25 23:54:41,925 - INFO : Data packets received:15
2018-08-25 23:54:41,926 - WARNING : ID:<11> <Unexpected END_BYTE found <128> instead of <192>
2018-08-25 23:54:41,927 - DEBUG : 11|b'\xd3^\xe2'|b'\xdd\xc2Z'|b'\x0b\xa0\xc7'|b'\xd2\xc2\x8c'|b'\xdd\xcd\x85'|b'\x0b\x8aM'|b'\xfe\xd8\x8b'|b'\x80\x00\x00'|-30456|23936|0|128
2018-08-25 23:54:41,930 - WARNING : Skipped 13 bytes before start found
2018-08-25 23:54:44,275 - INFO : Data packets received:193
2018-08-25 23:54:44,278 - WARNING : ID:<137> <Unexpected END_BYTE found <0> instead of <192>
2018-08-25 23:54:44,279 - DEBUG : 137|b'\xd3*\xb9'|b'\xde0,'|b'\x0b\xb6\xb0'|b'\xfe\xf9\xb6'|b'\x00\x80\x00'|b'\x00\x88\x96'|b'\xc1\x80\x00'|b'\x00\x80\x00'|0|0|0|0
2018-08-25 23:54:44,284 - WARNING : Skipped 5 bytes before start found
2018-08-25 23:54:44,407 - INFO : Data packets received:15
2018-08-25 23:54:44,412 - WARNING : ID:<153> <Unexpected END_BYTE found <128> instead of <192>
2018-08-25 23:54:44,413 - DEBUG : 153|b'\xd2\xf0\x0c'|b'\xdd\xfa_'|b'\x0b\xa5\xcd'|b'\xfe\xee\xe8'|b'\xc0\xa0V'|b'\xd4\x01M'|b'\xde\xb9\xf3'|b'\x0cz\xfe'|-190|12416|0|128
2018-08-25 23:54:44,415 - WARNING : Skipped 19 bytes before start found
2018-08-25 23:59:00,187 - INFO : ---------LOG START-------------
2018-08-26 00:00:29,436 - INFO : ---------LOG START-------------
2018-08-26 00:00:38,543 - INFO : ---------LOG START-------------
2018-08-26 00:01:37,297 - INFO : ---------LOG START-------------
2018-08-26 00:03:11,016 - WARNING : sent <s>: stopped streaming
2018-08-26 13:09:03,391 - INFO : ---------LOG START-------------
2018-08-27 14:33:22,716 - INFO : ---------LOG START-------------
2018-08-27 17:53:52,547 - INFO : ---------LOG START-------------
2018-08-27 18:16:26,574 - INFO : ---------LOG START-------------
2018-08-27 18:17:29,721 - INFO : ---------LOG START-------------
2018-08-27 18:20:59,180 - INFO : ---------LOG START-------------
2018-08-27 18:21:54,552 - INFO : ---------LOG START-------------
2018-08-27 18:29:00,985 - INFO : ---------LOG START-------------
2018-08-27 18:59:01,964 - INFO : ---------LOG START-------------
2018-08-27 19:00:19,357 - WARNING : sent <s>: stopped streaming
2018-08-27 19:01:41,556 - INFO : ---------LOG START-------------
2018-08-27 19:02:45,555 - INFO : ---------LOG START-------------
2018-08-27 19:07:08,327 - WARNING : sent <s>: stopped streaming
2018-08-27 19:08:30,268 - INFO : ---------LOG START-------------
2018-08-27 19:16:27,067 - INFO : ---------LOG START-------------
2018-08-27 19:18:51,461 - INFO : Data packets received:33517
2018-08-27 19:18:51,462 - WARNING : ID:<237> <Unexpected END_BYTE found <128> instead of <192>
2018-08-27 19:18:51,463 - DEBUG : 237|b'\xf5\x95\x9e'|b'\xd5qT'|b'\x0e\xea\x94'|b'\xf8\xa1\xac'|b'\xb4$\xd6'|b'\xe2y\x00'|b'\x8f\xcd\xeb'|b'\xeb\x1eg'|3330|-3841|28704|128
2018-08-27 19:18:51,469 - WARNING : Skipped 5 bytes before start found
2018-08-27 19:18:51,568 - INFO : Data packets received:15
2018-08-27 19:18:51,577 - WARNING : ID:<253> <Unexpected END_BYTE found <87> instead of <192>
2018-08-27 19:18:51,577 - DEBUG : 253|b'\xf5\x90\xa3'|b'\xd5h\xe8'|b'\x0f\x04\x00'|b'\xf8\xb8\xb9'|b'\xb3\xe0<'|b'\xe26\xee'|b'\x18\xd6\x19'|b'\x92\x0f\x99'|26617|19565|-19338|87
2018-08-27 19:18:51,586 - WARNING : Skipped 20 bytes before start found
2018-08-27 19:18:53,585 - INFO : Data packets received:238
2018-08-27 19:18:53,586 - WARNING : ID:<23> <Unexpected END_BYTE found <0> instead of <192>
2018-08-27 19:18:53,587 - DEBUG : 23|b'\xf6\xc7Y'|b'\xd6\xee\xe3'|b'\x0f4$'|b'\xf9B\xbe'|b'\xb3\xe8\xfa'|b'\xe2`\xef'|b'\x00\xcd\xef'|b'g\x1eu'|6912|0|0|0
2018-08-27 19:18:53,604 - WARNING : Skipped 5 bytes before start found
2018-08-27 19:18:53,784 - INFO : Data packets received:15
2018-08-27 19:18:53,785 - WARNING : ID:<39> <Unexpected END_BYTE found <0> instead of <192>
2018-08-27 19:18:53,787 - DEBUG : 39|b'\xf6\xcc\xf2'|b'\xd6\xe1\xbf'|b'\x0fp\xc4'|b'\xf9y\xae'|b'\xb3\xe7\xc9'|b'\xe2\x7f,'|b'\xb5\x0e\x8f'|b'\xe4\x12$'|-12140|29219|24804|0
2018-08-27 19:18:53,788 - WARNING : Skipped 10 bytes before start found
2018-08-27 19:30:56,474 - INFO : ---------LOG START-------------
2018-08-27 19:31:26,594 - INFO : ---------LOG START-------------
2018-08-27 19:38:00,629 - INFO : ---------LOG START-------------
2018-08-27 19:48:18,379 - INFO : ---------LOG START-------------
2018-08-27 19:57:56,676 - INFO : ---------LOG START-------------
2018-08-27 19:58:26,547 - INFO : ---------LOG START-------------
2018-08-27 19:59:59,229 - WARNING : sent <s>: stopped streaming
2018-08-27 21:59:59,870 - INFO : ---------LOG START-------------
2018-08-27 22:01:52,285 - INFO : Data packets received:25506
2018-08-27 22:01:52,285 - WARNING : ID:<162> <Unexpected END_BYTE found <208> instead of <192>
2018-08-27 22:01:52,294 - DEBUG : 162|b'\x17\x8a\xd6'|b'\xcc\x94`'|b'\x14\xd2\xea'|b'\x0e\x17;'|b'\x00\x0f\xae'|b')\x01\x00'|b'g\x02\xc5'|b'\xcf3\x9e'|-13284|4351|-24561|208
2018-08-27 22:01:52,300 - WARNING : Skipped 5 bytes before start found
2018-08-27 22:01:52,468 - INFO : Data packets received:15
2018-08-27 22:01:52,473 - WARNING : ID:<178> <Unexpected END_BYTE found <146> instead of <192>
2018-08-27 22:01:52,474 - DEBUG : 178|b'\x18\x16\xed'|b'\xd2\xc1\x15'|b'\x15[\x9c'|b'\x0ew\xd4'|b'\xac3\xb3'|b'\xbb\x00\x00'|b'\x00\x00\x00'|b'\x00\xc0\xa0'|-6121|-12115|-12827|146
2018-08-27 22:01:52,489 - WARNING : Skipped 29 bytes before start found
2018-08-27 22:01:54,309 - INFO : Data packets received:208
2018-08-27 22:01:54,315 - WARNING : ID:<185> <Unexpected END_BYTE found <0> instead of <192>
2018-08-27 22:01:54,319 - DEBUG : 185|b'\x17\xd2\x00'|b'\xd7\xcc\xf0'|b'\xc5\x14\x82'|b'T\r\xcb'|b'd\x0ft'|b'\x1a\x00\xd6'|b'z\x02\x9f'|b'v3\x9e'|-21476|16639|-24560|0
2018-08-27 22:01:54,329 - WARNING : Skipped 5 bytes before start found
2018-08-27 22:01:54,448 - INFO : Data packets received:15
2018-08-27 22:01:54,449 - WARNING : ID:<201> <Unexpected END_BYTE found <168> instead of <192>
2018-08-27 22:01:54,449 - DEBUG : 201|b'\x17\xe6a'|b'22\xf0'|b'\x8b\x00\x00'|b'\x00\x00\x00'|b'\x00\xc0\xa0'|b'\xe1\x16\xac'|b'\x13\xd1T'|b'G\x14H'|14605|31921|3868|168
2018-08-27 22:01:54,456 - WARNING : Skipped 20 bytes before start found
2018-08-27 22:01:56,490 - INFO : Data packets received:268
2018-08-27 22:01:56,491 - WARNING : ID:<238> <Unexpected END_BYTE found <0> instead of <192>
2018-08-27 22:01:56,491 - DEBUG : 238|b'\x18:\xb5'|b'\xd5u\x00'|b'\x14\x15\x8e'|b'e\x0e\x10'|b'\xc2\x0f\xbc'|b'+\x01$'|b']\x03\x07'|b'_4*'|-20736|0|0|0
2018-08-27 22:01:56,492 - WARNING : Skipped 5 bytes before start found
2018-08-27 22:01:56,617 - INFO : Data packets received:15
2018-08-27 22:01:56,622 - WARNING : ID:<254> <Unexpected END_BYTE found <2> instead of <192>
2018-08-27 22:01:56,623 - DEBUG : 254|b'\x188+'|b'\xd5\xb6\x00'|b'\x00\x00\x00'|b'\xc0\xa0\x01'|b'\x18DT'|b'\xcf\xba1'|b'\x15\xaa9'|b'\x0ew&'|4028|-23807|3515|2
2018-08-27 22:01:56,641 - WARNING : Skipped 16 bytes before start found
2018-08-27 22:01:58,937 - INFO : Data packets received:268
2018-08-27 22:01:58,939 - WARNING : ID:<14> <Unexpected END_BYTE found <208> instead of <192>
2018-08-27 22:01:58,940 - DEBUG : 14|b'\x1a\xe7\x15'|b'\xe7\xf0\xca'|b'\x18G\xf8'|b'\x0e\xb87'|b'\x00\x10;'|b'\xb7\x01G'|b'\xb0\x03H'|b'*5m'|-12261|-3841|-24561|208
2018-08-27 22:01:58,942 - WARNING : Skipped 5 bytes before start found
2018-08-27 22:01:59,005 - INFO : Data packets received:15
2018-08-27 22:01:59,005 - WARNING : ID:<30> <Unexpected END_BYTE found <1> instead of <192>
2018-08-27 22:01:59,008 - DEBUG : 30|b'\x1a\xba"'|b'\xe6\x04\xaf'|b'\x18\x02\r'|b'\x0eXa'|b'\xc0\xa0e'|b'\x1b,\x1c'|b'\xf1\xe4\x85'|b'\x19X\xcf'|3733|-23792|12635|1
2018-08-27 22:01:59,012 - WARNING : Skipped 19 bytes before start found
2018-08-27 22:02:01,223 - INFO : Data packets received:373
2018-08-27 22:02:01,224 - WARNING : ID:<219> <Unexpected END_BYTE found <0> instead of <192>
2018-08-27 22:02:01,233 - DEBUG : 219|b'\x1b/\xb6'|b'\xeb!\x07'|b'\x19Rg'|b'\x0ez\x04'|b'\x0f\xc9\x9d'|b'\x00\xba\xc7'|b'\x02\xaf\xa4'|b'5k\x00'|27904|0|0|0
2018-08-27 22:02:01,234 - WARNING : Skipped 5 bytes before start found
2018-08-27 22:02:01,311 - INFO : Data packets received:15
2018-08-27 22:02:01,315 - WARNING : ID:<235> <Unexpected END_BYTE found <0> instead of <192>
2018-08-27 22:02:01,316 - DEBUG : 235|b'\x1b"\xd2'|b'\xea\xd9\x10'|b'\x199\xda'|b'\x0eiS'|b'\x0f\xb9V'|b'\x00\xab\xfa'|b'\x02\xa0\x8c'|b'5Z\xc0'|-24413|6946|7144|0
2018-08-27 22:02:01,323 - WARNING : Skipped 30 bytes before start found
2018-08-29 18:39:27,008 - INFO : ---------LOG START-------------
2018-08-29 18:41:23,065 - WARNING : sent <s>: stopped streaming
2018-08-29 18:41:23,066 - WARNING : serial closed
2018-08-29 18:50:42,001 - INFO : ---------LOG START-------------
2018-08-29 18:51:35,047 - INFO : ---------LOG START-------------
2018-08-29 18:51:44,147 - INFO : ---------LOG START-------------
2018-08-29 18:52:14,620 - INFO : ---------LOG START-------------
2018-08-29 18:53:07,818 - WARNING : sent <s>: stopped streaming
2018-08-29 18:53:07,818 - WARNING : serial closed
2018-08-29 18:55:29,465 - INFO : ---------LOG START-------------
2018-08-29 19:00:10,630 - WARNING : sent <s>: stopped streaming
2018-08-29 19:00:10,630 - WARNING : serial closed
2018-08-29 19:20:40,938 - INFO : ---------LOG START-------------
2018-08-29 19:21:03,055 - WARNING : sent <s>: stopped streaming
2018-08-29 19:23:00,236 - INFO : ---------LOG START-------------
2018-08-29 19:27:39,066 - WARNING : sent <s>: stopped streaming
2018-08-29 19:27:41,510 - WARNING : serial closed
2018-08-29 19:42:40,141 - INFO : ---------LOG START-------------
2018-08-29 19:43:39,111 - INFO : ---------LOG START-------------
2018-08-29 19:45:17,456 - INFO : ---------LOG START-------------
2018-08-29 19:50:48,260 - WARNING : sent <s>: stopped streaming
2018-08-29 19:50:48,260 - WARNING : serial closed
2018-09-10 21:54:16,863 - INFO : ---------LOG START-------------
2018-09-10 21:55:06,917 - WARNING : sent <s>: stopped streaming
2018-09-10 21:57:49,719 - INFO : ---------LOG START-------------
2018-09-10 21:58:31,194 - INFO : ---------LOG START-------------
2018-09-13 13:23:30,986 - INFO : ---------LOG START-------------
2018-09-13 13:47:22,789 - INFO : ---------LOG START-------------
2018-09-20 19:18:22,778 - INFO : ---------LOG START-------------
2018-09-20 19:21:35,465 - INFO : ---------LOG START-------------
2018-09-20 19:22:38,460 - INFO : ---------LOG START-------------
2018-09-20 19:23:13,513 - INFO : ---------LOG START-------------
2018-09-20 19:23:52,498 - INFO : ---------LOG START-------------
2018-11-02 22:53:56,727 - INFO : ---------LOG START-------------
2018-11-06 18:40:48,270 - INFO : ---------LOG START-------------
2018-11-06 18:44:12,372 - INFO : ---------LOG START-------------
2018-11-06 18:46:41,886 - INFO : ---------LOG START-------------
2018-11-06 18:47:41,632 - INFO : ---------LOG START-------------
2018-11-06 18:49:13,521 - INFO : ---------LOG START-------------
2018-11-06 19:05:40,232 - INFO : ---------LOG START-------------
2018-11-06 19:07:49,705 - INFO : ---------LOG START-------------
2018-11-06 19:08:32,147 - INFO : ---------LOG START-------------
2018-11-06 19:09:37,271 - INFO : ---------LOG START-------------
2018-11-06 19:10:01,210 - INFO : ---------LOG START-------------
2018-11-12 22:23:20,888 - INFO : ---------LOG START-------------
2018-11-12 23:38:00,075 - INFO : ---------LOG START-------------
2018-11-12 23:38:57,514 - INFO : ---------LOG START-------------
2018-11-12 23:39:58,982 - INFO : ---------LOG START-------------
2018-11-12 23:40:38,150 - INFO : ---------LOG START-------------
2018-11-24 23:18:25,988 - INFO : ---------LOG START-------------
2018-11-24 23:19:35,620 - INFO : ---------LOG START-------------
2018-11-24 23:19:55,173 - INFO : ---------LOG START-------------
2018-11-24 23:22:05,365 - INFO : ---------LOG START-------------
2018-11-24 23:25:15,979 - WARNING : sent <s>: stopped streaming
2018-11-24 23:25:15,979 - WARNING : serial closed
2018-11-24 23:26:10,680 - INFO : ---------LOG START-------------
2018-11-24 23:27:17,348 - WARNING : sent <s>: stopped streaming
2018-11-24 23:27:17,348 - WARNING : serial closed
2018-11-24 23:27:45,102 - INFO : ---------LOG START-------------
2018-11-24 23:30:00,827 - WARNING : sent <s>: stopped streaming
2018-11-24 23:30:00,828 - WARNING : serial closed
2018-11-24 23:30:28,848 - INFO : ---------LOG START-------------
2018-11-24 23:31:32,034 - INFO : ---------LOG START-------------
2018-11-24 23:31:55,196 - INFO : ---------LOG START-------------
2018-11-24 23:32:26,835 - WARNING : sent <s>: stopped streaming
2018-11-24 23:32:26,835 - WARNING : serial closed
2018-11-24 23:40:13,562 - INFO : ---------LOG START-------------
2018-11-24 23:54:18,529 - WARNING : sent <s>: stopped streaming
2018-11-24 23:54:18,530 - WARNING : serial closed
2018-11-24 23:56:20,831 - INFO : ---------LOG START-------------
